Microchip MPLAB XC8 Compiler V1.34 ()

Linker command line:

-W-3 --edf=C:\Program Files (x86)\Microchip\xc8\v1.34\dat\en_msgs.txt -cs \
  -h+dist/default/production\Lab_11.X.production.sym \
  --cmf=dist/default/production\Lab_11.X.production.cmf -z -Q18F4620 \
  -oC:\Users\Jay\AppData\Local\Temp\sfs8.6 \
  -Mdist/default/production/Lab_11.X.production.map -E1 -ver=XC8 \
  -ASTACK=012Ch-0f7fh -pstack=STACK -ACODE=00h-0FFFFh -ACONST=00h-0FFFFh \
  -ASMALLCONST=01000h-010FFhx240 -AMEDIUMCONST=01000h-0FFFFh \
  -ACOMRAM=01h-07Fh -AABS1=00h-0F7Fh -ABIGRAM=01h-0F7Fh \
  -ARAM=080h-0FFh,0100h-01FFhx14,0F00h-0F7Fh -ABANK0=080h-0FFh \
  -ABANK1=0100h-01FFh -ABANK2=0200h-02FFh -ABANK3=0300h-03FFh \
  -ABANK4=0400h-04FFh -ABANK5=0500h-05FFh -ABANK6=0600h-06FFh \
  -ABANK7=0700h-07FFh -ABANK8=0800h-08FFh -ABANK9=0900h-09FFh \
  -ABANK10=0A00h-0AFFh -ABANK11=0B00h-0BFFh -ABANK12=0C00h-0CFFh \
  -ABANK13=0D00h-0DFFh -ABANK14=0E00h-0EFFh -ABANK15=0F00h-0F7Fh \
  -ASFR=0F80h-0FFFh \
  -preset_vec=00h,intcode=08h,intcodelo,powerup,init,end_init \
  -pramtop=01000h -psmallconst=SMALLCONST -pmediumconst=MEDIUMCONST \
  -pconst=CONST -AFARRAM=00h-00h -ACONFIG=0300000h-030000Dh -pconfig=CONFIG \
  -AIDLOC=0200000h-0200007h -pidloc=IDLOC -AEEDATA=0F00000h-0F003FFh \
  -peeprom_data=EEDATA \
  -prdata=COMRAM,nvrram=COMRAM,nvbit=COMRAM,rbss=COMRAM,rbit=COMRAM \
  -pfarbss=FARRAM,fardata=FARRAM,nvFARRAM=FARRAM \
  -pintsave_regs=BIGRAM,bigbss=BIGRAM,bigdata=BIGRAM -pbss=RAM \
  -pidata=CODE,irdata=CODE,ibigdata=CODE,ifardata=CODE -prparam=COMRAM \
  C:\Users\Jay\AppData\Local\Temp\sfs8.obj \
  dist/default/production\Lab_11.X.production.obj 

Object code version is 3.11

Machine type is 18F4620

Call graph: (short form)




                Name                               Link     Load   Length Selector   Space Scale
C:\Users\Jay\AppData\Local\Temp\sfs8.obj
                end_init                             18       18        4        4       0
                reset_vec                             0        0        4        0       0
                idloc                            200000   200000        8   200000       0
                config                           300000   300000        E   300000       0
dist/default/production\Lab_11.X.production.obj
                intcode                               8        8       10        4       0
                mediumconst                        FD28     FD28      2D8     7E94       0
                text74                             2466     2466        8     1227       0
                text73                              D56      D56      16C        4       0
                text72                             2410     2410        C     1149       0
                intcode_body                       1A76     1A76       7C        4       0
                text70                             2404     2404        C     1149       0
                text69                             245E     245E        8     1227       0
                text68                             2456     2456        8     1227       0
                text67                             243A     243A        A     1149       0
                text66                             2320     2320       16     1149       0
                text65                             23A6     23A6       12     1149       0
                text64                             2430     2430        A     1149       0
                text63                             1F58     1F58       48      DB3       0
                text62                             2394     2394       12     1149       0
                text61                             2382     2382       12     1149       0
                text60                             205A     205A       3E      DB3       0
                text59                             2098     2098       3C      DB3       0
                text58                             1D12     1D12       64      DB3       0
                text57                             1CAC     1CAC       66      DB3       0
                text56                             2370     2370       12     1149       0
                text55                             244E     244E        8     1227       0
                text54                             222A     222A       24      DB3       0
                text53                             23F6     23F6        E     1149       0
                text52                             16CC     16CC       C6        4       0
                text51                             150E     150E       E2        4       0
                text50                             123E     123E       F8        4       0
                text49                             1428     1428       E6        4       0
                text48                             21E0     21E0       26      DB3       0
                text47                             1792     1792       C2        4       0
                text46                             2206     2206       24      DB3       0
                text45                             2306     2306       1A     1149       0
                text44                             2292     2292       20     1149       0
                text43                             22B2     22B2       1E     1149       0
                text42                             2426     2426        A     1149       0
                text41                             2106     2106       32      DB3       0
                text40                             1BD6     1BD6       70      DB3       0
                text39                             234A     234A       14     1149       0
                text38                             1E24     1E24       50      DB3       0
                text37                             21BA     21BA       26      DB3       0
                text36                             2192     2192       28      DB3       0
                text35                             1DD2     1DD2       52      DB3       0
                text34                             235E     235E       12     1149       0
                text33                             2336     2336       14     1149       0
                text32                             23D8     23D8       10     1149       0
                text31                             23C8     23C8       10     1149       0
                text30                             112E     112E      110        4       0
                text29                             201C     201C       3E      DB3       0
                text28                             1336     1336       F2        4       0
                text27                             2168     2168       2A      DB3       0
                text26                             1E74     1E74       4E      DB3       0
                text25                             2138     2138       30      DB3       0
                text24                              BA8      BA8      1AE        4       0
                text23                             18EA     18EA       88        4       0
                text22                             1F0E     1F0E       4A      DB3       0
                text21                              EC2      EC2      156        4       0
                text20                             1FDE     1FDE       3E      DB3       0
                text19                             1018     1018      116        4       0
                text18                             15F0     15F0       DC        4       0
                text17                             22D0     22D0       1C     1149       0
                text16                             20D4     20D4       32      DB3       0
                text15                              736      736      26A        4       0
                text14                             1854     1854       96        4       0
                text13                             1C46     1C46       66      DB3       0
                text12                             1B66     1B66       70      DB3       0
                text11                             241C     241C        A     1149       0
                text10                             23B8     23B8       10     1149       0
                text9                              22EC     22EC       1A     1149       0
                text8                              19F4     19F4       82        4       0
                text7                                1C       1C      3C0        4       0
                text6                              1FA0     1FA0       3E      DB3       0
                text5                              1D76     1D76       5C      DB3       0
                text4                              1EC2     1EC2       4C      DB3       0
                text3                              224E     224E       22      DB3       0
                text2                              23E8     23E8        E     1149       0
                text1                               3DC      3DC      35A        4       0
                text0                               9A0      9A0      208        4       0
                cstackCOMRAM                          1        1       41        1       1
                cstackBANK0                          FB       FB        4       80       1
                cstackBANK1                         121      121        B      100       1
                dataBANK1                           100      100       21      100       1
                dataBANK0                            80       80       73       80       1
                bssBANK0                             F3       F3        8       80       1
                dataCOMRAM                           67       67        9        1       1
                bssCOMRAM                            42       42       25        1       1
                cinit                              1972     1972       82        4       0
                idataBANK1                         2270     2270       21      DB3       0
                idataBANK0                         1AF2     1AF2       73        4       0
                idataCOMRAM                        2444     2444        9     1149       0

TOTAL           Name                               Link     Load   Length     Space
        CLASS   STACK          

        CLASS   CODE           
                end_init                             18       18        4         0
                intcode                               8        8       10         0
                reset_vec                             0        0        4         0
                text74                             2466     2466        8         0
                text73                              D56      D56      16C         0
                text72                             2410     2410        C         0
                intcode_body                       1A76     1A76       7C         0
                text70                             2404     2404        C         0
                text69                             245E     245E        8         0
                text68                             2456     2456        8         0
                text67                             243A     243A        A         0
                text66                             2320     2320       16         0
                text65                             23A6     23A6       12         0
                text64                             2430     2430        A         0
                text63                             1F58     1F58       48         0
                text62                             2394     2394       12         0
                text61                             2382     2382       12         0
                text60                             205A     205A       3E         0
                text59                             2098     2098       3C         0
                text58                             1D12     1D12       64         0
                text57                             1CAC     1CAC       66         0
                text56                             2370     2370       12         0
                text55                             244E     244E        8         0
                text54                             222A     222A       24         0
                text53                             23F6     23F6        E         0
                text52                             16CC     16CC       C6         0
                text51                             150E     150E       E2         0
                text50                             123E     123E       F8         0
                text49                             1428     1428       E6         0
                text48                             21E0     21E0       26         0
                text47                             1792     1792       C2         0
                text46                             2206     2206       24         0
                text45                             2306     2306       1A         0
                text44                             2292     2292       20         0
                text43                             22B2     22B2       1E         0
                text42                             2426     2426        A         0
                text41                             2106     2106       32         0
                text40                             1BD6     1BD6       70         0
                text39                             234A     234A       14         0
                text38                             1E24     1E24       50         0
                text37                             21BA     21BA       26         0
                text36                             2192     2192       28         0
                text35                             1DD2     1DD2       52         0
                text34                             235E     235E       12         0
                text33                             2336     2336       14         0
                text32                             23D8     23D8       10         0
                text31                             23C8     23C8       10         0
                text30                             112E     112E      110         0
                text29                             201C     201C       3E         0
                text28                             1336     1336       F2         0
                text27                             2168     2168       2A         0
                text26                             1E74     1E74       4E         0
                text25                             2138     2138       30         0
                text24                              BA8      BA8      1AE         0
                text23                             18EA     18EA       88         0
                text22                             1F0E     1F0E       4A         0
                text21                              EC2      EC2      156         0
                text20                             1FDE     1FDE       3E         0
                text19                             1018     1018      116         0
                text18                             15F0     15F0       DC         0
                text17                             22D0     22D0       1C         0
                text16                             20D4     20D4       32         0
                text15                              736      736      26A         0
                text14                             1854     1854       96         0
                text13                             1C46     1C46       66         0
                text12                             1B66     1B66       70         0
                text11                             241C     241C        A         0
                text10                             23B8     23B8       10         0
                text9                              22EC     22EC       1A         0
                text8                              19F4     19F4       82         0
                text7                                1C       1C      3C0         0
                text6                              1FA0     1FA0       3E         0
                text5                              1D76     1D76       5C         0
                text4                              1EC2     1EC2       4C         0
                text3                              224E     224E       22         0
                text2                              23E8     23E8        E         0
                text1                               3DC      3DC      35A         0
                text0                               9A0      9A0      208         0
                cinit                              1972     1972       82         0
                idataBANK1                         2270     2270       21         0
                idataBANK0                         1AF2     1AF2       73         0
                idataCOMRAM                        2444     2444        9         0

        CLASS   CONST          

        CLASS   SMALLCONST     

        CLASS   MEDIUMCONST    
                mediumconst                        FD28     FD28      2D8         0

        CLASS   COMRAM         
                cstackCOMRAM                          1        1       41         1
                dataCOMRAM                           67       67        9         1
                bssCOMRAM                            42       42       25         1

        CLASS   ABS1           

        CLASS   BIGRAM         

        CLASS   RAM            

        CLASS   BANK0          
                cstackBANK0                          FB       FB        4         1
                dataBANK0                            80       80       73         1
                bssBANK0                             F3       F3        8         1

        CLASS   BANK1          
                cstackBANK1                         121      121        B         1
                dataBANK1                           100      100       21         1

        CLASS   BANK2          

        CLASS   BANK3          

        CLASS   BANK4          

        CLASS   BANK5          

        CLASS   BANK6          

        CLASS   BANK7          

        CLASS   BANK8          

        CLASS   BANK9          

        CLASS   BANK10         

        CLASS   BANK11         

        CLASS   BANK12         

        CLASS   BANK13         

        CLASS   BANK14         

        CLASS   BANK15         

        CLASS   SFR            

        CLASS   FARRAM         

        CLASS   CONFIG         
                config                           300000   300000        E         0

        CLASS   IDLOC          
                idloc                            200000   200000        8         0

        CLASS   EEDATA         



SEGMENTS        Name                           Load    Length   Top    Selector   Space  Class

                reset_vec                      000000  000004  000004         0       0  CODE    
                cstackCOMRAM                   000001  00006F  000070         1       1  COMRAM  
                intcode                        000008  001B5D  001B65         4       0  CODE    
                dataBANK0                      000080  00007F  0000FF        80       1  BANK0   
                dataBANK1                      000100  00002C  00012C       100       1  BANK1   
                text12                         001B66  00072B  002291       DB3       0  CODE    
                text44                         002292  0001BB  00244D      1149       0  CODE    
                text55                         00244E  000020  00246E      1227       0  CODE    
                mediumconst                    00FD28  0002D8  010000      7E94       0  MEDIUMCO
                idloc                          200000  000008  200008    200000       0  IDLOC   
                config                         300000  00000E  30000E    300000       0  CONFIG  


UNUSED ADDRESS RANGES

        Name                Unused          Largest block    Delta
        BANK0            0000FF-0000FF                1
        BANK1            00012C-0001FF               D4
        BANK10           000A00-000AFF              100
        BANK11           000B00-000BFF              100
        BANK12           000C00-000CFF              100
        BANK13           000D00-000DFF              100
        BANK14           000E00-000EFF              100
        BANK15           000F00-000F7F               80
        BANK2            000200-0002FF              100
        BANK3            000300-0003FF              100
        BANK4            000400-0004FF              100
        BANK5            000500-0005FF              100
        BANK6            000600-0006FF              100
        BANK7            000700-0007FF              100
        BANK8            000800-0008FF              100
        BANK9            000900-0009FF              100
        BIGRAM           000070-00007F               10
                         0000FF-0000FF                1
                         00012C-000F7F              E54
        CODE             000004-000007                4
                         001B65-001B65                1
                         002291-002291                1
                         00244D-00244D                1
                         00246E-00FD27             D8BA
        COMRAM           000070-00007F               10
        CONST            000004-000007                4
                         001B65-001B65                1
                         002291-002291                1
                         00244D-00244D                1
                         00246E-00FD27             D8BA
        EEDATA           F00000-F003FF              400
        MEDIUMCONST      001B65-001B65                1
                         002291-002291                1
                         00244D-00244D                1
                         00246E-00FD27             D8BA
        RAM              0000FF-0000FF                1
                         00012C-000F7F              100
        SFR              000F80-000FFF               80
        SMALLCONST       001B65-001B65                1
                         002291-002291                1
                         00244D-00244D                1
                         00246E-00FD27              100
        STACK            00012C-000F7F              E54

                                  Symbol Table

?_DS1621_Read_Temp                 cstackCOMRAM 000014
?___awdiv                          cstackCOMRAM 000017
?___awmod                          cstackCOMRAM 00001F
?___ftdiv                          cstackCOMRAM 00002C
?___ftmul                          cstackCOMRAM 00001D
?___ftpack                         cstackCOMRAM 000011
?___fttol                          cstackCOMRAM 000011
?___lbtoft                         cstackCOMRAM 000019
?___lwdiv                          cstackCOMRAM 000011
?___lwmod                          cstackCOMRAM 000018
?___wmul                           cstackCOMRAM 000011
?_get_RPM                          cstackCOMRAM 00001F
?_printf                           cstackCOMRAM 00001D
?_strlen                           cstackCOMRAM 000011
DS1621_Init@Device                 cstackCOMRAM 000016
DS1621_Read_Temp@Cmd               cstackCOMRAM 000016
DS1621_Read_Temp@Data_Ret          cstackCOMRAM 000017
DS1621_Read_Temp@Device            cstackCOMRAM 000018
DS3231_Read_Time@Address           cstackCOMRAM 000014
DS3231_Read_Time@Device            cstackCOMRAM 000015
DS3231_Setup_Time@Address          cstackCOMRAM 000014
DS3231_Setup_Time@Device           cstackCOMRAM 000013
I2C_Init@c                         cstackCOMRAM 000011
I2C_Read@ack                       cstackCOMRAM 000011
I2C_Read@inByte                    cstackCOMRAM 000013
I2C_Read@n                         cstackCOMRAM 000012
I2C_Write@n                        cstackCOMRAM 000012
I2C_Write@outByte                  cstackCOMRAM 000011
I2C_Write_Cmd_Only@Cmd             cstackCOMRAM 000013
I2C_Write_Cmd_Only@Device          cstackCOMRAM 000014
I2C_Write_Cmd_Write_Data@Cmd       cstackCOMRAM 000013
I2C_Write_Cmd_Write_Data@Data_Out  cstackCOMRAM 000014
I2C_Write_Cmd_Write_Data@Device    cstackCOMRAM 000015
OpenUSART@config                   cstackCOMRAM 000013
OpenUSART@spbrg                    cstackCOMRAM 000011
Set_DC_RGB@duty_cycle              cstackCOMRAM 00001F
Set_DC_RGB@index                   cstackCOMRAM 000021
Set_RPM_RGB@rpm                    cstackCOMRAM 000011
Update_Screen@neg_tempF            cstackBANK1  000128
Wait_Half_Second@i                 cstackCOMRAM 000011
_ADCON1                            (abs)        000FC1
_ALARMEN                           bssBANK0     0000F7
_Activate_Buzzer                   text56       002370
_Alarm_SW_Txt                      dataBANK0    0000C6
_CCP1CON                           (abs)        000FBD
_CCP2CON                           (abs)        000FBA
_CCPR1L                            (abs)        000FBE
_CCPR2L                            (abs)        000FBB
_DC_Txt                            dataBANK0    0000E3
_DS1621_Init                       text43       0022B2
_DS1621_Read_Temp                  text59       002098
_DS1621_tempC                      bssCOMRAM    000042
_DS1621_tempF                      bssCOMRAM    000044
_DS3231_Read_Time                  text58       001D12
_DS3231_Setup_Time                 text57       001CAC
_Deactivate_Buzzer                 text55       00244E
_Decrease_Speed                    text46       002206
_Do_Beep                           text53       0023F6
_Do_Init                           text38       001E24
_FAN                               bssCOMRAM    000050
_Fan_SW_Txt                        dataBANK0    0000E7
_I2C_Init                          text42       002426
_I2C_ReStart                       text66       002320
_I2C_Read                          text63       001F58
_I2C_Start                         text62       002394
_I2C_Stop                          text61       002382
_I2C_Write                         text60       00205A
_I2C_Write_Cmd_Only                text45       002306
_I2C_Write_Cmd_Write_Data          text44       002292
_INT0_isr                          text73       000D56
_INTCON2bits                       (abs)        000FF1
_INTCONbits                        (abs)        000FF2
_Increase_Speed                    text37       0021BA
_Initialize_Screen                 text15       000736
_LCD_Reset                         text34       00235E
_Nec_code                          bssBANK0     0000F3
_Nec_code1                         bssCOMRAM    000051
_Nec_state                         bssCOMRAM    000052
_OSCCON                            (abs)        000FD3
_OpenUSART                         text40       001BD6
_PIE1bits                          (abs)        000F9D
_PIR1bits                          (abs)        000F9E
_PORTA                             (abs)        000F80
_PORTBbits                         (abs)        000F81
_PORTCbits                         (abs)        000F82
_PORTDbits                         (abs)        000F83
_PORTEbits                         (abs)        000F84
_PR2                               (abs)        000FCB
_RBPU                              (abs)        007F8F
_RCSTA                             (abs)        000FAB
_RCSTAbits                         (abs)        000FAB
_RPM_Txt                           dataBANK0    0000DE
_RTC_ALARM_Txt                     dataBANK0    0000CA
_Rcmd1                             text30       00112E
_Rcmd2red                          text29       00201C
_Rcmd3                             text28       001336
_SPBRG                             (abs)        000FAF
_SPBRGH                            (abs)        000FB0
_SSPBUF                            (abs)        000FC9
_SSPCON1                           (abs)        000FC6
_SSPSTAT                           (abs)        000FC7
_SSPSTATbits                       (abs)        000FC7
_Set_DC_RGB                        text13       001C46
_Set_DC_RGB$405                    cstackCOMRAM 000022
_Set_RPM_RGB                       text12       001B66
_T0CON                             (abs)        000FD5
_T0CONbits                         (abs)        000FD5
_T1CON                             (abs)        000FCD
_T1CONbits                         (abs)        000FCD
_T2CON                             (abs)        000FCA
_T3CON                             (abs)        000FB1
_TFT_GreenTab_Initialize           text27       002168
_TIMER1_isr                        text72       002410
_TMR0H                             (abs)        000FD7
_TMR0L                             (abs)        000FD6
_TMR1H                             (abs)        000FCF
_TMR1L                             (abs)        000FCE
_TMR3L                             (abs)        000FB2
_TRISA                             (abs)        000F92
_TRISB                             (abs)        000F93
_TRISC                             (abs)        000F94
_TRISCbits                         (abs)        000F94
_TRISD                             (abs)        000F95
_TRISDbits                         (abs)        000F95
_TRISE                             (abs)        000F96
_TRMT                              (abs)        007D61
_TXREG                             (abs)        000FAD
_TXSTA                             (abs)        000FAC
_TXSTAbits                         (abs)        000FAC
_Time_Elapsed                      bssCOMRAM    000046
_Toggle_Fan                        text9        0022EC
_Turn_Off_Fan                      text11       00241C
_Turn_On_Fan                       text10       0023B8
_Update_Screen                     text7        00001C
_Wait_Half_Second                  text54       00222A
__CFG_BOREN$OFF                    (abs)        000000
__CFG_CCP2MX$PORTBE                (abs)        000000
__CFG_LVP$OFF                      (abs)        000000
__CFG_OSC$INTIO67                  (abs)        000000
__CFG_WDT$OFF                      (abs)        000000
__HRAM                             (abs)        000000
__Habs1                            abs1         000000
__Hbank0                           bank0        000000
__Hbank1                           bank1        000000
__Hbank10                          bank10       000000
__Hbank11                          bank11       000000
__Hbank12                          bank12       000000
__Hbank13                          bank13       000000
__Hbank14                          bank14       000000
__Hbank15                          bank15       000000
__Hbank2                           bank2        000000
__Hbank3                           bank3        000000
__Hbank4                           bank4        000000
__Hbank5                           bank5        000000
__Hbank6                           bank6        000000
__Hbank7                           bank7        000000
__Hbank8                           bank8        000000
__Hbank9                           bank9        000000
__Hbigbss                          bigbss       000000
__Hbigdata                         bigdata      000000
__Hbigram                          bigram       000000
__Hbss                             bss          000000
__HbssBANK0                        bssBANK0     000000
__HbssCOMRAM                       bssCOMRAM    000000
__Hcinit                           cinit        000000
__Hclrtext                         clrtext      000000
__Hcomram                          comram       000000
__Hconfig                          config       30000E
__Hconst                           const        000000
__HcstackBANK0                     cstackBANK0  000000
__HcstackBANK1                     cstackBANK1  000000
__HcstackCOMRAM                    cstackCOMRAM 000000
__Hdata                            data         000000
__HdataBANK0                       dataBANK0    000000
__HdataBANK1                       dataBANK1    000000
__HdataCOMRAM                      dataCOMRAM   000000
__Heeprom_data                     eeprom_data  000000
__Hend_init                        end_init     00001C
__Hfarbss                          farbss       000000
__Hfardata                         fardata      000000
__Hibigdata                        ibigdata     000000
__Hidata                           idata        000000
__HidataBANK0                      idataBANK0   000000
__HidataBANK1                      idataBANK1   000000
__HidataCOMRAM                     idataCOMRAM  000000
__Hidloc                           idloc        200008
__Hifardata                        ifardata     000000
__Hinit                            init         000018
__Hintcode                         intcode      000018
__Hintcode_body                    intcode_body 000000
__Hintcodelo                       intcodelo    000018
__Hintentry                        intentry     000000
__Hintret                          intret       000000
__Hintsave_regs                    intsave_regs 000000
__Hirdata                          irdata       000000
__Hmediumconst                     mediumconst  010000
__HnvFARRAM                        nvFARRAM     000000
__Hnvbit                           nvbit        000000
__Hnvrram                          nvrram       000000
__Hparam                           rparam       000000
__Hpowerup                         powerup      000018
__Hram                             ram          000000
__Hramtop                          ramtop       001000
__Hrbit                            rbit         000000
__Hrbss                            rbss         000000
__Hrdata                           rdata        000000
__Hreset_vec                       reset_vec    000004
__Hrparam                          rparam       000000
__Hsfr                             sfr          000000
__Hsmallconst                      smallconst   000000
__Hspace_0                         (abs)        30000E
__Hspace_1                         (abs)        00012C
__Hspace_2                         (abs)        000000
__Hstack                           stack        000000
__Hstruct                          struct       000000
__Htemp                            temp         000000
__Htext                            text         000000
__Htext0                           text0        000000
__Htext1                           text1        000000
__Htext10                          text10       000000
__Htext11                          text11       000000
__Htext12                          text12       000000
__Htext13                          text13       000000
__Htext14                          text14       000000
__Htext15                          text15       000000
__Htext16                          text16       000000
__Htext17                          text17       000000
__Htext18                          text18       000000
__Htext19                          text19       000000
__Htext2                           text2        000000
__Htext20                          text20       000000
__Htext21                          text21       000000
__Htext22                          text22       000000
__Htext23                          text23       000000
__Htext24                          text24       000000
__Htext25                          text25       000000
__Htext26                          text26       000000
__Htext27                          text27       000000
__Htext28                          text28       000000
__Htext29                          text29       000000
__Htext3                           text3        000000
__Htext30                          text30       000000
__Htext31                          text31       000000
__Htext32                          text32       000000
__Htext33                          text33       000000
__Htext34                          text34       000000
__Htext35                          text35       000000
__Htext36                          text36       000000
__Htext37                          text37       000000
__Htext38                          text38       000000
__Htext39                          text39       000000
__Htext4                           text4        000000
__Htext40                          text40       000000
__Htext41                          text41       000000
__Htext42                          text42       000000
__Htext43                          text43       000000
__Htext44                          text44       000000
__Htext45                          text45       000000
__Htext46                          text46       000000
__Htext47                          text47       000000
__Htext48                          text48       000000
__Htext49                          text49       000000
__Htext5                           text5        000000
__Htext50                          text50       000000
__Htext51                          text51       000000
__Htext52                          text52       000000
__Htext53                          text53       000000
__Htext54                          text54       000000
__Htext55                          text55       000000
__Htext56                          text56       000000
__Htext57                          text57       000000
__Htext58                          text58       000000
__Htext59                          text59       000000
__Htext6                           text6        000000
__Htext60                          text60       000000
__Htext61                          text61       000000
__Htext62                          text62       000000
__Htext63                          text63       000000
__Htext64                          text64       000000
__Htext65                          text65       000000
__Htext66                          text66       000000
__Htext67                          text67       000000
__Htext68                          text68       000000
__Htext69                          text69       000000
__Htext7                           text7        000000
__Htext70                          text70       000000
__Htext72                          text72       000000
__Htext73                          text73       000000
__Htext74                          text74       000000
__Htext8                           text8        000000
__Htext9                           text9        000000
__LRAM                             (abs)        000001
__Labs1                            abs1         000000
__Lbank0                           bank0        000000
__Lbank1                           bank1        000000
__Lbank10                          bank10       000000
__Lbank11                          bank11       000000
__Lbank12                          bank12       000000
__Lbank13                          bank13       000000
__Lbank14                          bank14       000000
__Lbank15                          bank15       000000
__Lbank2                           bank2        000000
__Lbank3                           bank3        000000
__Lbank4                           bank4        000000
__Lbank5                           bank5        000000
__Lbank6                           bank6        000000
__Lbank7                           bank7        000000
__Lbank8                           bank8        000000
__Lbank9                           bank9        000000
__Lbigbss                          bigbss       000000
__Lbigdata                         bigdata      000000
__Lbigram                          bigram       000000
__Lbss                             bss          000000
__LbssBANK0                        bssBANK0     000000
__LbssCOMRAM                       bssCOMRAM    000000
__Lcinit                           cinit        000000
__Lclrtext                         clrtext      000000
__Lcomram                          comram       000000
__Lconfig                          config       300000
__Lconst                           const        000000
__LcstackBANK0                     cstackBANK0  000000
__LcstackBANK1                     cstackBANK1  000000
__LcstackCOMRAM                    cstackCOMRAM 000000
__Ldata                            data         000000
__LdataBANK0                       dataBANK0    000000
__LdataBANK1                       dataBANK1    000000
__LdataCOMRAM                      dataCOMRAM   000000
__Leeprom_data                     eeprom_data  000000
__Lend_init                        end_init     000018
__Lfarbss                          farbss       000000
__Lfardata                         fardata      000000
__Libigdata                        ibigdata     000000
__Lidata                           idata        000000
__LidataBANK0                      idataBANK0   000000
__LidataBANK1                      idataBANK1   000000
__LidataCOMRAM                     idataCOMRAM  000000
__Lidloc                           idloc        200000
__Lifardata                        ifardata     000000
__Linit                            init         000018
__Lintcode                         intcode      000008
__Lintcode_body                    intcode_body 000000
__Lintcodelo                       intcodelo    000018
__Lintentry                        intentry     000000
__Lintret                          intret       000000
__Lintsave_regs                    intsave_regs 000000
__Lirdata                          irdata       000000
__Lmediumconst                     mediumconst  00FD28
__LnvFARRAM                        nvFARRAM     000000
__Lnvbit                           nvbit        000000
__Lnvrram                          nvrram       000000
__Lparam                           rparam       000000
__Lpowerup                         powerup      000018
__Lram                             ram          000000
__Lramtop                          ramtop       001000
__Lrbit                            rbit         000000
__Lrbss                            rbss         000000
__Lrdata                           rdata        000000
__Lreset_vec                       reset_vec    000000
__Lrparam                          rparam       000000
__Lsfr                             sfr          000000
__Lsmallconst                      smallconst   000000
__Lspace_0                         (abs)        000000
__Lspace_1                         (abs)        000000
__Lspace_2                         (abs)        000000
__Lstack                           stack        000000
__Lstruct                          struct       000000
__Ltemp                            temp         000000
__Ltext                            text         000000
__Ltext0                           text0        000000
__Ltext1                           text1        000000
__Ltext10                          text10       000000
__Ltext11                          text11       000000
__Ltext12                          text12       000000
__Ltext13                          text13       000000
__Ltext14                          text14       000000
__Ltext15                          text15       000000
__Ltext16                          text16       000000
__Ltext17                          text17       000000
__Ltext18                          text18       000000
__Ltext19                          text19       000000
__Ltext2                           text2        000000
__Ltext20                          text20       000000
__Ltext21                          text21       000000
__Ltext22                          text22       000000
__Ltext23                          text23       000000
__Ltext24                          text24       000000
__Ltext25                          text25       000000
__Ltext26                          text26       000000
__Ltext27                          text27       000000
__Ltext28                          text28       000000
__Ltext29                          text29       000000
__Ltext3                           text3        000000
__Ltext30                          text30       000000
__Ltext31                          text31       000000
__Ltext32                          text32       000000
__Ltext33                          text33       000000
__Ltext34                          text34       000000
__Ltext35                          text35       000000
__Ltext36                          text36       000000
__Ltext37                          text37       000000
__Ltext38                          text38       000000
__Ltext39                          text39       000000
__Ltext4                           text4        000000
__Ltext40                          text40       000000
__Ltext41                          text41       000000
__Ltext42                          text42       000000
__Ltext43                          text43       000000
__Ltext44                          text44       000000
__Ltext45                          text45       000000
__Ltext46                          text46       000000
__Ltext47                          text47       000000
__Ltext48                          text48       000000
__Ltext49                          text49       000000
__Ltext5                           text5        000000
__Ltext50                          text50       000000
__Ltext51                          text51       000000
__Ltext52                          text52       000000
__Ltext53                          text53       000000
__Ltext54                          text54       000000
__Ltext55                          text55       000000
__Ltext56                          text56       000000
__Ltext57                          text57       000000
__Ltext58                          text58       000000
__Ltext59                          text59       000000
__Ltext6                           text6        000000
__Ltext60                          text60       000000
__Ltext61                          text61       000000
__Ltext62                          text62       000000
__Ltext63                          text63       000000
__Ltext64                          text64       000000
__Ltext65                          text65       000000
__Ltext66                          text66       000000
__Ltext67                          text67       000000
__Ltext68                          text68       000000
__Ltext69                          text69       000000
__Ltext7                           text7        000000
__Ltext70                          text70       000000
__Ltext72                          text72       000000
__Ltext73                          text73       000000
__Ltext74                          text74       000000
__Ltext8                           text8        000000
__Ltext9                           text9        000000
__S0                               (abs)        30000E
__S1                               (abs)        00012C
__S2                               (abs)        000000
___awdiv                           text14       001854
___awdiv@counter                   cstackCOMRAM 00001B
___awdiv@dividend                  cstackCOMRAM 000017
___awdiv@divisor                   cstackCOMRAM 000019
___awdiv@quotient                  cstackCOMRAM 00001D
___awdiv@sign                      cstackCOMRAM 00001C
___awmod                           text8        0019F4
___awmod@counter                   cstackCOMRAM 000023
___awmod@dividend                  cstackCOMRAM 00001F
___awmod@divisor                   cstackCOMRAM 000021
___awmod@sign                      cstackCOMRAM 000024
___ftdiv                           text51       00150E
___ftdiv@cntr                      cstackCOMRAM 000035
___ftdiv@exp                       cstackCOMRAM 000039
___ftdiv@f1                        cstackCOMRAM 00002C
___ftdiv@f2                        cstackCOMRAM 00002F
___ftdiv@f3                        cstackCOMRAM 000036
___ftdiv@sign                      cstackCOMRAM 00003A
___ftmul                           text50       00123E
___ftmul@cntr                      cstackCOMRAM 00002A
___ftmul@exp                       cstackCOMRAM 000026
___ftmul@f1                        cstackCOMRAM 00001D
___ftmul@f2                        cstackCOMRAM 000020
___ftmul@f3_as_product             cstackCOMRAM 000027
___ftmul@sign                      cstackCOMRAM 00002B
___ftpack                          text52       0016CC
___ftpack@arg                      cstackCOMRAM 000011
___ftpack@exp                      cstackCOMRAM 000014
___ftpack@sign                     cstackCOMRAM 000015
___fttol                           text49       001428
___fttol@exp1                      cstackCOMRAM 00001F
___fttol@f1                        cstackCOMRAM 000011
___fttol@lval                      cstackCOMRAM 00001B
___fttol@sign1                     cstackCOMRAM 00001A
___inthi_sp                        stack        000000
___intlo_sp                        stack        000000
___lbtoft                          text48       0021E0
___lbtoft@c                        cstackCOMRAM 00001C
___lwdiv                           text5        001D76
___lwdiv@counter                   cstackCOMRAM 000015
___lwdiv@dividend                  cstackCOMRAM 000011
___lwdiv@divisor                   cstackCOMRAM 000013
___lwdiv@quotient                  cstackCOMRAM 000016
___lwmod                           text4        001EC2
___lwmod@counter                   cstackCOMRAM 00001C
___lwmod@dividend                  cstackCOMRAM 000018
___lwmod@divisor                   cstackCOMRAM 00001A
___param_bank                      (abs)        000010
___rparam_used                     (abs)        000001
___sp                              stack        000000
___wmul                            text36       002192
___wmul@multiplicand               cstackCOMRAM 000013
___wmul@multiplier                 cstackCOMRAM 000011
___wmul@product                    cstackCOMRAM 000015
__accesstop                        (abs)        000080
__activetblptr                     (abs)        000002
__end_of_Activate_Buzzer           text56       002382
__end_of_DS1621_Init               text43       0022D0
__end_of_DS1621_Read_Temp          text59       0020D4
__end_of_DS3231_Read_Time          text58       001D76
__end_of_DS3231_Setup_Time         text57       001D12
__end_of_Deactivate_Buzzer         text55       002456
__end_of_Decrease_Speed            text46       00222A
__end_of_Do_Beep                   text53       002404
__end_of_Do_Init                   text38       001E74
__end_of_I2C_Init                  text42       002430
__end_of_I2C_ReStart               text66       002336
__end_of_I2C_Read                  text63       001FA0
__end_of_I2C_Start                 text62       0023A6
__end_of_I2C_Stop                  text61       002394
__end_of_I2C_Write                 text60       002098
__end_of_I2C_Write_Cmd_Only        text45       002320
__end_of_I2C_Write_Cmd_Write_Data  text44       0022B2
__end_of_INT0_isr                  text73       000EC2
__end_of_Increase_Speed            text37       0021E0
__end_of_Initialize_Screen         text15       0009A0
__end_of_LCD_Reset                 text34       002370
__end_of_OpenUSART                 text40       001C46
__end_of_Rcmd1                     text30       00123E
__end_of_Rcmd2red                  text29       00205A
__end_of_Rcmd3                     text28       001428
__end_of_Set_DC_RGB                text13       001CAC
__end_of_Set_RPM_RGB               text12       001BD6
__end_of_TFT_GreenTab_Initialize   text27       002192
__end_of_TIMER1_isr                text72       00241C
__end_of_Toggle_Fan                text9        002306
__end_of_Turn_Off_Fan              text11       002426
__end_of_Turn_On_Fan               text10       0023C8
__end_of_Update_Screen             text7        0003DC
__end_of_Wait_Half_Second          text54       00224E
__end_of___awdiv                   text14       0018EA
__end_of___awmod                   text8        001A76
__end_of___ftdiv                   text51       0015F0
__end_of___ftmul                   text50       001336
__end_of___ftpack                  text52       001792
__end_of___fttol                   text49       00150E
__end_of___lbtoft                  text48       002206
__end_of___lwdiv                   text5        001DD2
__end_of___lwmod                   text4        001F0E
__end_of___wmul                    text36       0021BA
__end_of__initialization           cinit        0019EA
__end_of_chkisr                    intcode_body 001AF2
__end_of_delay_ms                  text35       001E24
__end_of_do_update_pwm             text47       001854
__end_of_dpowers                   mediumconst  00FF0E
__end_of_drawChar                  text21       001018
__end_of_drawCircle                text24       000D56
__end_of_drawFastVLine             text23       001972
__end_of_drawPixel                 text25       002168
__end_of_drawtext                  text19       00112E
__end_of_fillRect                  text22       001F58
__end_of_fillRectangle             text18       0016CC
__end_of_fillScreen                text17       0022EC
__end_of_font                      mediumconst  00FE28
__end_of_font2                     mediumconst  00FF04
__end_of_force_nec_state0          text74       00246E
__end_of_get_RPM                   text6        001FDE
__end_of_hexpowers                 mediumconst  00FF16
__end_of_i2cAck                    text65       0023B8
__end_of_i2cHighScl                text70       002410
__end_of_i2cHighSda                text69       002466
__end_of_i2cLowScl                 text68       00245E
__end_of_i2cLowSda                 text67       002444
__end_of_i2cNack                   text64       00243A
__end_of_init_INTERRUPT            text41       002138
__end_of_init_UART                 text39       00235E
__end_of_isdigit                   text3        002270
__end_of_main                      text0        000BA8
__end_of_printf                    text1        000736
__end_of_putch                     text2        0023F6
__end_of_setAddrWindow             text26       001EC2
__end_of_spiwrite                  text33       00234A
__end_of_strcpy                    text16       002106
__end_of_strlen                    text20       00201C
__end_of_write_command             text32       0023E8
__end_of_write_data                text31       0023D8
__initialization                   cinit        001972
__mediumconst                      mediumconst  00FD28
__pbssBANK0                        bssBANK0     0000F3
__pbssCOMRAM                       bssCOMRAM    000042
__pcinit                           cinit        001972
__pcstackBANK0                     cstackBANK0  0000FB
__pcstackBANK1                     cstackBANK1  000121
__pcstackCOMRAM                    cstackCOMRAM 000001
__pdataBANK0                       dataBANK0    000080
__pdataBANK1                       dataBANK1    000100
__pdataCOMRAM                      dataCOMRAM   000067
__pidataBANK0                      idataBANK0   001AF2
__pidataBANK1                      idataBANK1   002270
__pidataCOMRAM                     idataCOMRAM  002444
__pintcode                         intcode      000008
__pintcode_body                    intcode_body 001A76
__pmediumconst                     mediumconst  00FD28
__ptext0                           text0        0009A0
__ptext1                           text1        0003DC
__ptext10                          text10       0023B8
__ptext11                          text11       00241C
__ptext12                          text12       001B66
__ptext13                          text13       001C46
__ptext14                          text14       001854
__ptext15                          text15       000736
__ptext16                          text16       0020D4
__ptext17                          text17       0022D0
__ptext18                          text18       0015F0
__ptext19                          text19       001018
__ptext2                           text2        0023E8
__ptext20                          text20       001FDE
__ptext21                          text21       000EC2
__ptext22                          text22       001F0E
__ptext23                          text23       0018EA
__ptext24                          text24       000BA8
__ptext25                          text25       002138
__ptext26                          text26       001E74
__ptext27                          text27       002168
__ptext28                          text28       001336
__ptext29                          text29       00201C
__ptext3                           text3        00224E
__ptext30                          text30       00112E
__ptext31                          text31       0023C8
__ptext32                          text32       0023D8
__ptext33                          text33       002336
__ptext34                          text34       00235E
__ptext35                          text35       001DD2
__ptext36                          text36       002192
__ptext37                          text37       0021BA
__ptext38                          text38       001E24
__ptext39                          text39       00234A
__ptext4                           text4        001EC2
__ptext40                          text40       001BD6
__ptext41                          text41       002106
__ptext42                          text42       002426
__ptext43                          text43       0022B2
__ptext44                          text44       002292
__ptext45                          text45       002306
__ptext46                          text46       002206
__ptext47                          text47       001792
__ptext48                          text48       0021E0
__ptext49                          text49       001428
__ptext5                           text5        001D76
__ptext50                          text50       00123E
__ptext51                          text51       00150E
__ptext52                          text52       0016CC
__ptext53                          text53       0023F6
__ptext54                          text54       00222A
__ptext55                          text55       00244E
__ptext56                          text56       002370
__ptext57                          text57       001CAC
__ptext58                          text58       001D12
__ptext59                          text59       002098
__ptext6                           text6        001FA0
__ptext60                          text60       00205A
__ptext61                          text61       002382
__ptext62                          text62       002394
__ptext63                          text63       001F58
__ptext64                          text64       002430
__ptext65                          text65       0023A6
__ptext66                          text66       002320
__ptext67                          text67       00243A
__ptext68                          text68       002456
__ptext69                          text69       00245E
__ptext7                           text7        00001C
__ptext70                          text70       002404
__ptext72                          text72       002410
__ptext73                          text73       000D56
__ptext74                          text74       002466
__ptext8                           text8        0019F4
__ptext9                           text9        0022EC
__ramtop                           ramtop       001000
__size_of_Activate_Buzzer          (abs)        000000
__size_of_DS1621_Init              (abs)        000000
__size_of_DS1621_Read_Temp         (abs)        000000
__size_of_DS3231_Read_Time         (abs)        000000
__size_of_DS3231_Setup_Time        (abs)        000000
__size_of_Deactivate_Buzzer        (abs)        000000
__size_of_Decrease_Speed           (abs)        000000
__size_of_Do_Beep                  (abs)        000000
__size_of_Do_Init                  (abs)        000000
__size_of_I2C_Init                 (abs)        000000
__size_of_I2C_ReStart              (abs)        000000
__size_of_I2C_Read                 (abs)        000000
__size_of_I2C_Start                (abs)        000000
__size_of_I2C_Stop                 (abs)        000000
__size_of_I2C_Write                (abs)        000000
__size_of_I2C_Write_Cmd_Only       (abs)        000000
__size_of_I2C_Write_Cmd_Write_Data (abs)        000000
__size_of_INT0_isr                 (abs)        000000
__size_of_Increase_Speed           (abs)        000000
__size_of_Initialize_Screen        (abs)        000000
__size_of_LCD_Reset                (abs)        000000
__size_of_OpenUSART                (abs)        000000
__size_of_Rcmd1                    (abs)        000000
__size_of_Rcmd2red                 (abs)        000000
__size_of_Rcmd3                    (abs)        000000
__size_of_Set_DC_RGB               (abs)        000000
__size_of_Set_RPM_RGB              (abs)        000000
__size_of_TFT_GreenTab_Initialize  (abs)        000000
__size_of_TIMER1_isr               (abs)        000000
__size_of_Toggle_Fan               (abs)        000000
__size_of_Turn_Off_Fan             (abs)        000000
__size_of_Turn_On_Fan              (abs)        000000
__size_of_Update_Screen            (abs)        000000
__size_of_Wait_Half_Second         (abs)        000000
__size_of___awdiv                  (abs)        000000
__size_of___awmod                  (abs)        000000
__size_of___ftdiv                  (abs)        000000
__size_of___ftmul                  (abs)        000000
__size_of___ftpack                 (abs)        000000
__size_of___fttol                  (abs)        000000
__size_of___lbtoft                 (abs)        000000
__size_of___lwdiv                  (abs)        000000
__size_of___lwmod                  (abs)        000000
__size_of___wmul                   (abs)        000000
__size_of_chkisr                   (abs)        000000
__size_of_delay_ms                 (abs)        000000
__size_of_do_update_pwm            (abs)        000000
__size_of_drawChar                 (abs)        000000
__size_of_drawCircle               (abs)        000000
__size_of_drawFastVLine            (abs)        000000
__size_of_drawPixel                (abs)        000000
__size_of_drawtext                 (abs)        000000
__size_of_fillRect                 (abs)        000000
__size_of_fillRectangle            (abs)        000000
__size_of_fillScreen               (abs)        000000
__size_of_force_nec_state0         (abs)        000000
__size_of_get_RPM                  (abs)        000000
__size_of_i2cAck                   (abs)        000000
__size_of_i2cHighScl               (abs)        000000
__size_of_i2cHighSda               (abs)        000000
__size_of_i2cLowScl                (abs)        000000
__size_of_i2cLowSda                (abs)        000000
__size_of_i2cNack                  (abs)        000000
__size_of_init_INTERRUPT           (abs)        000000
__size_of_init_UART                (abs)        000000
__size_of_isdigit                  (abs)        000000
__size_of_main                     (abs)        000000
__size_of_printf                   (abs)        000000
__size_of_putch                    (abs)        000000
__size_of_setAddrWindow            (abs)        000000
__size_of_spiwrite                 (abs)        000000
__size_of_strcpy                   (abs)        000000
__size_of_strlen                   (abs)        000000
__size_of_write_command            (abs)        000000
__size_of_write_data               (abs)        000000
__smallconst                       smallconst   000000
__tft_type                         bssCOMRAM    000053
_alarm_date                        bssCOMRAM    000054
_alarm_hour                        bssCOMRAM    000055
_alarm_minute                      bssCOMRAM    000056
_alarm_second                      bssCOMRAM    000057
_alarm_time                        dataBANK0    000095
_array1                            dataBANK0    000080
_bit_count                         bssCOMRAM    000058
_buffer                            dataBANK1    000100
_chkisr                            intcode      000008
_colors                            dataBANK0    0000B9
_colstart                          bssCOMRAM    000059
_date                              dataBANK0    0000CC
_day                               dataCOMRAM   000067
_delay_ms                          text35       001DD2
_do_update_pwm                     text47       001792
_dow                               dataCOMRAM   000068
_dpowers                           mediumconst  00FF04
_drawChar                          text21       000EC2
_drawCircle                        text24       000BA8
_drawFastVLine                     text23       0018EA
_drawPixel                         text25       002138
_drawtext                          text19       001018
_duty_cycle                        bssCOMRAM    00005A
_fillRect                          text22       001F0E
_fillRectangle                     text18       0015F0
_fillScreen                        text17       0022D0
_font                              mediumconst  00FD29
_font2                             mediumconst  00FE28
_force_nec_state0                  text74       002466
_found                             bssCOMRAM    00005B
_get_RPM                           text6        001FA0
_hexpowers                         mediumconst  00FF0E
_hour                              dataCOMRAM   000069
_i2cAck                            text65       0023A6
_i2cHighScl                        text70       002404
_i2cHighSda                        text69       00245E
_i2cLowScl                         text68       002456
_i2cLowSda                         text67       00243A
_i2cNack                           text64       002430
_init_INTERRUPT                    text41       002106
_init_UART                         text39       00234A
_isdigit                           text3        00224E
_isdigit$2492                      cstackCOMRAM 000012
_main                              text0        0009A0
_minute                            dataCOMRAM   00006A
_month                             dataCOMRAM   00006B
_nbr                               bssBANK0     0000F9
_nec_ok                            bssCOMRAM    000048
_printf                            text1        0003DC
_putch                             text2        0023E8
_rowstart                          bssCOMRAM    00005C
_rpm                               bssCOMRAM    00004A
_rps                               bssCOMRAM    00004C
_second                            bssCOMRAM    00005D
_setAddrWindow                     text26       001E74
_setup_alarm_hour                  bssCOMRAM    00005E
_setup_alarm_minute                bssCOMRAM    00005F
_setup_alarm_second                bssCOMRAM    000060
_setup_alarm_time                  dataBANK0    00009E
_setup_date                        dataBANK0    0000A7
_setup_day                         bssCOMRAM    000061
_setup_fan_temp                    dataCOMRAM   00006C
_setup_fan_text                    dataBANK0    0000C1
_setup_hour                        bssCOMRAM    000062
_setup_minute                      bssCOMRAM    000063
_setup_month                       bssCOMRAM    000064
_setup_second                      bssCOMRAM    000065
_setup_time                        dataBANK0    0000B0
_setup_year                        bssCOMRAM    000066
_spiwrite                          text33       002336
_strcpy                            text16       0020D4
_strlen                            text20       001FDE
_tempC                             dataBANK0    0000EB
_tempF                             dataBANK0    0000EF
_tempSecond                        dataCOMRAM   00006D
_time                              dataBANK0    0000D5
_txt                               bssCOMRAM    00004E
_wrap                              dataCOMRAM   00006E
_write_command                     text32       0023D8
_write_data                        text31       0023C8
_year                              dataCOMRAM   00006F
delay_ms@count                     cstackCOMRAM 00001B
delay_ms@ms                        cstackCOMRAM 000017
do_update_pwm@dc_I                 cstackBANK1  000125
do_update_pwm@dc_f                 cstackBANK1  000121
do_update_pwm@duty_cycle           cstackBANK1  000124
drawChar@bg                        cstackCOMRAM 000032
drawChar@c                         cstackCOMRAM 00002F
drawChar@color                     cstackCOMRAM 000030
drawChar@i                         cstackCOMRAM 000038
drawChar@j                         cstackCOMRAM 000037
drawChar@line                      cstackCOMRAM 000035
drawChar@size                      cstackCOMRAM 000034
drawChar@x                         cstackCOMRAM 000036
drawChar@y                         cstackCOMRAM 00002E
drawCircle@color                   cstackCOMRAM 000022
drawCircle@ddF_x                   cstackCOMRAM 000026
drawCircle@ddF_y                   cstackCOMRAM 000028
drawCircle@f                       cstackCOMRAM 00002A
drawCircle@r                       cstackCOMRAM 000020
drawCircle@x                       cstackCOMRAM 00002C
drawCircle@x0                      cstackCOMRAM 00001C
drawCircle@y                       cstackCOMRAM 00002E
drawCircle@y0                      cstackCOMRAM 00001E
drawFastVLine@color                cstackCOMRAM 00001A
drawFastVLine@h                    cstackCOMRAM 000019
drawFastVLine@hi                   cstackCOMRAM 000020
drawFastVLine@lo                   cstackCOMRAM 000021
drawFastVLine@x                    cstackCOMRAM 000022
drawFastVLine@y                    cstackCOMRAM 000018
drawPixel@color                    cstackCOMRAM 000019
drawPixel@x                        cstackCOMRAM 00001B
drawPixel@y                        cstackCOMRAM 000018
drawtext@_text                     cstackCOMRAM 00003A
drawtext@bg                        cstackCOMRAM 00003E
drawtext@color                     cstackCOMRAM 00003C
drawtext@cursor_x                  cstackBANK1  000127
drawtext@cursor_y                  cstackBANK1  000126
drawtext@i                         cstackBANK1  000124
drawtext@size                      cstackCOMRAM 000040
drawtext@textsize                  cstackBANK1  000122
drawtext@x                         cstackBANK1  000121
drawtext@y                         cstackCOMRAM 000039
end_of_initialization              cinit        0019EA
fillRect@color                     cstackCOMRAM 000026
fillRect@h                         cstackCOMRAM 000025
fillRect@i                         cstackCOMRAM 00002C
fillRect@w                         cstackCOMRAM 000024
fillRect@x                         cstackCOMRAM 00002B
fillRect@y                         cstackCOMRAM 000023
fillRectangle@color                cstackCOMRAM 00001B
fillRectangle@h                    cstackCOMRAM 00001A
fillRectangle@hi                   cstackCOMRAM 000021
fillRectangle@lo                   cstackCOMRAM 000022
fillRectangle@w                    cstackCOMRAM 000019
fillRectangle@x                    cstackCOMRAM 000023
fillRectangle@y                    cstackCOMRAM 000018
fillScreen@color                   cstackCOMRAM 000024
get_RPM@RPS                        cstackCOMRAM 000021
int_func                           intcode_body 001A76
intlevel0                          text         000000
intlevel1                          text         000000
intlevel2                          text         000000
intlevel3                          text         000000
isdigit@c                          cstackCOMRAM 000013
main@j                             cstackBANK1  00012A
printf@ap                          cstackCOMRAM 000030
printf@c                           cstackCOMRAM 000038
printf@f                           cstackCOMRAM 00001D
printf@flag                        cstackCOMRAM 000035
printf@idx                         cstackCOMRAM 00002F
printf@prec                        cstackCOMRAM 000032
printf@val                         cstackCOMRAM 000033
printf@width                       cstackCOMRAM 000036
putch@c                            cstackCOMRAM 000011
setAddrWindow@x0                   cstackCOMRAM 000017
setAddrWindow@x1                   cstackCOMRAM 000015
setAddrWindow@y0                   cstackCOMRAM 000014
setAddrWindow@y1                   cstackCOMRAM 000016
spiwrite@spidata                   cstackCOMRAM 000012
spiwrite@x                         cstackCOMRAM 000011
stackhi                            (abs)        000F7F
stacklo                            (abs)        00012C
start                              init         000018
start_initialization               cinit        001972
strcpy@cp                          cstackCOMRAM 000015
strcpy@from                        cstackCOMRAM 000013
strcpy@to                          cstackCOMRAM 000011
strlen@cp                          cstackCOMRAM 000015
strlen@s                           cstackCOMRAM 000011
write_command@cmd_                 cstackCOMRAM 000013
write_data@data_                   cstackCOMRAM 000013


FUNCTION INFORMATION:

 *************** function _main *****************
 Defined at:
		line 149 in file "Lab11_ex.c"
 Parameters:    Size  Location     Type
		None
 Auto vars:     Size  Location     Type
  j               2    9[BANK1 ] int 
 Return value:  Size  Location     Type
		None               void
 Registers used:
		wreg, fsr2l, fsr2h, status,2, status,0, tblptrl, tblptrh, tblptru, prodl, prodh, cstack
 Tracked objects:
		On entry : 
		On exit  : 
		Unchanged: 
 Data sizes:     COMRAM   BANK0   BANK1   BANK2   BANK3   BANK4   BANK5   BANK6   BANK7   BANK8   BANK9  BANK10  BANK11  BANK12  BANK13  BANK14  BANK15
      Params:         0       0       0       0       0       0       0       0       0       0       0       0       0       0       0       0       0
      Locals:         0       0       2       0       0       0       0       0       0       0       0       0       0       0       0       0       0
      Temps:          1       0       0       0       0       0       0       0       0       0       0       0       0       0       0       0       0
      Totals:         1       0       2       0       0       0       0       0       0       0       0       0       0       0       0       0       0
Total ram usage:        3 bytes
 Hardware stack levels required when called:   11
 This function calls:
		_DS1621_Read_Temp
		_DS3231_Read_Time
		_DS3231_Setup_Time
		_Decrease_Speed
		_Do_Beep
		_Do_Init
		_Increase_Speed
		_Initialize_Screen
		_Set_DC_RGB
		_Set_RPM_RGB
		_Toggle_Fan
		_Update_Screen
		___awdiv
		___wmul
		_do_update_pwm
		_get_RPM
		_printf
 This function is called by:
		Startup code after reset
 This function uses a non-reentrant model


 *************** function _printf *****************
 Defined at:
		line 464 in file "C:\Program Files (x86)\Microchip\xc8\v1.34\sources\common\doprnt.c"
 Parameters:    Size  Location     Type
  f               2   28[COMRAM] PTR const unsigned char 
		 -> STR_7(23), STR_6(15), STR_5(22), STR_4(16), 
		 -> STR_3(20), STR_2(21), STR_1(30), 
 Auto vars:     Size  Location     Type
  idx             1   46[COMRAM] unsigned char 
  tmpval          4    0        struct .
  cp              3    0        PTR const unsigned char 
  width           2   53[COMRAM] int 
  val             2   50[COMRAM] unsigned int 
  ap              2   47[COMRAM] PTR void [1]
		 -> ?_printf(2), 
  len             2    0        unsigned int 
  c               1   55[COMRAM] char 
  flag            1   52[COMRAM] unsigned char 
  prec            1   49[COMRAM] char 
 Return value:  Size  Location     Type
                  2   28[COMRAM] int 
 Registers used:
		wreg, fsr2l, fsr2h, status,2, status,0, tblptrl, tblptrh, tblptru, prodl, prodh, cstack
 Tracked objects:
		On entry : 
		On exit  : 
		Unchanged: 
 Data sizes:     COMRAM   BANK0   BANK1   BANK2   BANK3   BANK4   BANK5   BANK6   BANK7   BANK8   BANK9  BANK10  BANK11  BANK12  BANK13  BANK14  BANK15
      Params:        14       0       0       0       0       0       0       0       0       0       0       0       0       0       0       0       0
      Locals:        10       0       0       0       0       0       0       0       0       0       0       0       0       0       0       0       0
      Temps:          4       0       0       0       0       0       0       0       0       0       0       0       0       0       0       0       0
      Totals:        28       0       0       0       0       0       0       0       0       0       0       0       0       0       0       0       0
Total ram usage:       28 bytes
 Hardware stack levels used:    1
 Hardware stack levels required when called:    4
 This function calls:
		___lwdiv
		___lwmod
		___wmul
		_isdigit
		_putch
 This function is called by:
		_main
 This function uses a non-reentrant model


 *************** function _putch *****************
 Defined at:
		line 112 in file "Lab11_ex.c"
 Parameters:    Size  Location     Type
  c               1    wreg     unsigned char 
 Auto vars:     Size  Location     Type
  c               1   16[COMRAM] unsigned char 
 Return value:  Size  Location     Type
		None               void
 Registers used:
		wreg
 Tracked objects:
		On entry : 
		On exit  : 
		Unchanged: 
 Data sizes:     COMRAM   BANK0   BANK1   BANK2   BANK3   BANK4   BANK5   BANK6   BANK7   BANK8   BANK9  BANK10  BANK11  BANK12  BANK13  BANK14  BANK15
      Params:         0       0       0       0       0       0       0       0       0       0       0       0       0       0       0       0       0
      Locals:         1       0       0       0       0       0       0       0       0       0       0       0       0       0       0       0       0
      Temps:          0       0       0       0       0       0       0       0       0       0       0       0       0       0       0       0       0
      Totals:         1       0       0       0       0       0       0       0       0       0       0       0       0       0       0       0       0
Total ram usage:        1 bytes
 Hardware stack levels used:    1
 Hardware stack levels required when called:    3
 This function calls:
		Nothing
 This function is called by:
		_printf
 This function uses a non-reentrant model


 *************** function _isdigit *****************
 Defined at:
		line 8 in file "C:\Program Files (x86)\Microchip\xc8\v1.34\sources\common\isdigit.c"
 Parameters:    Size  Location     Type
  c               1    wreg     unsigned char 
 Auto vars:     Size  Location     Type
  c               1   18[COMRAM] unsigned char 
 Return value:  Size  Location     Type
		None               void
 Registers used:
		wreg, status,2, status,0
 Tracked objects:
		On entry : 
		On exit  : 
		Unchanged: 
 Data sizes:     COMRAM   BANK0   BANK1   BANK2   BANK3   BANK4   BANK5   BANK6   BANK7   BANK8   BANK9  BANK10  BANK11  BANK12  BANK13  BANK14  BANK15
      Params:         0       0       0       0       0       0       0       0       0       0       0       0       0       0       0       0       0
      Locals:         2       0       0       0       0       0       0       0       0       0       0       0       0       0       0       0       0
[...]
      Locals:         0       0       0       0       0       0       0       0       0       0       0       0       0       0       0       0       0
      Temps:          0       0       0       0       0       0       0       0       0       0       0       0       0       0       0       0       0
      Totals:         0       0       0       0       0       0       0       0       0       0       0       0       0       0       0       0       0
Total ram usage:        0 bytes
 Hardware stack levels used:    1
 Hardware stack levels required when called:    4
 This function calls:
		_i2cHighScl
		_i2cHighSda
		_i2cLowScl
		_i2cLowSda
 This function is called by:
		_I2C_Read
 This function uses a non-reentrant model


 *************** function _I2C_ReStart *****************
 Defined at:
		line 79 in file "I2C_Soft.c"
 Parameters:    Size  Location     Type
		None
 Auto vars:     Size  Location     Type
		None
 Return value:  Size  Location     Type
		None               void
 Registers used:
		wreg, cstack
 Tracked objects:
		On entry : 
		On exit  : 
		Unchanged: 
 Data sizes:     COMRAM   BANK0   BANK1   BANK2   BANK3   BANK4   BANK5   BANK6   BANK7   BANK8   BANK9  BANK10  BANK11  BANK12  BANK13  BANK14  BANK15
      Params:         0       0       0       0       0       0       0       0       0       0       0       0       0       0       0       0       0
      Locals:         0       0       0       0       0       0       0       0       0       0       0       0       0       0       0       0       0
      Temps:          0       0       0       0       0       0       0       0       0       0       0       0       0       0       0       0       0
      Totals:         0       0       0       0       0       0       0       0       0       0       0       0       0       0       0       0       0
Total ram usage:        0 bytes
 Hardware stack levels used:    1
 Hardware stack levels required when called:    4
 This function calls:
		_i2cHighScl
		_i2cHighSda
		_i2cLowScl
		_i2cLowSda
 This function is called by:
		_DS1621_Read_Temp
		_DS3231_Read_Time
		_I2C_Write_Address_Read_One_Byte
		_I2C_Write_Cmd_Read_One_Byte
 This function uses a non-reentrant model


 *************** function _i2cLowSda *****************
 Defined at:
		line 102 in file "I2C_Soft.c"
 Parameters:    Size  Location     Type
		None
 Auto vars:     Size  Location     Type
		None
 Return value:  Size  Location     Type
		None               void
 Registers used:
		None
 Tracked objects:
		On entry : 
		On exit  : 
		Unchanged: 
 Data sizes:     COMRAM   BANK0   BANK1   BANK2   BANK3   BANK4   BANK5   BANK6   BANK7   BANK8   BANK9  BANK10  BANK11  BANK12  BANK13  BANK14  BANK15
      Params:         0       0       0       0       0       0       0       0       0       0       0       0       0       0       0       0       0
      Locals:         0       0       0       0       0       0       0       0       0       0       0       0       0       0       0       0       0
      Temps:          0       0       0       0       0       0       0       0       0       0       0       0       0       0       0       0       0
      Totals:         0       0       0       0       0       0       0       0       0       0       0       0       0       0       0       0       0
Total ram usage:        0 bytes
 Hardware stack levels used:    1
 Hardware stack levels required when called:    3
 This function calls:
		Nothing
 This function is called by:
		_I2C_Write
		_i2cAck
		_I2C_Start
		_I2C_ReStart
		_I2C_Stop
 This function uses a non-reentrant model


 *************** function _i2cLowScl *****************
 Defined at:
		line 115 in file "I2C_Soft.c"
 Parameters:    Size  Location     Type
		None
 Auto vars:     Size  Location     Type
		None
 Return value:  Size  Location     Type
		None               void
 Registers used:
		None
 Tracked objects:
		On entry : 
		On exit  : 
		Unchanged: 
 Data sizes:     COMRAM   BANK0   BANK1   BANK2   BANK3   BANK4   BANK5   BANK6   BANK7   BANK8   BANK9  BANK10  BANK11  BANK12  BANK13  BANK14  BANK15
      Params:         0       0       0       0       0       0       0       0       0       0       0       0       0       0       0       0       0
      Locals:         0       0       0       0       0       0       0       0       0       0       0       0       0       0       0       0       0
      Temps:          0       0       0       0       0       0       0       0       0       0       0       0       0       0       0       0       0
      Totals:         0       0       0       0       0       0       0       0       0       0       0       0       0       0       0       0       0
Total ram usage:        0 bytes
 Hardware stack levels used:    1
 Hardware stack levels required when called:    3
 This function calls:
		Nothing
 This function is called by:
		_I2C_Read
		_I2C_Write
		_i2cNack
		_i2cAck
		_I2C_Start
		_I2C_ReStart
		_I2C_Stop
 This function uses a non-reentrant model


 *************** function _i2cHighSda *****************
 Defined at:
		line 96 in file "I2C_Soft.c"
 Parameters:    Size  Location     Type
		None
 Auto vars:     Size  Location     Type
		None
 Return value:  Size  Location     Type
		None               void
 Registers used:
		None
 Tracked objects:
		On entry : 
		On exit  : 
		Unchanged: 
 Data sizes:     COMRAM   BANK0   BANK1   BANK2   BANK3   BANK4   BANK5   BANK6   BANK7   BANK8   BANK9  BANK10  BANK11  BANK12  BANK13  BANK14  BANK15
      Params:         0       0       0       0       0       0       0       0       0       0       0       0       0       0       0       0       0
      Locals:         0       0       0       0       0       0       0       0       0       0       0       0       0       0       0       0       0
      Temps:          0       0       0       0       0       0       0       0       0       0       0       0       0       0       0       0       0
      Totals:         0       0       0       0       0       0       0       0       0       0       0       0       0       0       0       0       0
Total ram usage:        0 bytes
 Hardware stack levels used:    1
 Hardware stack levels required when called:    3
 This function calls:
		Nothing
 This function is called by:
		_I2C_Init
		_I2C_Read
		_I2C_Write
		_i2cAck
		_I2C_Start
		_I2C_ReStart
		_I2C_Stop
 This function uses a non-reentrant model


 *************** function _i2cHighScl *****************
 Defined at:
		line 109 in file "I2C_Soft.c"
 Parameters:    Size  Location     Type
		None
 Auto vars:     Size  Location     Type
		None
 Return value:  Size  Location     Type
		None               void
 Registers used:
		wreg
 Tracked objects:
		On entry : 
		On exit  : 
		Unchanged: 
 Data sizes:     COMRAM   BANK0   BANK1   BANK2   BANK3   BANK4   BANK5   BANK6   BANK7   BANK8   BANK9  BANK10  BANK11  BANK12  BANK13  BANK14  BANK15
      Params:         0       0       0       0       0       0       0       0       0       0       0       0       0       0       0       0       0
      Locals:         0       0       0       0       0       0       0       0       0       0       0       0       0       0       0       0       0
      Temps:          0       0       0       0       0       0       0       0       0       0       0       0       0       0       0       0       0
      Totals:         0       0       0       0       0       0       0       0       0       0       0       0       0       0       0       0       0
Total ram usage:        0 bytes
 Hardware stack levels used:    1
 Hardware stack levels required when called:    3
 This function calls:
		Nothing
 This function is called by:
		_I2C_Init
		_I2C_Read
		_I2C_Write
		_i2cNack
		_i2cAck
		_I2C_Start
		_I2C_ReStart
		_I2C_Stop
 This function uses a non-reentrant model


 *************** function _chkisr *****************
 Defined at:
		line 29 in file "Interrupt.c"
 Parameters:    Size  Location     Type
		None
 Auto vars:     Size  Location     Type
		None
 Return value:  Size  Location     Type
		None               void
 Registers used:
		wreg, status,2, status,0, cstack
 Tracked objects:
		On entry : 
		On exit  : 
		Unchanged: 
 Data sizes:     COMRAM   BANK0   BANK1   BANK2   BANK3   BANK4   BANK5   BANK6   BANK7   BANK8   BANK9  BANK10  BANK11  BANK12  BANK13  BANK14  BANK15
      Params:         0       0       0       0       0       0       0       0       0       0       0       0       0       0       0       0       0
      Locals:         0       0       0       0       0       0       0       0       0       0       0       0       0       0       0       0       0
      Temps:         14       0       0       0       0       0       0       0       0       0       0       0       0       0       0       0       0
      Totals:        14       0       0       0       0       0       0       0       0       0       0       0       0       0       0       0       0
Total ram usage:       14 bytes
 Hardware stack levels used:    1
 Hardware stack levels required when called:    2
 This function calls:
		_INT0_isr
		_TIMER1_isr
 This function is called by:
		Interrupt level 2
 This function uses a non-reentrant model


 *************** function _TIMER1_isr *****************
 Defined at:
		line 35 in file "Interrupt.c"
 Parameters:    Size  Location     Type
		None
 Auto vars:     Size  Location     Type
		None
 Return value:  Size  Location     Type
		None               void
 Registers used:
		wreg, status,2
 Tracked objects:
		On entry : 
		On exit  : 
		Unchanged: 
 Data sizes:     COMRAM   BANK0   BANK1   BANK2   BANK3   BANK4   BANK5   BANK6   BANK7   BANK8   BANK9  BANK10  BANK11  BANK12  BANK13  BANK14  BANK15
      Params:         0       0       0       0       0       0       0       0       0       0       0       0       0       0       0       0       0
      Locals:         0       0       0       0       0       0       0       0       0       0       0       0       0       0       0       0       0
      Temps:          0       0       0       0       0       0       0       0       0       0       0       0       0       0       0       0       0
      Totals:         0       0       0       0       0       0       0       0       0       0       0       0       0       0       0       0       0
Total ram usage:        0 bytes
 Hardware stack levels used:    1
 This function calls:
		Nothing
 This function is called by:
		_chkisr
 This function uses a non-reentrant model


 *************** function _INT0_isr *****************
 Defined at:
		line 49 in file "Interrupt.c"
 Parameters:    Size  Location     Type
		None
 Auto vars:     Size  Location     Type
		None
 Return value:  Size  Location     Type
		None               void
 Registers used:
		wreg, status,2, status,0, cstack
 Tracked objects:
		On entry : 
		On exit  : 
		Unchanged: 
 Data sizes:     COMRAM   BANK0   BANK1   BANK2   BANK3   BANK4   BANK5   BANK6   BANK7   BANK8   BANK9  BANK10  BANK11  BANK12  BANK13  BANK14  BANK15
      Params:         0       0       0       0       0       0       0       0       0       0       0       0       0       0       0       0       0
      Locals:         0       0       0       0       0       0       0       0       0       0       0       0       0       0       0       0       0
      Temps:          2       0       0       0       0       0       0       0       0       0       0       0       0       0       0       0       0
      Totals:         2       0       0       0       0       0       0       0       0       0       0       0       0       0       0       0       0
Total ram usage:        2 bytes
 Hardware stack levels used:    1
 Hardware stack levels required when called:    1
 This function calls:
		_force_nec_state0
 This function is called by:
		_chkisr
 This function uses a non-reentrant model


 *************** function _force_nec_state0 *****************
 Defined at:
		line 43 in file "Interrupt.c"
 Parameters:    Size  Location     Type
		None
 Auto vars:     Size  Location     Type
		None
 Return value:  Size  Location     Type
		None               void
 Registers used:
		wreg, status,2
 Tracked objects:
		On entry : 
		On exit  : 
		Unchanged: 
 Data sizes:     COMRAM   BANK0   BANK1   BANK2   BANK3   BANK4   BANK5   BANK6   BANK7   BANK8   BANK9  BANK10  BANK11  BANK12  BANK13  BANK14  BANK15
      Params:         0       0       0       0       0       0       0       0       0       0       0       0       0       0       0       0       0
      Locals:         0       0       0       0       0       0       0       0       0       0       0       0       0       0       0       0       0
      Temps:          0       0       0       0       0       0       0       0       0       0       0       0       0       0       0       0       0
      Totals:         0       0       0       0       0       0       0       0       0       0       0       0       0       0       0       0       0
Total ram usage:        0 bytes
 Hardware stack levels used:    1
 This function calls:
		Nothing
 This function is called by:
		_INT0_isr
 This function uses a non-reentrant model



MODULE INFORMATION

Module		Function		Class		Link	Load	Size
I2C_Soft.c
		_i2cLowSda     		CODE           	243A	0000	11
		_i2cLowScl     		CODE           	2456	0000	9
		_I2C_Write_Cmd_		CODE           	2306	0000	27
		_I2C_Write     		CODE           	205A	0000	63
		_I2C_Write_Cmd_		CODE           	2292	0000	33
		_I2C_Stop      		CODE           	2382	0000	19
		_I2C_Read      		CODE           	1F58	0000	73
		_i2cNack       		CODE           	2430	0000	11
		_I2C_Init      		CODE           	2426	0000	11
		_i2cHighSda    		CODE           	245E	0000	9
		_i2cHighScl    		CODE           	2404	0000	13
		_I2C_Start     		CODE           	2394	0000	19
		_i2cAck        		CODE           	23A6	0000	19
		_I2C_ReStart   		CODE           	2320	0000	23

I2C_Soft.c estimated size: 340

Lab11_ex.c
		_putch         		CODE           	23E8	0000	15
		_main          		CODE           	09A0	0000	521
		_init_UART     		CODE           	234A	0000	21
		_Do_Init       		CODE           	1E24	0000	81

Lab11_ex.c estimated size: 638

C:\Program Files (x86)\Microchip\xc8\v1.34\sources\common\float.c
		___ftpack      		CODE           	16CC	0000	199

C:\Program Files (x86)\Microchip\xc8\v1.34\sources\common\float.c estimated size: 199

C:\Program Files (x86)\Microchip\xc8\v1.34\sources\pic18\plib\USART\uopen.c
		_OpenUSART     		CODE           	1BD6	0000	113

C:\Program Files (x86)\Microchip\xc8\v1.34\sources\pic18\plib\USART\uopen.c estimated size: 113

C:\Program Files (x86)\Microchip\xc8\v1.34\sources\common\lwmod.c
		___lwmod       		CODE           	1EC2	0000	77

C:\Program Files (x86)\Microchip\xc8\v1.34\sources\common\lwmod.c estimated size: 77

C:\Program Files (x86)\Microchip\xc8\v1.34\sources\common\awmod.c
		___awmod       		CODE           	19F4	0000	131

C:\Program Files (x86)\Microchip\xc8\v1.34\sources\common\awmod.c estimated size: 131

Fan_Support.c
		_Turn_On_Fan   		CODE           	23B8	0000	17
		_get_RPM       		CODE           	1FA0	0000	63
		_Decrease_Speed		CODE           	2206	0000	37
		_do_update_pwm 		CODE           	1792	0000	195
		_Toggle_Fan    		CODE           	22EC	0000	27
		_Set_DC_RGB    		CODE           	1C46	0000	103
		_Increase_Speed		CODE           	21BA	0000	39
		_Turn_Off_Fan  		CODE           	241C	0000	11
		_Set_RPM_RGB   		CODE           	1B66	0000	113

Fan_Support.c estimated size: 605

I2C_Support.c
		_DS3231_Read_Ti		CODE           	1D12	0000	101
		_DS1621_Init   		CODE           	22B2	0000	31
		_DS3231_Setup_T		CODE           	1CAC	0000	103
		_DS1621_Read_Te		CODE           	2098	0000	61

I2C_Support.c estimated size: 296

C:\Program Files (x86)\Microchip\xc8\v1.34\sources\common\lbtoft.c
		___lbtoft      		CODE           	21E0	0000	39

C:\Program Files (x86)\Microchip\xc8\v1.34\sources\common\lbtoft.c estimated size: 39

Main_Screen.c
		_Update_Screen 		CODE           	001C	0000	961
		_Initialize_Scr		CODE           	0736	0000	619

Main_Screen.c estimated size: 1580

ST7735.c
		_drawChar      		CODE           	0EC2	0000	343
		_drawCircle    		CODE           	0BA8	0000	431
		_fillScreen    		CODE           	22D0	0000	29
		_Rcmd3         		CODE           	1336	0000	243
		_write_data    		CODE           	23C8	0000	17
		_setAddrWindow 		CODE           	1E74	0000	79
		_drawtext      		CODE           	1018	0000	279
		_fillRect      		CODE           	1F0E	0000	75
		_LCD_Reset     		CODE           	235E	0000	19
		_drawPixel     		CODE           	2138	0000	49
		_fillRectangle 		CODE           	15F0	0000	221
		_write_command 		CODE           	23D8	0000	17
		_drawFastVLine 		CODE           	18EA	0000	137
		_Rcmd2red      		CODE           	201C	0000	63
		_TFT_GreenTab_I		CODE           	2168	0000	43
		_delay_ms      		CODE           	1DD2	0000	83
		_Rcmd1         		CODE           	112E	0000	273
		_spiwrite      		CODE           	2336	0000	21

ST7735.c estimated size: 2422

C:\Program Files (x86)\Microchip\xc8\v1.34\sources\common\ftmul.c
		___ftmul       		CODE           	123E	0000	249

C:\Program Files (x86)\Microchip\xc8\v1.34\sources\common\ftmul.c estimated size: 249

C:\Program Files (x86)\Microchip\xc8\v1.34\sources\common\isdigit.c
		_isdigit       		CODE           	224E	0000	35

C:\Program Files (x86)\Microchip\xc8\v1.34\sources\common\isdigit.c estimated size: 35

C:\Program Files (x86)\Microchip\xc8\v1.34\sources\common\strlen.c
		_strlen        		CODE           	1FDE	0000	63

C:\Program Files (x86)\Microchip\xc8\v1.34\sources\common\strlen.c estimated size: 63

C:\Program Files (x86)\Microchip\xc8\v1.34\sources\common\ftdiv.c
		___ftdiv       		CODE           	150E	0000	227

C:\Program Files (x86)\Microchip\xc8\v1.34\sources\common\ftdiv.c estimated size: 227

shared
		_font          		MEDIUMCONST    	FD29	0000	256
		_dpowers       		MEDIUMCONST    	FF04	0000	11
		__initializatio		CODE           	1972	0000	121
		_hexpowers     		MEDIUMCONST    	FF0E	0000	9
		_font2         		MEDIUMCONST    	FE28	0000	221

shared estimated size: 618

Interrupt.c
		_TIMER1_isr    		CODE           	2410	0000	13
		_init_INTERRUPT		CODE           	2106	0000	51
		_force_nec_stat		CODE           	2466	0000	9
		_INT0_isr      		CODE           	0D56	0000	365
		_chkisr        		CODE           	0008	0000	141

Interrupt.c estimated size: 579

C:\Program Files (x86)\Microchip\xc8\v1.34\sources\common\strcpy.c
		_strcpy        		CODE           	20D4	0000	51

C:\Program Files (x86)\Microchip\xc8\v1.34\sources\common\strcpy.c estimated size: 51

C:\Program Files (x86)\Microchip\xc8\v1.34\sources\common\lwdiv.c
		___lwdiv       		CODE           	1D76	0000	93

C:\Program Files (x86)\Microchip\xc8\v1.34\sources\common\lwdiv.c estimated size: 93

C:\Program Files (x86)\Microchip\xc8\v1.34\sources\common\awdiv.c
		___awdiv       		CODE           	1854	0000	151

C:\Program Files (x86)\Microchip\xc8\v1.34\sources\common\awdiv.c estimated size: 151

Utils.c
		_Do_Beep       		CODE           	23F6	0000	15
		_Deactivate_Buz		CODE           	244E	0000	9
		_Wait_Half_Seco		CODE           	222A	0000	37
		_Activate_Buzze		CODE           	2370	0000	19

Utils.c estimated size: 80

C:\Program Files (x86)\Microchip\xc8\v1.34\sources\common\doprnt.c
		_printf        		CODE           	03DC	0000	859

C:\Program Files (x86)\Microchip\xc8\v1.34\sources\common\doprnt.c estimated size: 859

C:\Program Files (x86)\Microchip\xc8\v1.34\sources\common\fttol.c
		___fttol       		CODE           	1428	0000	231

C:\Program Files (x86)\Microchip\xc8\v1.34\sources\common\fttol.c estimated size: 231

C:\Program Files (x86)\Microchip\xc8\v1.34\sources\common\Umul16.c
		___wmul        		CODE           	2192	0000	41

C:\Program Files (x86)\Microchip\xc8\v1.34\sources\common\Umul16.c estimated size: 41

