Microchip MPLAB XC8 Compiler V1.34 ()

Linker command line:

-W-3 --edf=C:\Program Files (x86)\Microchip\xc8\v1.34\dat\en_msgs.txt -cs \
  -h+dist/default/production\Lab_9.X.production.sym \
  --cmf=dist/default/production\Lab_9.X.production.cmf -z -Q18F4620 \
  -oC:\Users\Jay\AppData\Local\Temp\shmg.6 \
  -Mdist/default/production/Lab_9.X.production.map -E1 -ver=XC8 \
  -ASTACK=017Eh-0f7fh -pstack=STACK -ACODE=00h-0FFFFh -ACONST=00h-0FFFFh \
  -ASMALLCONST=01000h-010FFhx240 -AMEDIUMCONST=01000h-0FFFFh \
  -ACOMRAM=01h-07Fh -AABS1=00h-0F7Fh -ABIGRAM=01h-0F7Fh \
  -ARAM=080h-0FFh,0100h-01FFhx14,0F00h-0F7Fh -ABANK0=080h-0FFh \
  -ABANK1=0100h-01FFh -ABANK2=0200h-02FFh -ABANK3=0300h-03FFh \
  -ABANK4=0400h-04FFh -ABANK5=0500h-05FFh -ABANK6=0600h-06FFh \
  -ABANK7=0700h-07FFh -ABANK8=0800h-08FFh -ABANK9=0900h-09FFh \
  -ABANK10=0A00h-0AFFh -ABANK11=0B00h-0BFFh -ABANK12=0C00h-0CFFh \
  -ABANK13=0D00h-0DFFh -ABANK14=0E00h-0EFFh -ABANK15=0F00h-0F7Fh \
  -ASFR=0F80h-0FFFh \
  -preset_vec=00h,intcode=08h,intcodelo,powerup,init,end_init \
  -pramtop=01000h -psmallconst=SMALLCONST -pmediumconst=MEDIUMCONST \
  -pconst=CONST -AFARRAM=00h-00h -ACONFIG=0300000h-030000Dh -pconfig=CONFIG \
  -AIDLOC=0200000h-0200007h -pidloc=IDLOC -AEEDATA=0F00000h-0F003FFh \
  -peeprom_data=EEDATA \
  -prdata=COMRAM,nvrram=COMRAM,nvbit=COMRAM,rbss=COMRAM,rbit=COMRAM \
  -pfarbss=FARRAM,fardata=FARRAM,nvFARRAM=FARRAM \
  -pintsave_regs=BIGRAM,bigbss=BIGRAM,bigdata=BIGRAM -pbss=RAM \
  -pidata=CODE,irdata=CODE,ibigdata=CODE,ifardata=CODE -prparam=COMRAM \
  C:\Users\Jay\AppData\Local\Temp\shmg.obj \
  dist/default/production\Lab_9.X.production.obj 

Object code version is 3.11

Machine type is 18F4620

Call graph: (short form)




                Name                               Link     Load   Length Selector   Space Scale
C:\Users\Jay\AppData\Local\Temp\shmg.obj
                end_init                             18       18        4        4       0
                reset_vec                             0        0        4        0       0
                idloc                            200000   200000        8   200000       0
                config                           300000   300000        E   300000       0
dist/default/production\Lab_9.X.production.obj
                intcode                               8        8       10        4       0
                mediumconst                        FDC2     FDC2      23E     7EE1       0
                text37                             153E     153E        8      97E       0
                text36                              77E      77E      154        4       0
                text35                             152A     152A        C      97E       0
                intcode_body                       1094     1094       7C        4       0
                text33                             1434     1434       28      97E       0
                text32                             11D2     11D2       52        4       0
                text31                             14EA     14EA       12      97E       0
                text30                             14C4     14C4       14      97E       0
                text29                             150C     150C       10      97E       0
                text28                             14FC     14FC       10      97E       0
                text27                              A0A      A0A      110        4       0
                text26                             133A     133A       3E      97E       0
                text25                              C24      C24       F2        4       0
                text24                             140A     140A       2A      97E       0
                text23                             1224     1224       4E        4       0
                text22                             13DA     13DA       30      97E       0
                text21                              F0C      F0C       88        4       0
                text20                             1272     1272       4A        4       0
                text19                              628      628      156        4       0
                text18                             12FC     12FC       3E      97E       0
                text17                              B1A      B1A      10A        4       0
                text16                              D16      D16       DC        4       0
                text15                             147E     147E       1C      97E       0
                text14                             1378     1378       32      97E       0
                text13                              DF2      DF2       8E        4       0
                text12                              47A      47A      1AE        4       0
                text11                              8D2      8D2      138        4       0
                text10                             1180     1180       52        4       0
                text9                              1110     1110       70        4       0
                text8                              14B0     14B0       14      97E       0
                text7                               E80      E80       8C        4       0
                text6                              145C     145C       22      97E       0
                text5                              151C     151C        E      97E       0
                text4                                1C       1C      2A2        4       0
                text3                              14D8     14D8       12      97E       0
                text2                              1536     1536        8      97E       0
                text1                              13AA     13AA       30      97E       0
                text0                               2BE      2BE      1BC        4       0
                cstackCOMRAM                          1        1       46        1       1
                cstackBANK0                          DE       DE        7       80       1
                dataBANK1                           100      100       7E      100       1
                dataBANK0                            80       80       3F       80       1
                bssBANK0                             BF       BF       1F       80       1
                dataCOMRAM                           47       47       16        1       1
                bssCOMRAM                            5D       5D       13        1       1
                cinit                               F94      F94       82        4       0
                idataBANK1                         1016     1016       7E        4       0
                idataBANK0                         12BC     12BC       3F        4       0
                idataCOMRAM                        149A     149A       16      97E       0

TOTAL           Name                               Link     Load   Length     Space
        CLASS   STACK          

        CLASS   CODE           
                end_init                             18       18        4         0
                intcode                               8        8       10         0
                reset_vec                             0        0        4         0
                text37                             153E     153E        8         0
                text36                              77E      77E      154         0
                text35                             152A     152A        C         0
                intcode_body                       1094     1094       7C         0
                text33                             1434     1434       28         0
                text32                             11D2     11D2       52         0
                text31                             14EA     14EA       12         0
                text30                             14C4     14C4       14         0
                text29                             150C     150C       10         0
                text28                             14FC     14FC       10         0
                text27                              A0A      A0A      110         0
                text26                             133A     133A       3E         0
                text25                              C24      C24       F2         0
                text24                             140A     140A       2A         0
                text23                             1224     1224       4E         0
                text22                             13DA     13DA       30         0
                text21                              F0C      F0C       88         0
                text20                             1272     1272       4A         0
                text19                              628      628      156         0
                text18                             12FC     12FC       3E         0
                text17                              B1A      B1A      10A         0
                text16                              D16      D16       DC         0
                text15                             147E     147E       1C         0
                text14                             1378     1378       32         0
                text13                              DF2      DF2       8E         0
                text12                              47A      47A      1AE         0
                text11                              8D2      8D2      138         0
                text10                             1180     1180       52         0
                text9                              1110     1110       70         0
                text8                              14B0     14B0       14         0
                text7                               E80      E80       8C         0
                text6                              145C     145C       22         0
                text5                              151C     151C        E         0
                text4                                1C       1C      2A2         0
                text3                              14D8     14D8       12         0
                text2                              1536     1536        8         0
                text1                              13AA     13AA       30         0
                text0                               2BE      2BE      1BC         0
                cinit                               F94      F94       82         0
                idataBANK1                         1016     1016       7E         0
                idataBANK0                         12BC     12BC       3F         0
                idataCOMRAM                        149A     149A       16         0

        CLASS   CONST          

        CLASS   SMALLCONST     

        CLASS   MEDIUMCONST    
                mediumconst                        FDC2     FDC2      23E         0

        CLASS   COMRAM         
                cstackCOMRAM                          1        1       46         1
                dataCOMRAM                           47       47       16         1
                bssCOMRAM                            5D       5D       13         1

        CLASS   ABS1           

        CLASS   BIGRAM         

        CLASS   RAM            

        CLASS   BANK0          
                cstackBANK0                          DE       DE        7         1
                dataBANK0                            80       80       3F         1
                bssBANK0                             BF       BF       1F         1

        CLASS   BANK1          
                dataBANK1                           100      100       7E         1

        CLASS   BANK2          

        CLASS   BANK3          

        CLASS   BANK4          

        CLASS   BANK5          

        CLASS   BANK6          

        CLASS   BANK7          

        CLASS   BANK8          

        CLASS   BANK9          

        CLASS   BANK10         

        CLASS   BANK11         

        CLASS   BANK12         

        CLASS   BANK13         

        CLASS   BANK14         

        CLASS   BANK15         

        CLASS   SFR            

        CLASS   FARRAM         

        CLASS   CONFIG         
                config                           300000   300000        E         0

        CLASS   IDLOC          
                idloc                            200000   200000        8         0

        CLASS   EEDATA         



SEGMENTS        Name                           Load    Length   Top    Selector   Space  Class

                reset_vec                      000000  000004  000004         0       0  CODE    
                cstackCOMRAM                   000001  00006F  000070         1       1  COMRAM  
                intcode                        000008  0012F3  0012FB         4       0  CODE    
                dataBANK0                      000080  000065  0000E5        80       1  BANK0   
                dataBANK1                      000100  00007E  00017E       100       1  BANK1   
                text18                         0012FC  00024A  001546       97E       0  CODE    
                mediumconst                    00FDC2  00023E  010000      7EE1       0  MEDIUMCO
                idloc                          200000  000008  200008    200000       0  IDLOC   
                config                         300000  00000E  30000E    300000       0  CONFIG  


UNUSED ADDRESS RANGES

        Name                Unused          Largest block    Delta
        BANK0            0000E5-0000FF               1B
        BANK1            00017E-0001FF               82
        BANK10           000A00-000AFF              100
        BANK11           000B00-000BFF              100
        BANK12           000C00-000CFF              100
        BANK13           000D00-000DFF              100
        BANK14           000E00-000EFF              100
        BANK15           000F00-000F7F               80
        BANK2            000200-0002FF              100
        BANK3            000300-0003FF              100
        BANK4            000400-0004FF              100
        BANK5            000500-0005FF              100
        BANK6            000600-0006FF              100
        BANK7            000700-0007FF              100
        BANK8            000800-0008FF              100
        BANK9            000900-0009FF              100
        BIGRAM           000070-00007F               10
                         0000E5-0000FF               1B
                         00017E-000F7F              E02
        CODE             000004-000007                4
                         0012FB-0012FB                1
                         001546-00FDC1             E87C
        COMRAM           000070-00007F               10
        CONST            000004-000007                4
                         0012FB-0012FB                1
                         001546-00FDC1             E87C
        EEDATA           F00000-F003FF              400
        MEDIUMCONST      0012FB-0012FB                1
                         001546-00FDC1             E87C
        RAM              0000E5-0000FF               1B
                         00017E-000F7F              100
        SFR              000F80-000FFF               80
        SMALLCONST       0012FB-0012FB                1
                         001546-00FDC1              100
        STACK            00017E-000F7F              E02

                                  Symbol Table

?___lldiv                         cstackCOMRAM 000011
?___wmul                          cstackCOMRAM 000011
?_printf                          cstackCOMRAM 00001E
?_strlen                          cstackCOMRAM 000011
OpenUSART@config                  cstackCOMRAM 000013
OpenUSART@spbrg                   cstackCOMRAM 000011
_ADCON1                           (abs)        000FC1
_Activate_Buzzer                  text3        0014D8
_CCP2CON                          (abs)        000FBA
_CCPR2L                           (abs)        000FBB
_D1                               dataBANK0    000080
_D2                               dataBANK0    000095
_D3                               dataBANK0    0000AA
_Deactivate_Buzzer                text2        001536
_INT0_isr                         text36       00077E
_INTCON2bits                      (abs)        000FF1
_INTCONbits                       (abs)        000FF2
_Initialize_Screen                text13       000DF2
_LCD_Reset                        text31       0014EA
_Nec_code                         bssCOMRAM    00005D
_Nec_code1                        bssCOMRAM    000069
_Nec_state                        bssCOMRAM    00006A
_OSCCON                           (abs)        000FD3
_OpenUSART                        text9        001110
_PIE1bits                         (abs)        000F9D
_PIR1bits                         (abs)        000F9E
_PIR2bits                         (abs)        000FA1
_PORTA                            (abs)        000F80
_PORTB                            (abs)        000F81
_PORTBbits                        (abs)        000F81
_PORTC                            (abs)        000F82
_PORTD                            (abs)        000F83
_PORTDbits                        (abs)        000F83
_PORTE                            (abs)        000F84
_PORTEbits                        (abs)        000F84
_PR2                              (abs)        000FCB
_RCSTA                            (abs)        000FAB
_RCSTAbits                        (abs)        000FAB
_Rcmd1                            text27       000A0A
_Rcmd2red                         text26       00133A
_Rcmd3                            text25       000C24
_SPBRG                            (abs)        000FAF
_SPBRGH                           (abs)        000FB0
_SSPBUF                           (abs)        000FC9
_SSPCON1                          (abs)        000FC6
_SSPSTAT                          (abs)        000FC7
_SSPSTATbits                      (abs)        000FC7
_T1CON                            (abs)        000FCD
_T1CONbits                        (abs)        000FCD
_T2CON                            (abs)        000FCA
_T3CON                            (abs)        000FB1
_T3CONbits                        (abs)        000FB1
_TFT_GreenTab_Initialize          text24       00140A
_TIMER1_isr                       text35       00152A
_TMR0H                            (abs)        000FD7
_TMR0L                            (abs)        000FD6
_TMR1H                            (abs)        000FCF
_TMR1L                            (abs)        000FCE
_TRISA                            (abs)        000F92
_TRISB                            (abs)        000F93
_TRISC                            (abs)        000F94
_TRISCbits                        (abs)        000F94
_TRISD                            (abs)        000F95
_TRISE                            (abs)        000F96
_TRMT                             (abs)        007D61
_TXREG                            (abs)        000FAD
_TXSTA                            (abs)        000FAC
_TXSTAbits                        (abs)        000FAC
_Time_Elapsed                     bssCOMRAM    000061
__CFG_BOREN$OFF                   (abs)        000000
__CFG_CCP2MX$PORTBE               (abs)        000000
__CFG_LVP$OFF                     (abs)        000000
__CFG_OSC$INTIO67                 (abs)        000000
__CFG_WDT$OFF                     (abs)        000000
__HRAM                            (abs)        000000
__Habs1                           abs1         000000
__Hbank0                          bank0        000000
__Hbank1                          bank1        000000
__Hbank10                         bank10       000000
__Hbank11                         bank11       000000
__Hbank12                         bank12       000000
__Hbank13                         bank13       000000
__Hbank14                         bank14       000000
__Hbank15                         bank15       000000
__Hbank2                          bank2        000000
__Hbank3                          bank3        000000
__Hbank4                          bank4        000000
__Hbank5                          bank5        000000
__Hbank6                          bank6        000000
__Hbank7                          bank7        000000
__Hbank8                          bank8        000000
__Hbank9                          bank9        000000
__Hbigbss                         bigbss       000000
__Hbigdata                        bigdata      000000
__Hbigram                         bigram       000000
__Hbss                            bss          000000
__HbssBANK0                       bssBANK0     000000
__HbssCOMRAM                      bssCOMRAM    000000
__Hcinit                          cinit        000000
__Hclrtext                        clrtext      000000
__Hcomram                         comram       000000
__Hconfig                         config       30000E
__Hconst                          const        000000
__HcstackBANK0                    cstackBANK0  000000
__HcstackCOMRAM                   cstackCOMRAM 000000
__Hdata                           data         000000
__HdataBANK0                      dataBANK0    000000
__HdataBANK1                      dataBANK1    000000
__HdataCOMRAM                     dataCOMRAM   000000
__Heeprom_data                    eeprom_data  000000
__Hend_init                       end_init     00001C
__Hfarbss                         farbss       000000
__Hfardata                        fardata      000000
__Hibigdata                       ibigdata     000000
__Hidata                          idata        000000
__HidataBANK0                     idataBANK0   000000
__HidataBANK1                     idataBANK1   000000
__HidataCOMRAM                    idataCOMRAM  000000
__Hidloc                          idloc        200008
__Hifardata                       ifardata     000000
__Hinit                           init         000018
__Hintcode                        intcode      000018
__Hintcode_body                   intcode_body 000000
__Hintcodelo                      intcodelo    000018
__Hintentry                       intentry     000000
__Hintret                         intret       000000
__Hintsave_regs                   intsave_regs 000000
__Hirdata                         irdata       000000
__Hmediumconst                    mediumconst  010000
__HnvFARRAM                       nvFARRAM     000000
__Hnvbit                          nvbit        000000
__Hnvrram                         nvrram       000000
__Hparam                          rparam       000000
__Hpowerup                        powerup      000018
__Hram                            ram          000000
__Hramtop                         ramtop       001000
__Hrbit                           rbit         000000
__Hrbss                           rbss         000000
__Hrdata                          rdata        000000
__Hreset_vec                      reset_vec    000004
__Hrparam                         rparam       000000
__Hsfr                            sfr          000000
__Hsmallconst                     smallconst   000000
__Hspace_0                        (abs)        30000E
__Hspace_1                        (abs)        00017E
__Hspace_2                        (abs)        000000
__Hstack                          stack        000000
__Hstruct                         struct       000000
__Htemp                           temp         000000
__Htext                           text         000000
__Htext0                          text0        000000
__Htext1                          text1        000000
__Htext10                         text10       000000
__Htext11                         text11       000000
__Htext12                         text12       000000
__Htext13                         text13       000000
__Htext14                         text14       000000
__Htext15                         text15       000000
__Htext16                         text16       000000
__Htext17                         text17       000000
__Htext18                         text18       000000
__Htext19                         text19       000000
__Htext2                          text2        000000
__Htext20                         text20       000000
__Htext21                         text21       000000
__Htext22                         text22       000000
__Htext23                         text23       000000
__Htext24                         text24       000000
__Htext25                         text25       000000
__Htext26                         text26       000000
__Htext27                         text27       000000
__Htext28                         text28       000000
__Htext29                         text29       000000
__Htext3                          text3        000000
__Htext30                         text30       000000
__Htext31                         text31       000000
__Htext32                         text32       000000
__Htext33                         text33       000000
__Htext35                         text35       000000
__Htext36                         text36       000000
__Htext37                         text37       000000
__Htext4                          text4        000000
__Htext5                          text5        000000
__Htext6                          text6        000000
__Htext7                          text7        000000
__Htext8                          text8        000000
__Htext9                          text9        000000
__LRAM                            (abs)        000001
__Labs1                           abs1         000000
__Lbank0                          bank0        000000
__Lbank1                          bank1        000000
__Lbank10                         bank10       000000
__Lbank11                         bank11       000000
__Lbank12                         bank12       000000
__Lbank13                         bank13       000000
__Lbank14                         bank14       000000
__Lbank15                         bank15       000000
__Lbank2                          bank2        000000
__Lbank3                          bank3        000000
__Lbank4                          bank4        000000
__Lbank5                          bank5        000000
__Lbank6                          bank6        000000
__Lbank7                          bank7        000000
__Lbank8                          bank8        000000
__Lbank9                          bank9        000000
__Lbigbss                         bigbss       000000
__Lbigdata                        bigdata      000000
__Lbigram                         bigram       000000
__Lbss                            bss          000000
__LbssBANK0                       bssBANK0     000000
__LbssCOMRAM                      bssCOMRAM    000000
__Lcinit                          cinit        000000
__Lclrtext                        clrtext      000000
__Lcomram                         comram       000000
__Lconfig                         config       300000
__Lconst                          const        000000
__LcstackBANK0                    cstackBANK0  000000
__LcstackCOMRAM                   cstackCOMRAM 000000
__Ldata                           data         000000
__LdataBANK0                      dataBANK0    000000
__LdataBANK1                      dataBANK1    000000
__LdataCOMRAM                     dataCOMRAM   000000
__Leeprom_data                    eeprom_data  000000
__Lend_init                       end_init     000018
__Lfarbss                         farbss       000000
__Lfardata                        fardata      000000
__Libigdata                       ibigdata     000000
__Lidata                          idata        000000
__LidataBANK0                     idataBANK0   000000
__LidataBANK1                     idataBANK1   000000
__LidataCOMRAM                    idataCOMRAM  000000
__Lidloc                          idloc        200000
__Lifardata                       ifardata     000000
__Linit                           init         000018
__Lintcode                        intcode      000008
__Lintcode_body                   intcode_body 000000
__Lintcodelo                      intcodelo    000018
__Lintentry                       intentry     000000
__Lintret                         intret       000000
__Lintsave_regs                   intsave_regs 000000
__Lirdata                         irdata       000000
__Lmediumconst                    mediumconst  00FDC2
__LnvFARRAM                       nvFARRAM     000000
__Lnvbit                          nvbit        000000
__Lnvrram                         nvrram       000000
__Lparam                          rparam       000000
__Lpowerup                        powerup      000018
__Lram                            ram          000000
__Lramtop                         ramtop       001000
__Lrbit                           rbit         000000
__Lrbss                           rbss         000000
__Lrdata                          rdata        000000
__Lreset_vec                      reset_vec    000000
__Lrparam                         rparam       000000
__Lsfr                            sfr          000000
__Lsmallconst                     smallconst   000000
__Lspace_0                        (abs)        000000
__Lspace_1                        (abs)        000000
__Lspace_2                        (abs)        000000
__Lstack                          stack        000000
__Lstruct                         struct       000000
__Ltemp                           temp         000000
__Ltext                           text         000000
__Ltext0                          text0        000000
__Ltext1                          text1        000000
__Ltext10                         text10       000000
__Ltext11                         text11       000000
__Ltext12                         text12       000000
__Ltext13                         text13       000000
__Ltext14                         text14       000000
__Ltext15                         text15       000000
__Ltext16                         text16       000000
__Ltext17                         text17       000000
__Ltext18                         text18       000000
__Ltext19                         text19       000000
__Ltext2                          text2        000000
__Ltext20                         text20       000000
__Ltext21                         text21       000000
__Ltext22                         text22       000000
__Ltext23                         text23       000000
__Ltext24                         text24       000000
__Ltext25                         text25       000000
__Ltext26                         text26       000000
__Ltext27                         text27       000000
__Ltext28                         text28       000000
__Ltext29                         text29       000000
__Ltext3                          text3        000000
__Ltext30                         text30       000000
__Ltext31                         text31       000000
__Ltext32                         text32       000000
__Ltext33                         text33       000000
__Ltext35                         text35       000000
__Ltext36                         text36       000000
__Ltext37                         text37       000000
__Ltext4                          text4        000000
__Ltext5                          text5        000000
__Ltext6                          text6        000000
__Ltext7                          text7        000000
__Ltext8                          text8        000000
__Ltext9                          text9        000000
__S0                              (abs)        30000E
__S1                              (abs)        00017E
__S2                              (abs)        000000
___inthi_sp                       stack        000000
___intlo_sp                       stack        000000
___lldiv                          text7        000E80
___lldiv@counter                  cstackCOMRAM 00001D
___lldiv@dividend                 cstackCOMRAM 000011
___lldiv@divisor                  cstackCOMRAM 000015
___lldiv@quotient                 cstackCOMRAM 000019
___param_bank                     (abs)        000010
___rparam_used                    (abs)        000001
___sp                             stack        000000
___wmul                           text33       001434
___wmul@multiplicand              cstackCOMRAM 000013
___wmul@multiplier                cstackCOMRAM 000011
___wmul@product                   cstackCOMRAM 000015
__accesstop                       (abs)        000080
__activetblptr                    (abs)        000002
__end_of_Activate_Buzzer          text3        0014EA
__end_of_Deactivate_Buzzer        text2        00153E
__end_of_INT0_isr                 text36       0008D2
__end_of_Initialize_Screen        text13       000E80
__end_of_LCD_Reset                text31       0014FC
__end_of_OpenUSART                text9        001180
__end_of_Rcmd1                    text27       000B1A
__end_of_Rcmd2red                 text26       001378
__end_of_Rcmd3                    text25       000D16
__end_of_TFT_GreenTab_Initialize  text24       001434
__end_of_TIMER1_isr               text35       001536
__end_of___lldiv                  text7        000F0C
__end_of___wmul                   text33       00145C
__end_of__initialization          cinit        00100C
__end_of_chkisr                   intcode_body 001110
__end_of_delay_ms                 text32       001224
__end_of_drawChar                 text19       00077E
__end_of_drawCircle               text12       000628
__end_of_drawFastVLine            text21       000F94
__end_of_drawPixel                text22       00140A
__end_of_drawtext                 text17       000C24
__end_of_fillCircle               text10       0011D2
__end_of_fillCircleHelper         text11       000A0A
__end_of_fillRect                 text20       0012BC
__end_of_fillRectangle            text16       000DF2
__end_of_fillScreen               text15       00149A
__end_of_font                     mediumconst  00FEC2
__end_of_font2                    mediumconst  00FF9E
__end_of_force_nec_state0         text37       001546
__end_of_hexpowers                mediumconst  00FFBE
__end_of_init_UART                text8        0014C4
__end_of_isdigit                  text6        00147E
__end_of_main                     text0        00047A
__end_of_printf                   text4        0002BE
__end_of_putch                    text5        00152A
__end_of_setAddrWindow            text23       001272
__end_of_spiwrite                 text30       0014D8
__end_of_strcpy                   text14       0013AA
__end_of_strlen                   text18       00133A
__end_of_waitHalfSecond           text1        0013DA
__end_of_write_command            text29       00151C
__end_of_write_data               text28       00150C
__initialization                  cinit        000F94
__mediumconst                     mediumconst  00FDC2
__pbssBANK0                       bssBANK0     0000BF
__pbssCOMRAM                      bssCOMRAM    00005D
__pcinit                          cinit        000F94
__pcstackBANK0                    cstackBANK0  0000DE
__pcstackCOMRAM                   cstackCOMRAM 000001
__pdataBANK0                      dataBANK0    000080
__pdataBANK1                      dataBANK1    000100
__pdataCOMRAM                     dataCOMRAM   000047
__pidataBANK0                     idataBANK0   0012BC
__pidataBANK1                     idataBANK1   001016
__pidataCOMRAM                    idataCOMRAM  00149A
__pintcode                        intcode      000008
__pintcode_body                   intcode_body 001094
__pmediumconst                    mediumconst  00FDC2
__ptext0                          text0        0002BE
__ptext1                          text1        0013AA
__ptext10                         text10       001180
__ptext11                         text11       0008D2
__ptext12                         text12       00047A
__ptext13                         text13       000DF2
__ptext14                         text14       001378
__ptext15                         text15       00147E
__ptext16                         text16       000D16
__ptext17                         text17       000B1A
__ptext18                         text18       0012FC
__ptext19                         text19       000628
__ptext2                          text2        001536
__ptext20                         text20       001272
__ptext21                         text21       000F0C
__ptext22                         text22       0013DA
__ptext23                         text23       001224
__ptext24                         text24       00140A
__ptext25                         text25       000C24
__ptext26                         text26       00133A
__ptext27                         text27       000A0A
__ptext28                         text28       0014FC
__ptext29                         text29       00150C
__ptext3                          text3        0014D8
__ptext30                         text30       0014C4
__ptext31                         text31       0014EA
__ptext32                         text32       0011D2
__ptext33                         text33       001434
__ptext35                         text35       00152A
__ptext36                         text36       00077E
__ptext37                         text37       00153E
__ptext4                          text4        00001C
__ptext5                          text5        00151C
__ptext6                          text6        00145C
__ptext7                          text7        000E80
__ptext8                          text8        0014B0
__ptext9                          text9        001110
__ramtop                          ramtop       001000
__size_of_Activate_Buzzer         (abs)        000000
__size_of_Deactivate_Buzzer       (abs)        000000
__size_of_INT0_isr                (abs)        000000
__size_of_Initialize_Screen       (abs)        000000
__size_of_LCD_Reset               (abs)        000000
__size_of_OpenUSART               (abs)        000000
__size_of_Rcmd1                   (abs)        000000
__size_of_Rcmd2red                (abs)        000000
__size_of_Rcmd3                   (abs)        000000
__size_of_TFT_GreenTab_Initialize (abs)        000000
__size_of_TIMER1_isr              (abs)        000000
__size_of___lldiv                 (abs)        000000
__size_of___wmul                  (abs)        000000
__size_of_chkisr                  (abs)        000000
__size_of_delay_ms                (abs)        000000
__size_of_drawChar                (abs)        000000
__size_of_drawCircle              (abs)        000000
__size_of_drawFastVLine           (abs)        000000
__size_of_drawPixel               (abs)        000000
__size_of_drawtext                (abs)        000000
__size_of_fillCircle              (abs)        000000
__size_of_fillCircleHelper        (abs)        000000
__size_of_fillRect                (abs)        000000
__size_of_fillRectangle           (abs)        000000
__size_of_fillScreen              (abs)        000000
__size_of_force_nec_state0        (abs)        000000
__size_of_init_UART               (abs)        000000
__size_of_isdigit                 (abs)        000000
__size_of_main                    (abs)        000000
__size_of_printf                  (abs)        000000
__size_of_putch                   (abs)        000000
__size_of_setAddrWindow           (abs)        000000
__size_of_spiwrite                (abs)        000000
__size_of_strcpy                  (abs)        000000
__size_of_strlen                  (abs)        000000
__size_of_waitHalfSecond          (abs)        000000
__size_of_write_command           (abs)        000000
__size_of_write_data              (abs)        000000
__smallconst                      smallconst   000000
__tft_type                        bssCOMRAM    00006B
_array1                           dataCOMRAM   000047
_bit_count                        bssCOMRAM    00006C
_buffer                           bssBANK0     0000BF
_chkisr                           intcode      000008
_color                            dataBANK1    000100
_colstart                         bssCOMRAM    00006D
_delay_ms                         text32       0011D2
_drawChar                         text19       000628
_drawCircle                       text12       00047A
_drawFastVLine                    text21       000F0C
_drawPixel                        text22       0013DA
_drawtext                         text17       000B1A
_fillCircle                       text10       001180
_fillCircleHelper                 text11       0008D2
_fillRect                         text20       001272
_fillRectangle                    text16       000D16
_fillScreen                       text15       00147E
_font                             mediumconst  00FDC3
_font2                            mediumconst  00FEC2
_force_nec_state0                 text37       00153E
_hexpowers                        mediumconst  00FF9E
_i                                bssCOMRAM    00006E
_init_UART                        text8        0014B0
_isdigit                          text6        00145C
_isdigit$1813                     cstackCOMRAM 000012
_main                             text0        0002BE
_nRBPU                            (abs)        007F8F
_nbr                              bssCOMRAM    000063
_nec_ok                           bssCOMRAM    000065
_printf                           text4        00001C
_putch                            text5        00151C
_rowstart                         bssCOMRAM    00006F
_setAddrWindow                    text23       001224
_spiwrite                         text30       0014C4
_strcpy                           text14       001378
_strlen                           text18       0012FC
_txt                              bssCOMRAM    000067
_txt1                             dataBANK1    00012A
_waitHalfSecond                   text1        0013AA
_wrap                             dataCOMRAM   00005C
_write_command                    text29       00150C
_write_data                       text28       0014FC
delay_ms@count                    cstackCOMRAM 00001B
delay_ms@ms                       cstackCOMRAM 000017
drawChar@bg                       cstackCOMRAM 000032
drawChar@c                        cstackCOMRAM 00002F
drawChar@color                    cstackCOMRAM 000030
drawChar@i                        cstackCOMRAM 000038
drawChar@j                        cstackCOMRAM 000037
drawChar@line                     cstackCOMRAM 000035
drawChar@size                     cstackCOMRAM 000034
drawChar@x                        cstackCOMRAM 000036
drawChar@y                        cstackCOMRAM 00002E
drawCircle@color                  cstackCOMRAM 000022
drawCircle@ddF_x                  cstackCOMRAM 000026
drawCircle@ddF_y                  cstackCOMRAM 000028
drawCircle@f                      cstackCOMRAM 00002A
drawCircle@r                      cstackCOMRAM 000020
drawCircle@x                      cstackCOMRAM 00002C
drawCircle@x0                     cstackCOMRAM 00001C
drawCircle@y                      cstackCOMRAM 00002E
drawCircle@y0                     cstackCOMRAM 00001E
drawFastVLine@color               cstackCOMRAM 00001A
drawFastVLine@h                   cstackCOMRAM 000019
drawFastVLine@hi                  cstackCOMRAM 000020
drawFastVLine@lo                  cstackCOMRAM 000021
drawFastVLine@x                   cstackCOMRAM 000022
drawFastVLine@y                   cstackCOMRAM 000018
drawPixel@color                   cstackCOMRAM 000019
drawPixel@x                       cstackCOMRAM 00001B
drawPixel@y                       cstackCOMRAM 000018
drawtext@_text                    cstackCOMRAM 00003A
drawtext@bg                       cstackCOMRAM 00003E
drawtext@color                    cstackCOMRAM 00003C
drawtext@cursor_x                 cstackBANK0  0000E4
drawtext@cursor_y                 cstackBANK0  0000E3
drawtext@i                        cstackBANK0  0000E1
drawtext@size                     cstackCOMRAM 000040
drawtext@textsize                 cstackBANK0  0000DF
drawtext@x                        cstackBANK0  0000DE
drawtext@y                        cstackCOMRAM 000039
end_of_initialization             cinit        00100C
fillCircle@color                  cstackCOMRAM 000041
fillCircle@r                      cstackCOMRAM 00003F
fillCircle@x0                     cstackCOMRAM 00003B
fillCircle@y0                     cstackCOMRAM 00003D
fillCircleHelper@color            cstackCOMRAM 00002D
fillCircleHelper@cornername       cstackCOMRAM 000029
fillCircleHelper@ddF_x            cstackCOMRAM 000031
fillCircleHelper@ddF_y            cstackCOMRAM 000033
fillCircleHelper@delta            cstackCOMRAM 00002B
fillCircleHelper@f                cstackCOMRAM 000035
fillCircleHelper@r                cstackCOMRAM 000027
fillCircleHelper@x                cstackCOMRAM 000037
fillCircleHelper@x0               cstackCOMRAM 000023
fillCircleHelper@y                cstackCOMRAM 000039
fillCircleHelper@y0               cstackCOMRAM 000025
fillRect@color                    cstackCOMRAM 000026
fillRect@h                        cstackCOMRAM 000025
fillRect@i                        cstackCOMRAM 00002C
fillRect@w                        cstackCOMRAM 000024
fillRect@x                        cstackCOMRAM 00002B
fillRect@y                        cstackCOMRAM 000023
fillRectangle@color               cstackCOMRAM 00001B
fillRectangle@h                   cstackCOMRAM 00001A
fillRectangle@hi                  cstackCOMRAM 000021
fillRectangle@lo                  cstackCOMRAM 000022
fillRectangle@w                   cstackCOMRAM 000019
fillRectangle@x                   cstackCOMRAM 000023
fillRectangle@y                   cstackCOMRAM 000018
fillScreen@color                  cstackCOMRAM 000024
int_func                          intcode_body 001094
intlevel0                         text         000000
intlevel1                         text         000000
intlevel2                         text         000000
intlevel3                         text         000000
isdigit@c                         cstackCOMRAM 000013
main@found                        cstackCOMRAM 000046
main@i                            cstackCOMRAM 000044
printf@ap                         cstackCOMRAM 000031
printf@c                          cstackCOMRAM 000036
printf@f                          cstackCOMRAM 00001E
printf@flag                       cstackCOMRAM 000033
printf@idx                        cstackCOMRAM 00002A
printf@prec                       cstackCOMRAM 00002B
printf@val                        cstackCOMRAM 00002D
printf@width                      cstackCOMRAM 000034
putch@c                           cstackCOMRAM 000011
setAddrWindow@x0                  cstackCOMRAM 000017
setAddrWindow@x1                  cstackCOMRAM 000015
setAddrWindow@y0                  cstackCOMRAM 000014
setAddrWindow@y1                  cstackCOMRAM 000016
spiwrite@spidata                  cstackCOMRAM 000012
spiwrite@x                        cstackCOMRAM 000011
stackhi                           (abs)        000F7F
stacklo                           (abs)        00017E
start                             init         000018
start_initialization              cinit        000F94
strcpy@cp                         cstackCOMRAM 000015
strcpy@from                       cstackCOMRAM 000013
strcpy@to                         cstackCOMRAM 000011
strlen@cp                         cstackCOMRAM 000015
strlen@s                          cstackCOMRAM 000011
waitHalfSecond@i                  cstackCOMRAM 000011
write_command@cmd_                cstackCOMRAM 000013
write_data@data_                  cstackCOMRAM 000013


FUNCTION INFORMATION:

 *************** function _main *****************
 Defined at:
		line 291 in file "Lab9_sample_3.c"
 Parameters:    Size  Location     Type
		None
 Auto vars:     Size  Location     Type
  i               2   67[COMRAM] int 
  found           1   69[COMRAM] unsigned char 
 Return value:  Size  Location     Type
		None               void
 Registers used:
		wreg, fsr2l, fsr2h, status,2, status,0, tblptrl, tblptrh, tblptru, prodl, prodh, cstack
 Tracked objects:
		On entry : 
		On exit  : 
		Unchanged: 
 Data sizes:     COMRAM   BANK0   BANK1   BANK2   BANK3   BANK4   BANK5   BANK6   BANK7   BANK8   BANK9  BANK10  BANK11  BANK12  BANK13  BANK14  BANK15
      Params:         0       0       0       0       0       0       0       0       0       0       0       0       0       0       0       0       0
      Locals:         3       0       0       0       0       0       0       0       0       0       0       0       0       0       0       0       0
      Temps:          1       0       0       0       0       0       0       0       0       0       0       0       0       0       0       0       0
      Totals:         4       0       0       0       0       0       0       0       0       0       0       0       0       0       0       0       0
Total ram usage:        4 bytes
 Hardware stack levels required when called:   11
 This function calls:
		_Initialize_Screen
		_drawCircle
		_drawtext
		_fillCircle
		_init_UART
		_printf
		_waitHalfSecond
 This function is called by:
		Startup code after reset
 This function uses a non-reentrant model


 *************** function _waitHalfSecond *****************
 Defined at:
		line 396 in file "Lab9_sample_3.c"
 Parameters:    Size  Location     Type
		None
 Auto vars:     Size  Location     Type
  i               2   16[COMRAM] int 
 Return value:  Size  Location     Type
		None               void
 Registers used:
		wreg, status,2, status,0, cstack
 Tracked objects:
		On entry : 
		On exit  : 
		Unchanged: 
 Data sizes:     COMRAM   BANK0   BANK1   BANK2   BANK3   BANK4   BANK5   BANK6   BANK7   BANK8   BANK9  BANK10  BANK11  BANK12  BANK13  BANK14  BANK15
      Params:         0       0       0       0       0       0       0       0       0       0       0       0       0       0       0       0       0
      Locals:         2       0       0       0       0       0       0       0       0       0       0       0       0       0       0       0       0
      Temps:          0       0       0       0       0       0       0       0       0       0       0       0       0       0       0       0       0
      Totals:         2       0       0       0       0       0       0       0       0       0       0       0       0       0       0       0       0
Total ram usage:        2 bytes
 Hardware stack levels used:    1
 Hardware stack levels required when called:    4
 This function calls:
		_Activate_Buzzer
		_Deactivate_Buzzer
 This function is called by:
		_main
 This function uses a non-reentrant model


 *************** function _Deactivate_Buzzer *****************
 Defined at:
		line 390 in file "Lab9_sample_3.c"
 Parameters:    Size  Location     Type
		None
 Auto vars:     Size  Location     Type
		None
 Return value:  Size  Location     Type
		None               void
 Registers used:
		wreg, status,2
 Tracked objects:
		On entry : 
		On exit  : 
		Unchanged: 
 Data sizes:     COMRAM   BANK0   BANK1   BANK2   BANK3   BANK4   BANK5   BANK6   BANK7   BANK8   BANK9  BANK10  BANK11  BANK12  BANK13  BANK14  BANK15
      Params:         0       0       0       0       0       0       0       0       0       0       0       0       0       0       0       0       0
      Locals:         0       0       0       0       0       0       0       0       0       0       0       0       0       0       0       0       0
      Temps:          0       0       0       0       0       0       0       0       0       0       0       0       0       0       0       0       0
      Totals:         0       0       0       0       0       0       0       0       0       0       0       0       0       0       0       0       0
Total ram usage:        0 bytes
 Hardware stack levels used:    1
 Hardware stack levels required when called:    3
 This function calls:
		Nothing
 This function is called by:
		_waitHalfSecond
 This function uses a non-reentrant model


 *************** function _Activate_Buzzer *****************
 Defined at:
		line 383 in file "Lab9_sample_3.c"
 Parameters:    Size  Location     Type
		None
 Auto vars:     Size  Location     Type
		None
 Return value:  Size  Location     Type
		None               void
 Registers used:
		wreg, status,2
 Tracked objects:
		On entry : 
		On exit  : 
		Unchanged: 
 Data sizes:     COMRAM   BANK0   BANK1   BANK2   BANK3   BANK4   BANK5   BANK6   BANK7   BANK8   BANK9  BANK10  BANK11  BANK12  BANK13  BANK14  BANK15
      Params:         0       0       0       0       0       0       0       0       0       0       0       0       0       0       0       0       0
      Locals:         0       0       0       0       0       0       0       0       0       0       0       0       0       0       0       0       0
      Temps:          0       0       0       0       0       0       0       0       0       0       0       0       0       0       0       0       0
      Totals:         0       0       0       0       0       0       0       0       0       0       0       0       0       0       0       0       0
Total ram usage:        0 bytes
 Hardware stack levels used:    1
 Hardware stack levels required when called:    3
 This function calls:
		Nothing
 This function is called by:
		_waitHalfSecond
 This function uses a non-reentrant model


 *************** function _printf *****************
 Defined at:
		line 464 in file "C:\Program Files (x86)\Microchip\xc8\v1.34\sources\common\doprnt.c"
 Parameters:    Size  Location     Type
  f               2   29[COMRAM] PTR const unsigned char 
		 -> STR_1(22), 
 Auto vars:     Size  Location     Type
  idx             1   41[COMRAM] unsigned char 
  val             4   44[COMRAM] unsigned long 
  tmpval          4    0        struct .
  cp              3    0        PTR const unsigned char 
  width           2   51[COMRAM] int 
  ap              2   48[COMRAM] PTR void [1]
		 -> ?_printf(2), 
  prec            2   42[COMRAM] int 
  len             2    0        unsigned int 
  c               1   53[COMRAM] char 
  flag            1   50[COMRAM] unsigned char 
 Return value:  Size  Location     Type
                  2   29[COMRAM] int 
 Registers used:
		wreg, fsr2l, fsr2h, status,2, status,0, tblptrl, tblptrh, tblptru, prodl, prodh, cstack
 Tracked objects:
		On entry : 
		On exit  : 
		Unchanged: 
 Data sizes:     COMRAM   BANK0   BANK1   BANK2   BANK3   BANK4   BANK5   BANK6   BANK7   BANK8   BANK9  BANK10  BANK11  BANK12  BANK13  BANK14  BANK15
      Params:         8       0       0       0       0       0       0       0       0       0       0       0       0       0       0       0       0
      Locals:        13       0       0       0       0       0       0       0       0       0       0       0       0       0       0       0       0
      Temps:          4       0       0       0       0       0       0       0       0       0       0       0       0       0       0       0       0
      Totals:        25       0       0       0       0       0       0       0       0       0       0       0       0       0       0       0       0
Total ram usage:       25 bytes
 Hardware stack levels used:    1
 Hardware stack levels required when called:    4
 This function calls:
		___lldiv
		___wmul
		_isdigit
		_putch
 This function is called by:
		_main
 This function uses a non-reentrant model


 *************** function _putch *****************
 Defined at:
		line 146 in file "Lab9_sample_3.c"
 Parameters:    Size  Location     Type
  c               1    wreg     unsigned char 
 Auto vars:     Size  Location     Type
  c               1   16[COMRAM] unsigned char 
 Return value:  Size  Location     Type
		None               void
 Registers used:
		wreg
 Tracked objects:
		On entry : 
		On exit  : 
		Unchanged: 
 Data sizes:     COMRAM   BANK0   BANK1   BANK2   BANK3   BANK4   BANK5   BANK6   BANK7   BANK8   BANK9  BANK10  BANK11  BANK12  BANK13  BANK14  BANK15
      Params:         0       0       0       0       0       0       0       0       0       0       0       0       0       0       0       0       0
      Locals:         1       0       0       0       0       0       0       0       0       0       0       0       0       0       0       0       0
      Temps:          0       0       0       0       0       0       0       0       0       0       0       0       0       0       0       0       0
      Totals:         1       0       0       0       0       0       0       0       0       0       0       0       0       0       0       0       0
Total ram usage:        1 bytes
 Hardware stack levels used:    1
 Hardware stack levels required when called:    3
 This function calls:
		Nothing
 This function is called by:
		_printf
 This function uses a non-reentrant model


 *************** function _isdigit *****************
 Defined at:
		line 8 in file "C:\Program Files (x86)\Microchip\xc8\v1.34\sources\common\isdigit.c"
 Parameters:    Size  Location     Type
  c               1    wreg     unsigned char 
 Auto vars:     Size  Location     Type
  c               1   18[COMRAM] unsigned char 
 Return value:  Size  Location     Type
		None               void
 Registers used:
		wreg, status,2, status,0
 Tracked objects:
		On entry : 
		On exit  : 
		Unchanged: 
 Data sizes:     COMRAM   BANK0   BANK1   BANK2   BANK3   BANK4   BANK5   BANK6   BANK7   BANK8   BANK9  BANK10  BANK11  BANK12  BANK13  BANK14  BANK15
      Params:         0       0       0       0       0       0       0       0       0       0       0       0       0       0       0       0       0
      Locals:         2       0       0       0       0       0       0       0       0       0       0       0       0       0       0       0       0
      Temps:          1       0       0       0       0       0       0       0       0       0       0       0       0       0       0       0       0
      Totals:         3       0       0       0       0       0       0       0       0       0       0       0       0       0       0       0       0
Total ram usage:        3 bytes
 Hardware stack levels used:    1
 Hardware stack levels required when called:    3
 This function calls:
		Nothing
 This function is called by:
		_printf
 This function uses a non-reentrant model


 *************** function ___lldiv *****************
 Defined at:
		line 8 in file "C:\Program Files (x86)\Microchip\xc8\v1.34\sources\common\lldiv.c"
 Parameters:    Size  Location     Type
  dividend        4   16[COMRAM] unsigned long 
  divisor         4   20[COMRAM] unsigned long 
 Auto vars:     Size  Location     Type
  quotient        4   24[COMRAM] unsigned long 
  counter         1   28[COMRAM] unsigned char 
 Return value:  Size  Location     Type
                  4   16[COMRAM] unsigned long 
 Registers used:
		wreg, status,2, status,0
 Tracked objects:
		On entry : 
		On exit  : 
		Unchanged: 
 Data sizes:     COMRAM   BANK0   BANK1   BANK2   BANK3   BANK4   BANK5   BANK6   BANK7   BANK8   BANK9  BANK10  BANK11  BANK12  BANK13  BANK14  BANK15
      Params:         8       0       0       0       0       0       0       0       0       0       0       0       0       0       0       0       0
      Locals:         5       0       0       0       0       0       0       0       0       0       0       0       0       0       0       0       0
      Temps:          0       0       0       0       0       0       0       0       0       0       0       0       0       0       0       0       0
      Totals:        13       0       0       0       0       0       0       0       0       0       0       0       0       0       0       0       0
Total ram usage:       13 bytes
 Hardware stack levels used:    1
 Hardware stack levels required when called:    3
 This function calls:
		Nothing
 This function is called by:
		_printf
 This function uses a non-reentrant model


 *************** function _init_UART *****************
 Defined at:
		line 151 in file "Lab9_sample_3.c"
 Parameters:    Size  Location     Type
		None
 Auto vars:     Size  Location     Type
		None
 Return value:  Size  Location     Type
		None               void
 Registers used:
		wreg, status,2, cstack
 Tracked objects:
		On entry : 
		On exit  : 
		Unchanged: 
 Data sizes:     COMRAM   BANK0   BANK1   BANK2   BANK3   BANK4   BANK5   BANK6   BANK7   BANK8   BANK9  BANK10  BANK11  BANK12  BANK13  BANK14  BANK15
      Params:         0       0       0       0       0       0       0       0       0       0       0       0       0       0       0       0       0
      Locals:         0       0       0       0       0       0       0       0       0       0       0       0       0       0       0       0       0
      Temps:          0       0       0       0       0       0       0       0       0       0       0       0       0       0       0       0       0
      Totals:         0       0       0       0       0       0       0       0       0       0       0       0       0       0       0       0       0
Total ram usage:        0 bytes
 Hardware stack levels used:    1
 Hardware stack levels required when called:    4
 This function calls:
		_OpenUSART
 This function is called by:
		_main
 This function uses a non-reentrant model


 *************** function _OpenUSART *****************
 Defined at:
		line 73 in file "C:\Program Files (x86)\Microchip\xc8\v1.34\sources\pic18\plib\USART\uopen.c"
 Parameters:    Size  Location     Type
  config          1    wreg     unsigned char 
  spbrg           2   16[COMRAM] unsigned int 
 Auto vars:     Size  Location     Type
  config          1   18[COMRAM] unsigned char 
 Return value:  Size  Location     Type
		None               void
 Registers used:
		wreg, status,2
 Tracked objects:
		On entry : 
		On exit  : 
		Unchanged: 
 Data sizes:     COMRAM   BANK0   BANK1   BANK2   BANK3   BANK4   BANK5   BANK6   BANK7   BANK8   BANK9  BANK10  BANK11  BANK12  BANK13  BANK14  BANK15
      Params:         2       0       0       0       0       0       0       0       0       0       0       0       0       0       0       0       0
      Locals:         1       0       0       0       0       0       0       0       0       0       0       0       0       0       0       0       0
      Temps:          0       0       0       0       0       0       0       0       0       0       0       0       0       0       0       0       0
      Totals:         3       0       0       0       0       0       0       0       0       0       0       0       0       0       0       0       0
Total ram usage:        3 bytes
 Hardware stack levels used:    1
 Hardware stack levels required when called:    3
 This function calls:
		Nothing
 This function is called by:
		_init_UART
 This function uses a non-reentrant model


 *************** function _fillCircle *****************
 Defined at:
		line 651 in file "ST7735_TFT.c"
 Parameters:    Size  Location     Type
  x0              2   58[COMRAM] int 
  y0              2   60[COMRAM] int 
  r               2   62[COMRAM] int 
  color           2   64[COMRAM] unsigned int 
 Auto vars:     Size  Location     Type
		None
 Return value:  Size  Location     Type
		None               void
 Registers used:
		wreg, status,2, status,0, cstack
 Tracked objects:
		On entry : 
		On exit  : 
		Unchanged: 
 Data sizes:     COMRAM   BANK0   BANK1   BANK2   BANK3   BANK4   BANK5   BANK6   BANK7   BANK8   BANK9  BANK10  BANK11  BANK12  BANK13  BANK14  BANK15
      Params:         8       0       0       0       0       0       0       0       0       0       0       0       0       0       0       0       0
      Locals:         0       0       0       0       0       0       0       0       0       0       0       0       0       0       0       0       0
      Temps:          0       0       0       0       0       0       0       0       0       0       0       0       0       0       0       0       0
      Totals:         8       0       0       0       0       0       0       0       0       0       0       0       0       0       0       0       0
Total ram usage:        8 bytes
 Hardware stack levels used:    1
 Hardware stack levels required when called:    8
 This function calls:
		_drawFastVLine
		_fillCircleHelper
 This function is called by:
		_main
 This function uses a non-reentrant model


 *************** function _fillCircleHelper *****************
 Defined at:
		line 626 in file "ST7735_TFT.c"
 Parameters:    Size  Location     Type
  x0              2   34[COMRAM] int 
  y0              2   36[COMRAM] int 
  r               2   38[COMRAM] int 
  cornername      2   40[COMRAM] unsigned int 
  delta           2   42[COMRAM] int 
  color           2   44[COMRAM] unsigned int 
 Auto vars:     Size  Location     Type
  y               2   56[COMRAM] int 
  x               2   54[COMRAM] int 
  f               2   52[COMRAM] int 
  ddF_y           2   50[COMRAM] int 
  ddF_x           2   48[COMRAM] int 
 Return value:  Size  Location     Type
		None               void
 Registers used:
		wreg, status,2, status,0, cstack
 Tracked objects:
		On entry : 
		On exit  : 
		Unchanged: 
 Data sizes:     COMRAM   BANK0   BANK1   BANK2   BANK3   BANK4   BANK5   BANK6   BANK7   BANK8   BANK9  BANK10  BANK11  BANK12  BANK13  BANK14  BANK15
      Params:        12       0       0       0       0       0       0       0       0       0       0       0       0       0       0       0       0
      Locals:        10       0       0       0       0       0       0       0       0       0       0       0       0       0       0       0       0
      Temps:          2       0       0       0       0       0       0       0       0       0       0       0       0       0       0       0       0
      Totals:        24       0       0       0       0       0       0       0       0       0       0       0       0       0       0       0       0
Total ram usage:       24 bytes
 Hardware stack levels used:    1
 Hardware stack levels required when called:    7
 This function calls:
		_drawFastVLine
 This function is called by:
		_fillCircle
 This function uses a non-reentrant model


 *************** function _drawCircle *****************
 Defined at:
		line 565 in file "ST7735_TFT.c"
 Parameters:    Size  Location     Type
  x0              2   27[COMRAM] int 
  y0              2   29[COMRAM] int 
  r               2   31[COMRAM] int 
  color           2   33[COMRAM] unsigned int 
 Auto vars:     Size  Location     Type
  y               2   45[COMRAM] int 
  x               2   43[COMRAM] int 
  f               2   41[COMRAM] int 
  ddF_y           2   39[COMRAM] int 
  ddF_x           2   37[COMRAM] int 
 Return value:  Size  Location     Type
		None               void
 Registers used:
		wreg, status,2, status,0, cstack
 Tracked objects:
		On entry : 
		On exit  : 
		Unchanged: 
 Data sizes:     COMRAM   BANK0   BANK1   BANK2   BANK3   BANK4   BANK5   BANK6   BANK7   BANK8   BANK9  BANK10  BANK11  BANK12  BANK13  BANK14  BANK15
      Params:         8       0       0       0       0       0       0       0       0       0       0       0       0       0       0       0       0
      Locals:        10       0       0       0       0       0       0       0       0       0       0       0       0       0       0       0       0
      Temps:          2       0       0       0       0       0       0       0       0       0       0       0       0       0       0       0       0
      Totals:        20       0       0       0       0       0       0       0       0       0       0       0       0       0       0       0       0
Total ram usage:       20 bytes
 Hardware stack levels used:    1
 Hardware stack levels required when called:    7
 This function calls:
		_drawPixel
 This function is called by:
		_main
 This function uses a non-reentrant model


 *************** function _Initialize_Screen *****************
 Defined at:
		line 365 in file "Lab9_sample_3.c"
 Parameters:    Size  Location     Type
		None
 Auto vars:     Size  Location     Type
		None
 Return value:  Size  Location     Type
		None               void
 Registers used:
		wreg, fsr2l, fsr2h, status,2, status,0, tblptrl, tblptrh, tblptru, prodl, prodh, cstack
 Tracked objects:
		On entry : 
		On exit  : 
		Unchanged: 
 Data sizes:     COMRAM   BANK0   BANK1   BANK2   BANK3   BANK4   BANK5   BANK6   BANK7   BANK8   BANK9  BANK10  BANK11  BANK12  BANK13  BANK14  BANK15
      Params:         0       0       0       0       0       0       0       0       0       0       0       0       0       0       0       0       0
      Locals:         0       0       0       0       0       0       0       0       0       0       0       0       0       0       0       0       0
      Temps:          0       0       0       0       0       0       0       0       0       0       0       0       0       0       0       0       0
      Totals:         0       0       0       0       0       0       0       0       0       0       0       0       0       0       0       0       0
Total ram usage:        0 bytes
 Hardware stack levels used:    1
 Hardware stack levels required when called:   10
 This function calls:
		_LCD_Reset
		_TFT_GreenTab_Initialize
		_drawtext
		_fillScreen
		_strcpy
 This function is called by:
		_main
 This function uses a non-reentrant model


 *************** function _strcpy *****************
 Defined at:
		line 8 in file "C:\Program Files (x86)\Microchip\xc8\v1.34\sources\common\strcpy.c"
 Parameters:    Size  Location     Type
  to              2   16[COMRAM] PTR unsigned char 
		 -> NULL(0), buffer(31), 
  from            2   18[COMRAM] PTR const unsigned char 
		 -> STR_3(6), STR_2(20), 
 Auto vars:     Size  Location     Type
  cp              2   20[COMRAM] PTR unsigned char 
		 -> NULL(0), buffer(31), 
 Return value:  Size  Location     Type
                  2   16[COMRAM] PTR unsigned char 
 Registers used:
		wreg, fsr2l, fsr2h, status,2, status,0, tblptrl, tblptrh, tblptru
 Tracked objects:
		On entry : 
		On exit  : 
		Unchanged: 
 Data sizes:     COMRAM   BANK0   BANK1   BANK2   BANK3   BANK4   BANK5   BANK6   BANK7   BANK8   BANK9  BANK10  BANK11  BANK12  BANK13  BANK14  BANK15
      Params:         4       0       0       0       0       0       0       0       0       0       0       0       0       0       0       0       0
      Locals:         2       0       0       0       0       0       0       0       0       0       0       0       0       0       0       0       0
      Temps:          0       0       0       0       0       0       0       0       0       0       0       0       0       0       0       0       0
      Totals:         6       0       0       0       0       0       0       0       0       0       0       0       0       0       0       0       0
Total ram usage:        6 bytes
 Hardware stack levels used:    1
 Hardware stack levels required when called:    3
 This function calls:
		Nothing
 This function is called by:
		_Initialize_Screen
 This function uses a non-reentrant model


 *************** function _fillScreen *****************
 Defined at:
		line 656 in file "ST7735_TFT.c"
 Parameters:    Size  Location     Type
  color           2   35[COMRAM] unsigned int 
 Auto vars:     Size  Location     Type
		None
 Return value:  Size  Location     Type
		None               void
 Registers used:
		wreg, status,2, status,0, cstack
 Tracked objects:
		On entry : 
		On exit  : 
		Unchanged: 
 Data sizes:     COMRAM   BANK0   BANK1   BANK2   BANK3   BANK4   BANK5   BANK6   BANK7   BANK8   BANK9  BANK10  BANK11  BANK12  BANK13  BANK14  BANK15
      Params:         2       0       0       0       0       0       0       0       0       0       0       0       0       0       0       0       0
      Locals:         0       0       0       0       0       0       0       0       0       0       0       0       0       0       0       0       0
      Temps:          0       0       0       0       0       0       0       0       0       0       0       0       0       0       0       0       0
      Totals:         2       0       0       0       0       0       0       0       0       0       0       0       0       0       0       0       0
Total ram usage:        2 bytes
 Hardware stack levels used:    1
 Hardware stack levels required when called:    7
 This function calls:
		_fillRectangle
 This function is called by:
		_Initialize_Screen
 This function uses a non-reentrant model


 *************** function _fillRectangle *****************
 Defined at:
		line 540 in file "ST7735_TFT.c"
 Parameters:    Size  Location     Type
  x               1    wreg     unsigned char 
  y               1   23[COMRAM] unsigned char 
  w               1   24[COMRAM] unsigned char 
  h               1   25[COMRAM] unsigned char 
  color           2   26[COMRAM] unsigned int 
 Auto vars:     Size  Location     Type
  x               1   34[COMRAM] unsigned char 
  lo              1   33[COMRAM] unsigned char 
  hi              1   32[COMRAM] unsigned char 
 Return value:  Size  Location     Type
		None               void
 Registers used:
		wreg, status,2, status,0, cstack
 Tracked objects:
		On entry : 
		On exit  : 
		Unchanged: 
 Data sizes:     COMRAM   BANK0   BANK1   BANK2   BANK3   BANK4   BANK5   BANK6   BANK7   BANK8   BANK9  BANK10  BANK11  BANK12  BANK13  BANK14  BANK15
      Params:         5       0       0       0       0       0       0       0       0       0       0       0       0       0       0       0       0
      Locals:         3       0       0       0       0       0       0       0       0       0       0       0       0       0       0       0       0
      Temps:          4       0       0       0       0       0       0       0       0       0       0       0       0       0       0       0       0
      Totals:        12       0       0       0       0       0       0       0       0       0       0       0       0       0       0       0       0
Total ram usage:       12 bytes
 Hardware stack levels used:    1
 Hardware stack levels required when called:    6
 This function calls:
		_setAddrWindow
		_spiwrite
 This function is called by:
		_fillScreen
 This function uses a non-reentrant model


 *************** function _drawtext *****************
 Defined at:
		line 511 in file "ST7735_TFT.c"
 Parameters:    Size  Location     Type
  x               1    wreg     unsigned char 
  y               1   56[COMRAM] unsigned char 
  _text           2   57[COMRAM] PTR unsigned char 
		 -> NULL(0), buffer(31), txt1(84), 
  color           2   59[COMRAM] unsigned int 
  bg              2   61[COMRAM] unsigned int 
  size            1   63[COMRAM] unsigned char 
 Auto vars:     Size  Location     Type
  x               1    0[BANK0 ] unsigned char 
  i               2    3[BANK0 ] unsigned int 
  textsize        2    1[BANK0 ] unsigned int 
  cursor_x        1    6[BANK0 ] unsigned char 
  cursor_y        1    5[BANK0 ] unsigned char 
 Return value:  Size  Location     Type
		None               void
 Registers used:
		wreg, fsr2l, fsr2h, status,2, status,0, tblptrl, tblptrh, tblptru, prodl, prodh, cstack
 Tracked objects:
		On entry : 
		On exit  : 
		Unchanged: 
 Data sizes:     COMRAM   BANK0   BANK1   BANK2   BANK3   BANK4   BANK5   BANK6   BANK7   BANK8   BANK9  BANK10  BANK11  BANK12  BANK13  BANK14  BANK15
      Params:         8       0       0       0       0       0       0       0       0       0       0       0       0       0       0       0       0
      Locals:         0       7       0       0       0       0       0       0       0       0       0       0       0       0       0       0       0
      Temps:          2       0       0       0       0       0       0       0       0       0       0       0       0       0       0       0       0
      Totals:        10       7       0       0       0       0       0       0       0       0       0       0       0       0       0       0       0
Total ram usage:       17 bytes
 Hardware stack levels used:    1
 Hardware stack levels required when called:    9
 This function calls:
		_drawChar
		_strlen
 This function is called by:
		_main
		_Initialize_Screen
 This function uses a non-reentrant model


 *************** function _strlen *****************
 Defined at:
		line 4 in file "C:\Program Files (x86)\Microchip\xc8\v1.34\sources\common\strlen.c"
 Parameters:    Size  Location     Type
  s               2   16[COMRAM] PTR const unsigned char 
		 -> NULL(0), buffer(31), txt1(84), 
 Auto vars:     Size  Location     Type
  cp              2   20[COMRAM] PTR const unsigned char 
		 -> NULL(0), buffer(31), txt1(84), 
 Return value:  Size  Location     Type
                  2   16[COMRAM] unsigned int 
 Registers used:
		wreg, fsr2l, fsr2h, status,2, status,0
 Tracked objects:
		On entry : 
		On exit  : 
		Unchanged: 
 Data sizes:     COMRAM   BANK0   BANK1   BANK2   BANK3   BANK4   BANK5   BANK6   BANK7   BANK8   BANK9  BANK10  BANK11  BANK12  BANK13  BANK14  BANK15
      Params:         2       0       0       0       0       0       0       0       0       0       0       0       0       0       0       0       0
      Locals:         2       0       0       0       0       0       0       0       0       0       0       0       0       0       0       0       0
      Temps:          2       0       0       0       0       0       0       0       0       0       0       0       0       0       0       0       0
      Totals:         6       0       0       0       0       0       0       0       0       0       0       0       0       0       0       0       0
Total ram usage:        6 bytes
 Hardware stack levels used:    1
 Hardware stack levels required when called:    3
 This function calls:
		Nothing
 This function is called by:
		_drawtext
 This function uses a non-reentrant model


 *************** function _drawChar *****************
 Defined at:
		line 484 in file "ST7735_TFT.c"
 Parameters:    Size  Location     Type
  x               1    wreg     unsigned char 
  y               1   45[COMRAM] unsigned char 
  c               1   46[COMRAM] unsigned char 
  color           2   47[COMRAM] unsigned int 
  bg              2   49[COMRAM] unsigned int 
  size            1   51[COMRAM] unsigned char 
 Auto vars:     Size  Location     Type
  x               1   53[COMRAM] unsigned char 
  line            1   52[COMRAM] unsigned char 
  i               1   55[COMRAM] unsigned char 
  j               1   54[COMRAM] unsigned char 
 Return value:  Size  Location     Type
		None               void
 Registers used:
		wreg, status,2, status,0, tblptrl, tblptrh, tblptru, prodl, prodh, cstack
 Tracked objects:
		On entry : 
		On exit  : 
		Unchanged: 
 Data sizes:     COMRAM   BANK0   BANK1   BANK2   BANK3   BANK4   BANK5   BANK6   BANK7   BANK8   BANK9  BANK10  BANK11  BANK12  BANK13  BANK14  BANK15
      Params:         7       0       0       0       0       0       0       0       0       0       0       0       0       0       0       0       0
      Locals:         4       0       0       0       0       0       0       0       0       0       0       0       0       0       0       0       0
      Temps:          0       0       0       0       0       0       0       0       0       0       0       0       0       0       0       0       0
[...]
      Temps:          0       0       0       0       0       0       0       0       0       0       0       0       0       0       0       0       0
      Totals:         0       0       0       0       0       0       0       0       0       0       0       0       0       0       0       0       0
Total ram usage:        0 bytes
 Hardware stack levels used:    1
 Hardware stack levels required when called:    5
 This function calls:
		_write_command
		_write_data
 This function is called by:
		_TFT_GreenTab_Initialize
 This function uses a non-reentrant model


 *************** function _Rcmd1 *****************
 Defined at:
		line 318 in file "ST7735_TFT.c"
 Parameters:    Size  Location     Type
		None
 Auto vars:     Size  Location     Type
		None
 Return value:  Size  Location     Type
		None               void
 Registers used:
		wreg, status,2, status,0, prodl, prodh, cstack
 Tracked objects:
		On entry : 
		On exit  : 
		Unchanged: 
 Data sizes:     COMRAM   BANK0   BANK1   BANK2   BANK3   BANK4   BANK5   BANK6   BANK7   BANK8   BANK9  BANK10  BANK11  BANK12  BANK13  BANK14  BANK15
      Params:         0       0       0       0       0       0       0       0       0       0       0       0       0       0       0       0       0
      Locals:         0       0       0       0       0       0       0       0       0       0       0       0       0       0       0       0       0
      Temps:          0       0       0       0       0       0       0       0       0       0       0       0       0       0       0       0       0
      Totals:         0       0       0       0       0       0       0       0       0       0       0       0       0       0       0       0       0
Total ram usage:        0 bytes
 Hardware stack levels used:    1
 Hardware stack levels required when called:    5
 This function calls:
		_delay_ms
		_write_command
		_write_data
 This function is called by:
		_TFT_GreenTab_Initialize
		_TFT_BlackTab_Initialize
 This function uses a non-reentrant model


 *************** function _write_data *****************
 Defined at:
		line 246 in file "ST7735_TFT.c"
 Parameters:    Size  Location     Type
  data_           1    wreg     unsigned char 
 Auto vars:     Size  Location     Type
  data_           1   18[COMRAM] unsigned char 
 Return value:  Size  Location     Type
		None               void
 Registers used:
		wreg, status,2, cstack
 Tracked objects:
		On entry : 
		On exit  : 
		Unchanged: 
 Data sizes:     COMRAM   BANK0   BANK1   BANK2   BANK3   BANK4   BANK5   BANK6   BANK7   BANK8   BANK9  BANK10  BANK11  BANK12  BANK13  BANK14  BANK15
      Params:         0       0       0       0       0       0       0       0       0       0       0       0       0       0       0       0       0
      Locals:         1       0       0       0       0       0       0       0       0       0       0       0       0       0       0       0       0
      Temps:          0       0       0       0       0       0       0       0       0       0       0       0       0       0       0       0       0
      Totals:         1       0       0       0       0       0       0       0       0       0       0       0       0       0       0       0       0
Total ram usage:        1 bytes
 Hardware stack levels used:    1
 Hardware stack levels required when called:    4
 This function calls:
		_spiwrite
 This function is called by:
		_Rcmd1
		_Rcmd2red
		_Rcmd3
		_setAddrWindow
		_drawPixel
		_TFT_GreenTab_Initialize
		_Bcmd
		_setScrollDefinition
		_Rcmd2green
		_VerticalScroll
 This function uses a non-reentrant model


 *************** function _write_command *****************
 Defined at:
		line 235 in file "ST7735_TFT.c"
 Parameters:    Size  Location     Type
  cmd_            1    wreg     unsigned char 
 Auto vars:     Size  Location     Type
  cmd_            1   18[COMRAM] unsigned char 
 Return value:  Size  Location     Type
		None               void
 Registers used:
		wreg, status,2, cstack
 Tracked objects:
		On entry : 
		On exit  : 
		Unchanged: 
 Data sizes:     COMRAM   BANK0   BANK1   BANK2   BANK3   BANK4   BANK5   BANK6   BANK7   BANK8   BANK9  BANK10  BANK11  BANK12  BANK13  BANK14  BANK15
      Params:         0       0       0       0       0       0       0       0       0       0       0       0       0       0       0       0       0
      Locals:         1       0       0       0       0       0       0       0       0       0       0       0       0       0       0       0       0
      Temps:          0       0       0       0       0       0       0       0       0       0       0       0       0       0       0       0       0
      Totals:         1       0       0       0       0       0       0       0       0       0       0       0       0       0       0       0       0
Total ram usage:        1 bytes
 Hardware stack levels used:    1
 Hardware stack levels required when called:    4
 This function calls:
		_spiwrite
 This function is called by:
		_Rcmd1
		_Rcmd2red
		_Rcmd3
		_setAddrWindow
		_TFT_GreenTab_Initialize
		_Bcmd
		_setScrollDefinition
		_Rcmd2green
		_VerticalScroll
 This function uses a non-reentrant model


 *************** function _spiwrite *****************
 Defined at:
		line 226 in file "ST7735_TFT.c"
 Parameters:    Size  Location     Type
  spidata         1    wreg     unsigned char 
 Auto vars:     Size  Location     Type
  spidata         1   17[COMRAM] unsigned char 
  x               1   16[COMRAM] unsigned char 
 Return value:  Size  Location     Type
		None               void
 Registers used:
		wreg
 Tracked objects:
		On entry : 
		On exit  : 
		Unchanged: 
 Data sizes:     COMRAM   BANK0   BANK1   BANK2   BANK3   BANK4   BANK5   BANK6   BANK7   BANK8   BANK9  BANK10  BANK11  BANK12  BANK13  BANK14  BANK15
      Params:         0       0       0       0       0       0       0       0       0       0       0       0       0       0       0       0       0
      Locals:         2       0       0       0       0       0       0       0       0       0       0       0       0       0       0       0       0
      Temps:          0       0       0       0       0       0       0       0       0       0       0       0       0       0       0       0       0
      Totals:         2       0       0       0       0       0       0       0       0       0       0       0       0       0       0       0       0
Total ram usage:        2 bytes
 Hardware stack levels used:    1
 Hardware stack levels required when called:    3
 This function calls:
		Nothing
 This function is called by:
		_write_command
		_write_data
		_drawFastVLine
		_fillRectangle
		_drawFastHLine
 This function uses a non-reentrant model


 *************** function _LCD_Reset *****************
 Defined at:
		line 254 in file "ST7735_TFT.c"
 Parameters:    Size  Location     Type
		None
 Auto vars:     Size  Location     Type
		None
 Return value:  Size  Location     Type
		None               void
 Registers used:
		wreg, status,2, status,0, prodl, prodh, cstack
 Tracked objects:
		On entry : 
		On exit  : 
		Unchanged: 
 Data sizes:     COMRAM   BANK0   BANK1   BANK2   BANK3   BANK4   BANK5   BANK6   BANK7   BANK8   BANK9  BANK10  BANK11  BANK12  BANK13  BANK14  BANK15
      Params:         0       0       0       0       0       0       0       0       0       0       0       0       0       0       0       0       0
      Locals:         0       0       0       0       0       0       0       0       0       0       0       0       0       0       0       0       0
      Temps:          0       0       0       0       0       0       0       0       0       0       0       0       0       0       0       0       0
      Totals:         0       0       0       0       0       0       0       0       0       0       0       0       0       0       0       0       0
Total ram usage:        0 bytes
 Hardware stack levels used:    1
 Hardware stack levels required when called:    5
 This function calls:
		_delay_ms
 This function is called by:
		_Initialize_Screen
 This function uses a non-reentrant model


 *************** function _delay_ms *****************
 Defined at:
		line 101 in file "ST7735_TFT.c"
 Parameters:    Size  Location     Type
  ms              2   22[COMRAM] int 
 Auto vars:     Size  Location     Type
  count           2   26[COMRAM] int 
 Return value:  Size  Location     Type
		None               void
 Registers used:
		wreg, status,2, status,0, prodl, prodh, cstack
 Tracked objects:
		On entry : 
		On exit  : 
		Unchanged: 
 Data sizes:     COMRAM   BANK0   BANK1   BANK2   BANK3   BANK4   BANK5   BANK6   BANK7   BANK8   BANK9  BANK10  BANK11  BANK12  BANK13  BANK14  BANK15
      Params:         2       0       0       0       0       0       0       0       0       0       0       0       0       0       0       0       0
      Locals:         2       0       0       0       0       0       0       0       0       0       0       0       0       0       0       0       0
      Temps:          2       0       0       0       0       0       0       0       0       0       0       0       0       0       0       0       0
      Totals:         6       0       0       0       0       0       0       0       0       0       0       0       0       0       0       0       0
Total ram usage:        6 bytes
 Hardware stack levels used:    1
 Hardware stack levels required when called:    4
 This function calls:
		___wmul
 This function is called by:
		_LCD_Reset
		_Rcmd1
		_Rcmd3
		_Bcmd
 This function uses a non-reentrant model


 *************** function ___wmul *****************
 Defined at:
		line 15 in file "C:\Program Files (x86)\Microchip\xc8\v1.34\sources\common\Umul16.c"
 Parameters:    Size  Location     Type
  multiplier      2   16[COMRAM] unsigned int 
  multiplicand    2   18[COMRAM] unsigned int 
 Auto vars:     Size  Location     Type
  product         2   20[COMRAM] unsigned int 
 Return value:  Size  Location     Type
                  2   16[COMRAM] unsigned int 
 Registers used:
		wreg, status,2, status,0, prodl, prodh
 Tracked objects:
		On entry : 
		On exit  : 
		Unchanged: 
 Data sizes:     COMRAM   BANK0   BANK1   BANK2   BANK3   BANK4   BANK5   BANK6   BANK7   BANK8   BANK9  BANK10  BANK11  BANK12  BANK13  BANK14  BANK15
      Params:         4       0       0       0       0       0       0       0       0       0       0       0       0       0       0       0       0
      Locals:         2       0       0       0       0       0       0       0       0       0       0       0       0       0       0       0       0
      Temps:          0       0       0       0       0       0       0       0       0       0       0       0       0       0       0       0       0
      Totals:         6       0       0       0       0       0       0       0       0       0       0       0       0       0       0       0       0
Total ram usage:        6 bytes
 Hardware stack levels used:    1
 Hardware stack levels required when called:    3
 This function calls:
		Nothing
 This function is called by:
		_delay_ms
		_drawChar
		_printf
 This function uses a non-reentrant model


 *************** function _chkisr *****************
 Defined at:
		line 159 in file "Lab9_sample_3.c"
 Parameters:    Size  Location     Type
		None
 Auto vars:     Size  Location     Type
		None
 Return value:  Size  Location     Type
		None               void
 Registers used:
		wreg, status,2, status,0, cstack
 Tracked objects:
		On entry : 
		On exit  : 
		Unchanged: 
 Data sizes:     COMRAM   BANK0   BANK1   BANK2   BANK3   BANK4   BANK5   BANK6   BANK7   BANK8   BANK9  BANK10  BANK11  BANK12  BANK13  BANK14  BANK15
      Params:         0       0       0       0       0       0       0       0       0       0       0       0       0       0       0       0       0
      Locals:         0       0       0       0       0       0       0       0       0       0       0       0       0       0       0       0       0
      Temps:         14       0       0       0       0       0       0       0       0       0       0       0       0       0       0       0       0
      Totals:        14       0       0       0       0       0       0       0       0       0       0       0       0       0       0       0       0
Total ram usage:       14 bytes
 Hardware stack levels used:    1
 Hardware stack levels required when called:    2
 This function calls:
		_INT0_isr
		_TIMER1_isr
 This function is called by:
		Interrupt level 2
 This function uses a non-reentrant model


 *************** function _TIMER1_isr *****************
 Defined at:
		line 165 in file "Lab9_sample_3.c"
 Parameters:    Size  Location     Type
		None
 Auto vars:     Size  Location     Type
		None
 Return value:  Size  Location     Type
		None               void
 Registers used:
		wreg, status,2
 Tracked objects:
		On entry : 
		On exit  : 
		Unchanged: 
 Data sizes:     COMRAM   BANK0   BANK1   BANK2   BANK3   BANK4   BANK5   BANK6   BANK7   BANK8   BANK9  BANK10  BANK11  BANK12  BANK13  BANK14  BANK15
      Params:         0       0       0       0       0       0       0       0       0       0       0       0       0       0       0       0       0
      Locals:         0       0       0       0       0       0       0       0       0       0       0       0       0       0       0       0       0
      Temps:          0       0       0       0       0       0       0       0       0       0       0       0       0       0       0       0       0
      Totals:         0       0       0       0       0       0       0       0       0       0       0       0       0       0       0       0       0
Total ram usage:        0 bytes
 Hardware stack levels used:    1
 This function calls:
		Nothing
 This function is called by:
		_chkisr
 This function uses a non-reentrant model


 *************** function _INT0_isr *****************
 Defined at:
		line 179 in file "Lab9_sample_3.c"
 Parameters:    Size  Location     Type
		None
 Auto vars:     Size  Location     Type
		None
 Return value:  Size  Location     Type
		None               void
 Registers used:
		wreg, status,2, status,0, cstack
 Tracked objects:
		On entry : 
		On exit  : 
		Unchanged: 
 Data sizes:     COMRAM   BANK0   BANK1   BANK2   BANK3   BANK4   BANK5   BANK6   BANK7   BANK8   BANK9  BANK10  BANK11  BANK12  BANK13  BANK14  BANK15
      Params:         0       0       0       0       0       0       0       0       0       0       0       0       0       0       0       0       0
      Locals:         0       0       0       0       0       0       0       0       0       0       0       0       0       0       0       0       0
      Temps:          2       0       0       0       0       0       0       0       0       0       0       0       0       0       0       0       0
      Totals:         2       0       0       0       0       0       0       0       0       0       0       0       0       0       0       0       0
Total ram usage:        2 bytes
 Hardware stack levels used:    1
 Hardware stack levels required when called:    1
 This function calls:
		_force_nec_state0
 This function is called by:
		_chkisr
 This function uses a non-reentrant model


 *************** function _force_nec_state0 *****************
 Defined at:
		line 173 in file "Lab9_sample_3.c"
 Parameters:    Size  Location     Type
		None
 Auto vars:     Size  Location     Type
		None
 Return value:  Size  Location     Type
		None               void
 Registers used:
		wreg, status,2
 Tracked objects:
		On entry : 
		On exit  : 
		Unchanged: 
 Data sizes:     COMRAM   BANK0   BANK1   BANK2   BANK3   BANK4   BANK5   BANK6   BANK7   BANK8   BANK9  BANK10  BANK11  BANK12  BANK13  BANK14  BANK15
      Params:         0       0       0       0       0       0       0       0       0       0       0       0       0       0       0       0       0
      Locals:         0       0       0       0       0       0       0       0       0       0       0       0       0       0       0       0       0
      Temps:          0       0       0       0       0       0       0       0       0       0       0       0       0       0       0       0       0
      Totals:         0       0       0       0       0       0       0       0       0       0       0       0       0       0       0       0       0
Total ram usage:        0 bytes
 Hardware stack levels used:    1
 This function calls:
		Nothing
 This function is called by:
		_INT0_isr
 This function uses a non-reentrant model



MODULE INFORMATION

Module		Function		Class		Link	Load	Size
C:\Program Files (x86)\Microchip\xc8\v1.34\sources\pic18\plib\USART\uopen.c
		_OpenUSART     		CODE           	1110	0000	113

C:\Program Files (x86)\Microchip\xc8\v1.34\sources\pic18\plib\USART\uopen.c estimated size: 113

ST7735_TFT.c
		_drawChar      		CODE           	0628	0000	343
		_drawCircle    		CODE           	047A	0000	431
		_fillScreen    		CODE           	147E	0000	29
		_Rcmd3         		CODE           	0C24	0000	243
		_write_data    		CODE           	14FC	0000	17
		_setAddrWindow 		CODE           	1224	0000	79
		_drawtext      		CODE           	0B1A	0000	267
		_fillRect      		CODE           	1272	0000	75
		_LCD_Reset     		CODE           	14EA	0000	19
		_fillCircle    		CODE           	1180	0000	83
		_drawPixel     		CODE           	13DA	0000	49
		_fillRectangle 		CODE           	0D16	0000	221
		_write_command 		CODE           	150C	0000	17
		_fillCircleHelp		CODE           	08D2	0000	313
		_drawFastVLine 		CODE           	0F0C	0000	137
		_Rcmd2red      		CODE           	133A	0000	63
		_TFT_GreenTab_I		CODE           	140A	0000	43
		_delay_ms      		CODE           	11D2	0000	83
		_Rcmd1         		CODE           	0A0A	0000	273
		_spiwrite      		CODE           	14C4	0000	21

ST7735_TFT.c estimated size: 2806

Lab9_sample_3.c
		_TIMER1_isr    		CODE           	152A	0000	13
		_putch         		CODE           	151C	0000	15
		_waitHalfSecond		CODE           	13AA	0000	49
		_main          		CODE           	02BE	0000	445
		_Deactivate_Buz		CODE           	1536	0000	9
		_init_UART     		CODE           	14B0	0000	21
		_force_nec_stat		CODE           	153E	0000	9
		_Initialize_Scr		CODE           	0DF2	0000	143
		_INT0_isr      		CODE           	077E	0000	341
		_Activate_Buzze		CODE           	14D8	0000	19
		_chkisr        		CODE           	0008	0000	141

Lab9_sample_3.c estimated size: 1205

C:\Program Files (x86)\Microchip\xc8\v1.34\sources\common\isdigit.c
		_isdigit       		CODE           	145C	0000	35

C:\Program Files (x86)\Microchip\xc8\v1.34\sources\common\isdigit.c estimated size: 35

C:\Program Files (x86)\Microchip\xc8\v1.34\sources\common\strlen.c
		_strlen        		CODE           	12FC	0000	63

C:\Program Files (x86)\Microchip\xc8\v1.34\sources\common\strlen.c estimated size: 63

shared
		_font          		MEDIUMCONST    	FDC3	0000	256
		__initializatio		CODE           	0F94	0000	121
		_hexpowers     		MEDIUMCONST    	FF9E	0000	33
		_font2         		MEDIUMCONST    	FEC2	0000	221

shared estimated size: 631

C:\Program Files (x86)\Microchip\xc8\v1.34\sources\common\strcpy.c
		_strcpy        		CODE           	1378	0000	51

C:\Program Files (x86)\Microchip\xc8\v1.34\sources\common\strcpy.c estimated size: 51

C:\Program Files (x86)\Microchip\xc8\v1.34\sources\common\lldiv.c
		___lldiv       		CODE           	0E80	0000	141

C:\Program Files (x86)\Microchip\xc8\v1.34\sources\common\lldiv.c estimated size: 141

C:\Program Files (x86)\Microchip\xc8\v1.34\sources\common\doprnt.c
		_printf        		CODE           	001C	0000	675

C:\Program Files (x86)\Microchip\xc8\v1.34\sources\common\doprnt.c estimated size: 675

C:\Program Files (x86)\Microchip\xc8\v1.34\sources\common\Umul16.c
		___wmul        		CODE           	1434	0000	41

C:\Program Files (x86)\Microchip\xc8\v1.34\sources\common\Umul16.c estimated size: 41

