MPLINK 5.08, LINKER
Linker Map File - Created Thu Sep 09 13:49:02 2021

                                 Section Info
                  Section       Type    Address   Location Size(Bytes)
                ---------  ---------  ---------  ---------  ---------
                   .org_0       code   0x000000    program   0x000032
                   .cinit    romdata   0x000032    program   0x000002
.config_300001_BUILD/DEFAULT/PRODUCTION/LAB3P1.    romdata   0x300001    program   0x000001
.config_300002_BUILD/DEFAULT/PRODUCTION/LAB3P1.    romdata   0x300002    program   0x000001
.config_300003_BUILD/DEFAULT/PRODUCTION/LAB3P1.    romdata   0x300003    program   0x000001
.config_300006_BUILD/DEFAULT/PRODUCTION/LAB3P1.    romdata   0x300006    program   0x000001



                              Program Memory Usage 
                               Start         End      
                           ---------   ---------      
                            0x000000    0x000033      
                            0x300001    0x300003      
                            0x300006    0x300006      
            56 out of 66584 program addresses used, program memory utilization is 0%



                              Symbols - Sorted by Name
                     Name    Address   Location    Storage File                     
                ---------  ---------  ---------  --------- ---------                
            DELAY_ONE_SEC   0x00001c    program     static C:\Users\Jay\Desktop\Fall 2022\ECE 3301L\Labs\Lab 3\Part 1\Lab_3p1.X\Lab3p1.asm
             LOOP_1_INNER   0x000026    program     static C:\Users\Jay\Desktop\Fall 2022\ECE 3301L\Labs\Lab 3\Part 1\Lab_3p1.X\Lab3p1.asm
             LOOP_1_OUTER   0x000020    program     static C:\Users\Jay\Desktop\Fall 2022\ECE 3301L\Labs\Lab 3\Part 1\Lab_3p1.X\Lab3p1.asm
                MAIN_LOOP   0x000008    program     static C:\Users\Jay\Desktop\Fall 2022\ECE 3301L\Labs\Lab 3\Part 1\Lab_3p1.X\Lab3p1.asm
                    START   0x000000    program     static C:\Users\Jay\Desktop\Fall 2022\ECE 3301L\Labs\Lab 3\Part 1\Lab_3p1.X\Lab3p1.asm



                              Symbols - Sorted by Address
                     Name    Address   Location    Storage File                     
                ---------  ---------  ---------  --------- ---------                
                    START   0x000000    program     static C:\Users\Jay\Desktop\Fall 2022\ECE 3301L\Labs\Lab 3\Part 1\Lab_3p1.X\Lab3p1.asm
                MAIN_LOOP   0x000008    program     static C:\Users\Jay\Desktop\Fall 2022\ECE 3301L\Labs\Lab 3\Part 1\Lab_3p1.X\Lab3p1.asm
            DELAY_ONE_SEC   0x00001c    program     static C:\Users\Jay\Desktop\Fall 2022\ECE 3301L\Labs\Lab 3\Part 1\Lab_3p1.X\Lab3p1.asm
             LOOP_1_OUTER   0x000020    program     static C:\Users\Jay\Desktop\Fall 2022\ECE 3301L\Labs\Lab 3\Part 1\Lab_3p1.X\Lab3p1.asm
             LOOP_1_INNER   0x000026    program     static C:\Users\Jay\Desktop\Fall 2022\ECE 3301L\Labs\Lab 3\Part 1\Lab_3p1.X\Lab3p1.asm


