Microchip MPLAB XC8 Compiler V1.34 ()

Linker command line:

-W-3 --edf=C:\Program Files (x86)\Microchip\xc8\v1.34\dat\en_msgs.txt -cs \
  -h+dist/default/production\Lab_7.X.production.sym \
  --cmf=dist/default/production\Lab_7.X.production.cmf -z -Q18F4620 \
  -oC:\Users\Jay\AppData\Local\Temp\s8o4.6 \
  -Mdist/default/production/Lab_7.X.production.map -E1 -ver=XC8 \
  -ASTACK=09Fh-0f7fh -pstack=STACK -ACODE=00h-0FFFFh -ACONST=00h-0FFFFh \
  -ASMALLCONST=01000h-010FFhx240 -AMEDIUMCONST=01000h-0FFFFh \
  -ACOMRAM=01h-07Fh -AABS1=00h-0F7Fh -ABIGRAM=01h-0F7Fh \
  -ARAM=080h-0FFh,0100h-01FFhx14,0F00h-0F7Fh -ABANK0=080h-0FFh \
  -ABANK1=0100h-01FFh -ABANK2=0200h-02FFh -ABANK3=0300h-03FFh \
  -ABANK4=0400h-04FFh -ABANK5=0500h-05FFh -ABANK6=0600h-06FFh \
  -ABANK7=0700h-07FFh -ABANK8=0800h-08FFh -ABANK9=0900h-09FFh \
  -ABANK10=0A00h-0AFFh -ABANK11=0B00h-0BFFh -ABANK12=0C00h-0CFFh \
  -ABANK13=0D00h-0DFFh -ABANK14=0E00h-0EFFh -ABANK15=0F00h-0F7Fh \
  -ASFR=0F80h-0FFFh -preset_vec=00h,intcode,intcodelo,powerup,init,end_init \
  -pramtop=01000h -psmallconst=SMALLCONST -pmediumconst=MEDIUMCONST \
  -pconst=CONST -AFARRAM=00h-00h -ACONFIG=0300000h-030000Dh -pconfig=CONFIG \
  -AIDLOC=0200000h-0200007h -pidloc=IDLOC -AEEDATA=0F00000h-0F003FFh \
  -peeprom_data=EEDATA \
  -prdata=COMRAM,nvrram=COMRAM,nvbit=COMRAM,rbss=COMRAM,rbit=COMRAM \
  -pfarbss=FARRAM,fardata=FARRAM,nvFARRAM=FARRAM \
  -pintsave_regs=BIGRAM,bigbss=BIGRAM,bigdata=BIGRAM -pbss=RAM \
  -pidata=CODE,irdata=CODE,ibigdata=CODE,ifardata=CODE -prparam=COMRAM \
  C:\Users\Jay\AppData\Local\Temp\s8o4.obj \
  dist/default/production\Lab_7.X.production.obj 

Object code version is 3.11

Machine type is 18F4620

Call graph: (short form)




                Name                               Link     Load   Length Selector   Space Scale
C:\Users\Jay\AppData\Local\Temp\s8o4.obj
                end_init                              0        0        4        0       0
                idloc                            200000   200000        8   200000       0
                config                           300000   300000        E   300000       0
dist/default/production\Lab_7.X.production.obj
                mediumconst                        FDBC     FDBC      244     7EDE       0
                text54                             D9EC     D9EC       12     6CF6       0
                text53                             D9B6     D9B6        8     6CDB       0
                text52                             DA62     DA62       1A     6D31       0
                text51                             DA4C     DA4C       16     6D26       0
                text50                             E226     E226       96     7113       0
                text49                             E012     E012       82     7009       0
                text48                             DAE2     DAE2       28     6D71       0
                text47                             DA10     DA10       14     6D08       0
                text46                             D9CC     D9CC       10     6CE6       0
                text45                             D9DC     D9DC       10     6CEE       0
                text44                             DE4A     DE4A       4E     6F25       0
                text43                             DB62     DB62       30     6DB1       0
                text42                             E116     E116       88     708B       0
                text41                             DE00     DE00       4A     6F00       0
                text40                             ECC2     ECC2      156     7661       0
                text39                             DC32     DC32       3E     6E19       0
                text38                             E7C8     E7C8       DE     73E4       0
                text37                             E562     E562       C4     72B1       0
                text36                             DB92     DB92       32     6DC9       0
                text35                             EF96     EF96      1AE     77CB       0
                text34                             EB8A     EB8A      138     75C5       0
                text33                             DE98     DE98       52     6F4C       0
                text32                             F33C     F33C      362     799E       0
                text31                             DCF0     DCF0       44     6E78       0
                text30                             DD34     DD34       44     6E9A       0
                text29                             DD78     DD78       44     6EBC       0
                text28                             DDBC     DDBC       44     6EDE       0
                text27                             DBC4     DBC4       32     6DE2       0
                text26                             E626     E626       C6     7313       0
                text25                             DBF6     DBF6       3C     6DFB       0
                text24                             E8A6     E8A6       E2     7453       0
                text23                             E2BC     E2BC       96     715E       0
                text22                             DABC     DABC       26     6D5E       0
                text21                             F144     F144      1F8     78A2       0
                text20                             E094     E094       82     704A       0
                text19                             EE18     EE18      17E     770C       0
                text18                             DB34     DB34       2E     6D9A       0
                text17                             E4A0     E4A0       C2     7250       0
                text16                             D9BE     D9BE        E     6CDF       0
                text15                             DEEA     DEEA       52     6F75       0
                text14                             D9FE     D9FE       12     6CFF       0
                text13                             EA7A     EA7A      110     753D       0
                text12                             DC70     DC70       3E     6E38       0
                text11                             E988     E988       F2     74C4       0
                text10                             DB0A     DB0A       2A     6D85       0
                text9                              E19E     E19E       88     70CF       0
                text8                              DF3C     DF3C       66     6F9E       0
                text7                              E6EC     E6EC       DC     7376       0
                text6                              DA7C     DA7C       1C     6D3E       0
                text5                              F69E     F69E      71E     7B4F       0
                text4                              E352     E352       A6     71A9       0
                text3                              DA24     DA24       14     6D12       0
                text2                              DFA2     DFA2       70     6FD1       0
                text1                              DA38     DA38       14     6D1C       0
                text0                              E3F8     E3F8       A8     71FC       0
                cstackCOMRAM                          1        1       40        1       1
                bssBANK0                             80       80       1F       80       1
                dataCOMRAM                           41       41       23        1       1
                bssCOMRAM                            64       64       17        1       1
                cinit                              DCAE     DCAE       42     6E57       0
                idataCOMRAM                        DA99     DA99       23     DA99       0

TOTAL           Name                               Link     Load   Length     Space
        CLASS   STACK          

        CLASS   CODE           
                end_init                              0        0        4         0
                text54                             D9EC     D9EC       12         0
                text53                             D9B6     D9B6        8         0
                text52                             DA62     DA62       1A         0
                text51                             DA4C     DA4C       16         0
                text50                             E226     E226       96         0
                text49                             E012     E012       82         0
                text48                             DAE2     DAE2       28         0
                text47                             DA10     DA10       14         0
                text46                             D9CC     D9CC       10         0
                text45                             D9DC     D9DC       10         0
                text44                             DE4A     DE4A       4E         0
                text43                             DB62     DB62       30         0
                text42                             E116     E116       88         0
                text41                             DE00     DE00       4A         0
                text40                             ECC2     ECC2      156         0
                text39                             DC32     DC32       3E         0
                text38                             E7C8     E7C8       DE         0
                text37                             E562     E562       C4         0
                text36                             DB92     DB92       32         0
                text35                             EF96     EF96      1AE         0
                text34                             EB8A     EB8A      138         0
                text33                             DE98     DE98       52         0
                text32                             F33C     F33C      362         0
                text31                             DCF0     DCF0       44         0
                text30                             DD34     DD34       44         0
                text29                             DD78     DD78       44         0
                text28                             DDBC     DDBC       44         0
                text27                             DBC4     DBC4       32         0
                text26                             E626     E626       C6         0
                text25                             DBF6     DBF6       3C         0
                text24                             E8A6     E8A6       E2         0
                text23                             E2BC     E2BC       96         0
                text22                             DABC     DABC       26         0
                text21                             F144     F144      1F8         0
                text20                             E094     E094       82         0
                text19                             EE18     EE18      17E         0
                text18                             DB34     DB34       2E         0
                text17                             E4A0     E4A0       C2         0
                text16                             D9BE     D9BE        E         0
                text15                             DEEA     DEEA       52         0
                text14                             D9FE     D9FE       12         0
                text13                             EA7A     EA7A      110         0
                text12                             DC70     DC70       3E         0
                text11                             E988     E988       F2         0
                text10                             DB0A     DB0A       2A         0
                text9                              E19E     E19E       88         0
                text8                              DF3C     DF3C       66         0
                text7                              E6EC     E6EC       DC         0
                text6                              DA7C     DA7C       1C         0
                text5                              F69E     F69E      71E         0
                text4                              E352     E352       A6         0
                text3                              DA24     DA24       14         0
                text2                              DFA2     DFA2       70         0
                text1                              DA38     DA38       14         0
                text0                              E3F8     E3F8       A8         0
                cinit                              DCAE     DCAE       42         0
                idataCOMRAM                        DA99     DA99       23         0

        CLASS   CONST          

        CLASS   SMALLCONST     

        CLASS   MEDIUMCONST    
                mediumconst                        FDBC     FDBC      244         0

        CLASS   COMRAM         
                cstackCOMRAM                          1        1       40         1
                dataCOMRAM                           41       41       23         1
                bssCOMRAM                            64       64       17         1

        CLASS   ABS1           

        CLASS   BIGRAM         

        CLASS   RAM            

        CLASS   BANK0          
                bssBANK0                             80       80       1F         1

        CLASS   BANK1          

        CLASS   BANK2          

        CLASS   BANK3          

        CLASS   BANK4          

        CLASS   BANK5          

        CLASS   BANK6          

        CLASS   BANK7          

        CLASS   BANK8          

        CLASS   BANK9          

        CLASS   BANK10         

        CLASS   BANK11         

        CLASS   BANK12         

        CLASS   BANK13         

        CLASS   BANK14         

        CLASS   BANK15         

        CLASS   SFR            

        CLASS   FARRAM         

        CLASS   CONFIG         
                config                           300000   300000        E         0

        CLASS   IDLOC          
                idloc                            200000   200000        8         0

        CLASS   EEDATA         



SEGMENTS        Name                           Load    Length   Top    Selector   Space  Class

                reset_vec                      000000  000004  000004         0       0  CODE    
                cstackCOMRAM                   000001  00007A  00007B         1       1  COMRAM  
                bssBANK0                       000080  00001F  00009F        80       1  BANK0   
                text53                         00D9B6  000008  00D9BE      6CDB       0  CODE    
                text16                         00D9BE  00000E  00D9CC      6CDF       0  CODE    
                text46                         00D9CC  000010  00D9DC      6CE6       0  CODE    
                text45                         00D9DC  000010  00D9EC      6CEE       0  CODE    
                text54                         00D9EC  000012  00D9FE      6CF6       0  CODE    
                text14                         00D9FE  000012  00DA10      6CFF       0  CODE    
                text47                         00DA10  000014  00DA24      6D08       0  CODE    
                text3                          00DA24  000014  00DA38      6D12       0  CODE    
                text1                          00DA38  000014  00DA4C      6D1C       0  CODE    
                text51                         00DA4C  000016  00DA62      6D26       0  CODE    
                text52                         00DA62  00001A  00DA7C      6D31       0  CODE    
                text6                          00DA7C  00001C  00DA98      6D3E       0  CODE    
                idataCOMRAM                    00DA99  000023  00DABC      DA99       0  CODE    
                text22                         00DABC  000026  00DAE2      6D5E       0  CODE    
                text48                         00DAE2  000028  00DB0A      6D71       0  CODE    
                text10                         00DB0A  00002A  00DB34      6D85       0  CODE    
                text18                         00DB34  00002E  00DB62      6D9A       0  CODE    
                text43                         00DB62  000030  00DB92      6DB1       0  CODE    
                text36                         00DB92  000032  00DBC4      6DC9       0  CODE    
                text27                         00DBC4  000032  00DBF6      6DE2       0  CODE    
                text25                         00DBF6  00003C  00DC32      6DFB       0  CODE    
                text39                         00DC32  00003E  00DC70      6E19       0  CODE    
                text12                         00DC70  00003E  00DCAE      6E38       0  CODE    
                cinit                          00DCAE  000042  00DCF0      6E57       0  CODE    
                text31                         00DCF0  000044  00DD34      6E78       0  CODE    
                text30                         00DD34  000044  00DD78      6E9A       0  CODE    
                text29                         00DD78  000044  00DDBC      6EBC       0  CODE    
                text28                         00DDBC  000044  00DE00      6EDE       0  CODE    
                text41                         00DE00  00004A  00DE4A      6F00       0  CODE    
                text44                         00DE4A  00004E  00DE98      6F25       0  CODE    
                text33                         00DE98  000052  00DEEA      6F4C       0  CODE    
                text15                         00DEEA  000052  00DF3C      6F75       0  CODE    
                text8                          00DF3C  000066  00DFA2      6F9E       0  CODE    
                text2                          00DFA2  000070  00E012      6FD1       0  CODE    
                text49                         00E012  000082  00E094      7009       0  CODE    
                text20                         00E094  000082  00E116      704A       0  CODE    
                text42                         00E116  000088  00E19E      708B       0  CODE    
                text9                          00E19E  000088  00E226      70CF       0  CODE    
                text50                         00E226  000096  00E2BC      7113       0  CODE    
                text23                         00E2BC  000096  00E352      715E       0  CODE    
                text4                          00E352  0000A6  00E3F8      71A9       0  CODE    
                text0                          00E3F8  0000A8  00E4A0      71FC       0  CODE    
                text17                         00E4A0  0000C2  00E562      7250       0  CODE    
                text37                         00E562  0000C4  00E626      72B1       0  CODE    
                text26                         00E626  0000C6  00E6EC      7313       0  CODE    
                text7                          00E6EC  0000DC  00E7C8      7376       0  CODE    
                text38                         00E7C8  0000DE  00E8A6      73E4       0  CODE    
                text24                         00E8A6  0000E2  00E988      7453       0  CODE    
                text11                         00E988  0000F2  00EA7A      74C4       0  CODE    
                text13                         00EA7A  000110  00EB8A      753D       0  CODE    
                text34                         00EB8A  000138  00ECC2      75C5       0  CODE    
                text40                         00ECC2  000156  00EE18      7661       0  CODE    
                text19                         00EE18  00017E  00EF96      770C       0  CODE    
                text35                         00EF96  0001AE  00F144      77CB       0  CODE    
                text21                         00F144  0001F8  00F33C      78A2       0  CODE    
                text32                         00F33C  000362  00F69E      799E       0  CODE    
                text5                          00F69E  00071E  00FDBC      7B4F       0  CODE    
                mediumconst                    00FDBC  000244  010000      7EDE       0  MEDIUMCO
                idloc                          200000  000008  200008    200000       0  IDLOC   
                config                         300000  00000E  30000E    300000       0  CONFIG  


UNUSED ADDRESS RANGES

        Name                Unused          Largest block    Delta
        BANK0            00009F-0000FF               61
        BANK1            000100-0001FF              100
        BANK10           000A00-000AFF              100
        BANK11           000B00-000BFF              100
        BANK12           000C00-000CFF              100
        BANK13           000D00-000DFF              100
        BANK14           000E00-000EFF              100
        BANK15           000F00-000F7F               80
        BANK2            000200-0002FF              100
        BANK3            000300-0003FF              100
        BANK4            000400-0004FF              100
        BANK5            000500-0005FF              100
        BANK6            000600-0006FF              100
        BANK7            000700-0007FF              100
        BANK8            000800-0008FF              100
        BANK9            000900-0009FF              100
        BIGRAM           00007B-00007F                5
                         00009F-000F7F              EE1
        CODE             000004-00D9B5             D9B2
                         00DA98-00DA98                1
        COMRAM           00007B-00007F                5
        CONST            000004-00D9B5             D9B2
                         00DA98-00DA98                1
        EEDATA           F00000-F003FF              400
        MEDIUMCONST      001000-00D9B5             C9B6
                         00DA98-00DA98                1
        RAM              00009F-000F7F              100
        SFR              000F80-000FFF               80
        SMALLCONST       001000-00D9B5              100
                         00DA98-00DA98                1
        STACK            00009F-000F7F              EE1

                                  Symbol Table

?___awdiv                           cstackCOMRAM 000001
?___awmod                           cstackCOMRAM 000001
?___awtoft                          cstackCOMRAM 000009
?___ftdiv                           cstackCOMRAM 00000D
?___ftpack                          cstackCOMRAM 000001
?___wmul                            cstackCOMRAM 000001
?_get_full_ADC                      cstackCOMRAM 000001
?_strlen                            cstackCOMRAM 000001
OpenUSART@config                    cstackCOMRAM 000003
OpenUSART@spbrg                     cstackCOMRAM 000001
PED_Control@Num_Sec                 cstackCOMRAM 00003C
PED_Control@direction               cstackCOMRAM 00003D
PED_Control@i                       cstackCOMRAM 00003E
Set_EW@color                        cstackCOMRAM 000036
Set_EW_LT@color                     cstackCOMRAM 000036
Set_NS@color                        cstackCOMRAM 000036
Set_NS_LT@color                     cstackCOMRAM 000036
Wait_N_Seconds@I                    cstackCOMRAM 00003D
Wait_N_Seconds@seconds              cstackCOMRAM 00003C
_ADCON0                             (abs)        000FC2
_ADCON0bits                         (abs)        000FC2
_ADCON1                             (abs)        000FC1
_ADCON2                             (abs)        000FC0
_ADRESH                             (abs)        000FC4
_ADRESL                             (abs)        000FC3
_Act_Mode_Txt                       dataCOMRAM   000054
_Activate_Buzzer                    text54       00D9EC
_CCP2CON                            (abs)        000FBA
_CCPR2L                             (abs)        000FBB
_Count                              bssCOMRAM    00006D
_Day_Mode                           text17       00E4A0
_Deactivate_Buzzer                  text53       00D9B6
_EWLT_Count                         dataCOMRAM   000042
_EW_Count                           dataCOMRAM   000045
_FLASHING                           bssCOMRAM    00006E
_FLASHING_REQUEST                   bssCOMRAM    00006F
_FlashingR_Txt                      dataCOMRAM   000056
_FlashingS_Txt                      dataCOMRAM   000058
_INTCONbits                         (abs)        000FF2
_Init_ADC                           text16       00D9BE
_Initialize_Screen                  text5        00F69E
_LCD_Reset                          text14       00D9FE
_MODE                               bssCOMRAM    000067
_NSLT_Count                         dataCOMRAM   000048
_NS_Count                           dataCOMRAM   00004B
_Night_Mode                         text4        00E352
_OSCCON                             (abs)        000FD3
_OpenUSART                          text2        00DFA2
_PED_Control                        text36       00DB92
_PED_Count                          bssCOMRAM    000070
_PED_EW_Count                       dataCOMRAM   00004E
_PED_NS_Count                       dataCOMRAM   000051
_PIE1bits                           (abs)        000F9D
_PIR1bits                           (abs)        000F9E
_PIR2bits                           (abs)        000FA1
_PORTAbits                          (abs)        000F80
_PORTBbits                          (abs)        000F81
_PORTCbits                          (abs)        000F82
_PORTDbits                          (abs)        000F83
_PORTEbits                          (abs)        000F84
_PR2                                (abs)        000FCB
_RCSTA                              (abs)        000FAB
_RCSTAbits                          (abs)        000FAB
_Rcmd1                              text13       00EA7A
_Rcmd2red                           text12       00DC70
_Rcmd3                              text11       00E988
_SPBRG                              (abs)        000FAF
_SPBRGH                             (abs)        000FB0
_SSPBUF                             (abs)        000FC9
_SSPCON1                            (abs)        000FC6
_SSPSTAT                            (abs)        000FC7
_SSPSTATbits                        (abs)        000FC7
_SW_EWLT                            bssCOMRAM    000071
_SW_EWLT_Txt                        dataCOMRAM   00005A
_SW_EWPED                           bssCOMRAM    000072
_SW_EWPED_Txt                       dataCOMRAM   00005C
_SW_MODE                            bssCOMRAM    000073
_SW_MODE_Txt                        dataCOMRAM   00005E
_SW_NSLT                            bssCOMRAM    000074
_SW_NSLT_Txt                        dataCOMRAM   000060
_SW_NSPED                           bssCOMRAM    000075
_SW_NSPED_Txt                       dataCOMRAM   000062
_Set_EW                             text31       00DCF0
_Set_EW_LT                          text30       00DD34
_Set_NS                             text29       00DD78
_Set_NS_LT                          text28       00DDBC
_T0CON                              (abs)        000FD5
_T0CONbits                          (abs)        000FD5
_T2CON                              (abs)        000FCA
_T3CON                              (abs)        000FB1
_T3CONbits                          (abs)        000FB1
_TFT_GreenTab_Initialize            text10       00DB0A
_TMR0H                              (abs)        000FD7
_TMR0L                              (abs)        000FD6
_TRISA                              (abs)        000F92
_TRISB                              (abs)        000F93
_TRISC                              (abs)        000F94
_TRISCbits                          (abs)        000F94
_TRISD                              (abs)        000F95
_TRISE                              (abs)        000F96
_TRMT                               (abs)        007D61
_TXREG                              (abs)        000FAD
_TXSTA                              (abs)        000FAC
_TXSTAbits                          (abs)        000FAC
_Wait_Half_Second                   text52       00DA62
_Wait_N_Seconds                     text18       00DB34
_Wait_One_Second                    text20       00E094
_Wait_One_Second_With_Beep          text51       00DA4C
__CFG_BOREN$OFF                     (abs)        000000
__CFG_CCP2MX$PORTBE                 (abs)        000000
__CFG_LVP$OFF                       (abs)        000000
__CFG_OSC$INTIO67                   (abs)        000000
__CFG_WDT$OFF                       (abs)        000000
__HRAM                              (abs)        000000
__Habs1                             abs1         000000
__Hbank0                            bank0        000000
__Hbank1                            bank1        000000
__Hbank10                           bank10       000000
__Hbank11                           bank11       000000
__Hbank12                           bank12       000000
__Hbank13                           bank13       000000
__Hbank14                           bank14       000000
__Hbank15                           bank15       000000
__Hbank2                            bank2        000000
__Hbank3                            bank3        000000
__Hbank4                            bank4        000000
__Hbank5                            bank5        000000
__Hbank6                            bank6        000000
__Hbank7                            bank7        000000
__Hbank8                            bank8        000000
__Hbank9                            bank9        000000
__Hbigbss                           bigbss       000000
__Hbigdata                          bigdata      000000
__Hbigram                           bigram       000000
__Hbss                              bss          000000
__HbssBANK0                         bssBANK0     000000
__HbssCOMRAM                        bssCOMRAM    000000
__Hcinit                            cinit        000000
__Hclrtext                          clrtext      000000
__Hcomram                           comram       000000
__Hconfig                           config       30000E
__Hconst                            const        000000
__HcstackCOMRAM                     cstackCOMRAM 000000
__Hdata                             data         000000
__HdataCOMRAM                       dataCOMRAM   000000
__Heeprom_data                      eeprom_data  000000
__Hend_init                         end_init     000004
__Hfarbss                           farbss       000000
__Hfardata                          fardata      000000
__Hibigdata                         ibigdata     000000
__Hidata                            idata        000000
__HidataCOMRAM                      idataCOMRAM  000000
__Hidloc                            idloc        200008
__Hifardata                         ifardata     000000
__Hinit                             init         000000
__Hintcode                          intcode      000000
__Hintcode_body                     intcode_body 000000
__Hintcodelo                        intcodelo    000000
__Hintentry                         intentry     000000
__Hintret                           intret       000000
__Hintsave_regs                     intsave_regs 000000
__Hirdata                           irdata       000000
__Hmediumconst                      mediumconst  010000
__HnvFARRAM                         nvFARRAM     000000
__Hnvbit                            nvbit        000000
__Hnvrram                           nvrram       000000
__Hparam                            rparam       000000
__Hpowerup                          powerup      000000
__Hram                              ram          000000
__Hramtop                           ramtop       001000
__Hrbit                             rbit         000000
__Hrbss                             rbss         000000
__Hrdata                            rdata        000000
__Hreset_vec                        reset_vec    000000
__Hrparam                           rparam       000000
__Hsfr                              sfr          000000
__Hsmallconst                       smallconst   000000
__Hspace_0                          (abs)        30000E
__Hspace_1                          (abs)        00009F
__Hspace_2                          (abs)        000000
__Hstack                            stack        000000
__Hstruct                           struct       000000
__Htemp                             temp         000000
__Htext                             text         000000
__Htext0                            text0        000000
__Htext1                            text1        000000
__Htext10                           text10       000000
__Htext11                           text11       000000
__Htext12                           text12       000000
__Htext13                           text13       000000
__Htext14                           text14       000000
__Htext15                           text15       000000
__Htext16                           text16       000000
__Htext17                           text17       000000
__Htext18                           text18       000000
__Htext19                           text19       000000
__Htext2                            text2        000000
__Htext20                           text20       000000
__Htext21                           text21       000000
__Htext22                           text22       000000
__Htext23                           text23       000000
__Htext24                           text24       000000
__Htext25                           text25       000000
__Htext26                           text26       000000
__Htext27                           text27       000000
__Htext28                           text28       000000
__Htext29                           text29       000000
__Htext3                            text3        000000
__Htext30                           text30       000000
__Htext31                           text31       000000
__Htext32                           text32       000000
__Htext33                           text33       000000
__Htext34                           text34       000000
__Htext35                           text35       000000
__Htext36                           text36       000000
__Htext37                           text37       000000
__Htext38                           text38       000000
__Htext39                           text39       000000
__Htext4                            text4        000000
__Htext40                           text40       000000
__Htext41                           text41       000000
__Htext42                           text42       000000
__Htext43                           text43       000000
__Htext44                           text44       000000
__Htext45                           text45       000000
__Htext46                           text46       000000
__Htext47                           text47       000000
__Htext48                           text48       000000
__Htext49                           text49       000000
__Htext5                            text5        000000
__Htext50                           text50       000000
__Htext51                           text51       000000
__Htext52                           text52       000000
__Htext53                           text53       000000
__Htext54                           text54       000000
__Htext6                            text6        000000
__Htext7                            text7        000000
__Htext8                            text8        000000
__Htext9                            text9        000000
__LRAM                              (abs)        000001
__Labs1                             abs1         000000
__Lbank0                            bank0        000000
__Lbank1                            bank1        000000
__Lbank10                           bank10       000000
__Lbank11                           bank11       000000
__Lbank12                           bank12       000000
__Lbank13                           bank13       000000
__Lbank14                           bank14       000000
__Lbank15                           bank15       000000
__Lbank2                            bank2        000000
__Lbank3                            bank3        000000
__Lbank4                            bank4        000000
__Lbank5                            bank5        000000
__Lbank6                            bank6        000000
__Lbank7                            bank7        000000
__Lbank8                            bank8        000000
__Lbank9                            bank9        000000
__Lbigbss                           bigbss       000000
__Lbigdata                          bigdata      000000
__Lbigram                           bigram       000000
__Lbss                              bss          000000
__LbssBANK0                         bssBANK0     000000
__LbssCOMRAM                        bssCOMRAM    000000
__Lcinit                            cinit        000000
__Lclrtext                          clrtext      000000
__Lcomram                           comram       000000
__Lconfig                           config       300000
__Lconst                            const        000000
__LcstackCOMRAM                     cstackCOMRAM 000000
__Ldata                             data         000000
__LdataCOMRAM                       dataCOMRAM   000000
__Leeprom_data                      eeprom_data  000000
__Lend_init                         end_init     000000
__Lfarbss                           farbss       000000
__Lfardata                          fardata      000000
__Libigdata                         ibigdata     000000
__Lidata                            idata        000000
__LidataCOMRAM                      idataCOMRAM  000000
__Lidloc                            idloc        200000
__Lifardata                         ifardata     000000
__Linit                             init         000000
__Lintcode                          intcode      000000
__Lintcode_body                     intcode_body 000000
__Lintcodelo                        intcodelo    000000
__Lintentry                         intentry     000000
__Lintret                           intret       000000
__Lintsave_regs                     intsave_regs 000000
__Lirdata                           irdata       000000
__Lmediumconst                      mediumconst  00FDBC
__LnvFARRAM                         nvFARRAM     000000
__Lnvbit                            nvbit        000000
__Lnvrram                           nvrram       000000
__Lparam                            rparam       000000
__Lpowerup                          powerup      000000
__Lram                              ram          000000
__Lramtop                           ramtop       001000
__Lrbit                             rbit         000000
__Lrbss                             rbss         000000
__Lrdata                            rdata        000000
__Lreset_vec                        reset_vec    000000
__Lrparam                           rparam       000000
__Lsfr                              sfr          000000
__Lsmallconst                       smallconst   000000
__Lspace_0                          (abs)        000000
__Lspace_1                          (abs)        000000
__Lspace_2                          (abs)        000000
__Lstack                            stack        000000
__Lstruct                           struct       000000
__Ltemp                             temp         000000
__Ltext                             text         000000
__Ltext0                            text0        000000
__Ltext1                            text1        000000
__Ltext10                           text10       000000
__Ltext11                           text11       000000
__Ltext12                           text12       000000
__Ltext13                           text13       000000
__Ltext14                           text14       000000
__Ltext15                           text15       000000
__Ltext16                           text16       000000
__Ltext17                           text17       000000
__Ltext18                           text18       000000
__Ltext19                           text19       000000
__Ltext2                            text2        000000
__Ltext20                           text20       000000
__Ltext21                           text21       000000
__Ltext22                           text22       000000
__Ltext23                           text23       000000
__Ltext24                           text24       000000
__Ltext25                           text25       000000
__Ltext26                           text26       000000
__Ltext27                           text27       000000
__Ltext28                           text28       000000
__Ltext29                           text29       000000
__Ltext3                            text3        000000
__Ltext30                           text30       000000
__Ltext31                           text31       000000
__Ltext32                           text32       000000
__Ltext33                           text33       000000
__Ltext34                           text34       000000
__Ltext35                           text35       000000
__Ltext36                           text36       000000
__Ltext37                           text37       000000
__Ltext38                           text38       000000
__Ltext39                           text39       000000
__Ltext4                            text4        000000
__Ltext40                           text40       000000
__Ltext41                           text41       000000
__Ltext42                           text42       000000
__Ltext43                           text43       000000
__Ltext44                           text44       000000
__Ltext45                           text45       000000
__Ltext46                           text46       000000
__Ltext47                           text47       000000
__Ltext48                           text48       000000
__Ltext49                           text49       000000
__Ltext5                            text5        000000
__Ltext50                           text50       000000
__Ltext51                           text51       000000
__Ltext52                           text52       000000
__Ltext53                           text53       000000
__Ltext54                           text54       000000
__Ltext6                            text6        000000
__Ltext7                            text7        000000
__Ltext8                            text8        000000
__Ltext9                            text9        000000
__S0                                (abs)        30000E
__S1                                (abs)        00009F
__S2                                (abs)        000000
___awdiv                            text50       00E226
___awdiv@counter                    cstackCOMRAM 000005
___awdiv@dividend                   cstackCOMRAM 000001
___awdiv@divisor                    cstackCOMRAM 000003
___awdiv@quotient                   cstackCOMRAM 000007
___awdiv@sign                       cstackCOMRAM 000006
___awmod                            text49       00E012
___awmod@counter                    cstackCOMRAM 000005
___awmod@dividend                   cstackCOMRAM 000001
___awmod@divisor                    cstackCOMRAM 000003
___awmod@sign                       cstackCOMRAM 000006
___awtoft                           text25       00DBF6
___awtoft@c                         cstackCOMRAM 000009
___awtoft@sign                      cstackCOMRAM 00000C
___ftdiv                            text24       00E8A6
___ftdiv@cntr                       cstackCOMRAM 000016
___ftdiv@exp                        cstackCOMRAM 00001A
___ftdiv@f1                         cstackCOMRAM 00000D
___ftdiv@f2                         cstackCOMRAM 000010
___ftdiv@f3                         cstackCOMRAM 000017
___ftdiv@sign                       cstackCOMRAM 00001B
___ftge                             text23       00E2BC
___ftge@ff1                         cstackCOMRAM 000001
___ftge@ff2                         cstackCOMRAM 000004
___ftpack                           text26       00E626
___ftpack@arg                       cstackCOMRAM 000001
___ftpack@exp                       cstackCOMRAM 000004
___ftpack@sign                      cstackCOMRAM 000005
___inthi_sp                         stack        000000
___intlo_sp                         stack        000000
___param_bank                       (abs)        000010
___rparam_used                      (abs)        000001
___sp                               stack        000000
___wmul                             text48       00DAE2
___wmul@multiplicand                cstackCOMRAM 000003
___wmul@multiplier                  cstackCOMRAM 000001
___wmul@product                     cstackCOMRAM 000005
__accesstop                         (abs)        000080
__activetblptr                      (abs)        000002
__end_of_Activate_Buzzer            text54       00D9FE
__end_of_Day_Mode                   text17       00E562
__end_of_Deactivate_Buzzer          text53       00D9BE
__end_of_Init_ADC                   text16       00D9CC
__end_of_Initialize_Screen          text5        00FDBC
__end_of_LCD_Reset                  text14       00DA10
__end_of_Night_Mode                 text4        00E3F8
__end_of_OpenUSART                  text2        00E012
__end_of_PED_Control                text36       00DBC4
__end_of_Rcmd1                      text13       00EB8A
__end_of_Rcmd2red                   text12       00DCAE
__end_of_Rcmd3                      text11       00EA7A
__end_of_Set_EW                     text31       00DD34
__end_of_Set_EW_LT                  text30       00DD78
__end_of_Set_NS                     text29       00DDBC
__end_of_Set_NS_LT                  text28       00DE00
__end_of_TFT_GreenTab_Initialize    text10       00DB34
__end_of_Wait_Half_Second           text52       00DA7C
__end_of_Wait_N_Seconds             text18       00DB62
__end_of_Wait_One_Second            text20       00E116
__end_of_Wait_One_Second_With_Beep  text51       00DA62
__end_of___awdiv                    text50       00E2BC
__end_of___awmod                    text49       00E094
__end_of___awtoft                   text25       00DC32
__end_of___ftdiv                    text24       00E988
__end_of___ftge                     text23       00E352
__end_of___ftpack                   text26       00E6EC
__end_of___wmul                     text48       00DB0A
__end_of__initialization            cinit        00DCE6
__end_of_delay_ms                   text15       00DF3C
__end_of_drawChar                   text40       00EE18
__end_of_drawCircle                 text35       00F144
__end_of_drawFastHLine              text9        00E226
__end_of_drawFastVLine              text42       00E19E
__end_of_drawPixel                  text43       00DB92
__end_of_drawRect                   text8        00DFA2
__end_of_drawtext                   text38       00E8A6
__end_of_fillCircle                 text33       00DEEA
__end_of_fillCircleHelper           text34       00ECC2
__end_of_fillRect                   text41       00DE4A
__end_of_fillRectangle              text7        00E7C8
__end_of_fillScreen                 text6        00DA98
__end_of_font                       mediumconst  00FEBC
__end_of_font2                      mediumconst  00FF98
__end_of_get_full_ADC               text22       00DAE2
__end_of_init_IO                    text3        00DA38
__end_of_init_UART                  text1        00DA4C
__end_of_main                       text0        00E4A0
__end_of_setAddrWindow              text44       00DE98
__end_of_spiwrite                   text47       00DA24
__end_of_strcpy                     text27       00DBF6
__end_of_strlen                     text39       00DC70
__end_of_update_LCD_PED_Count       text37       00E626
__end_of_update_LCD_color           text32       00F69E
__end_of_update_LCD_count           text19       00EF96
__end_of_update_LCD_misc            text21       00F33C
__end_of_write_command              text46       00D9DC
__end_of_write_data                 text45       00D9EC
__initialization                    cinit        00DCAE
__mediumconst                       mediumconst  00FDBC
__pbssBANK0                         bssBANK0     000080
__pbssCOMRAM                        bssCOMRAM    000064
__pcinit                            cinit        00DCAE
__pcstackCOMRAM                     cstackCOMRAM 000001
__pdataCOMRAM                       dataCOMRAM   000041
__pidataCOMRAM                      idataCOMRAM  00DA99
__pmediumconst                      mediumconst  00FDBC
__ptext0                            text0        00E3F8
__ptext1                            text1        00DA38
__ptext10                           text10       00DB0A
__ptext11                           text11       00E988
__ptext12                           text12       00DC70
__ptext13                           text13       00EA7A
__ptext14                           text14       00D9FE
__ptext15                           text15       00DEEA
__ptext16                           text16       00D9BE
__ptext17                           text17       00E4A0
__ptext18                           text18       00DB34
__ptext19                           text19       00EE18
__ptext2                            text2        00DFA2
__ptext20                           text20       00E094
__ptext21                           text21       00F144
__ptext22                           text22       00DABC
__ptext23                           text23       00E2BC
__ptext24                           text24       00E8A6
__ptext25                           text25       00DBF6
__ptext26                           text26       00E626
__ptext27                           text27       00DBC4
__ptext28                           text28       00DDBC
__ptext29                           text29       00DD78
__ptext3                            text3        00DA24
__ptext30                           text30       00DD34
__ptext31                           text31       00DCF0
__ptext32                           text32       00F33C
__ptext33                           text33       00DE98
__ptext34                           text34       00EB8A
__ptext35                           text35       00EF96
__ptext36                           text36       00DB92
__ptext37                           text37       00E562
__ptext38                           text38       00E7C8
__ptext39                           text39       00DC32
__ptext4                            text4        00E352
__ptext40                           text40       00ECC2
__ptext41                           text41       00DE00
__ptext42                           text42       00E116
__ptext43                           text43       00DB62
__ptext44                           text44       00DE4A
__ptext45                           text45       00D9DC
__ptext46                           text46       00D9CC
__ptext47                           text47       00DA10
__ptext48                           text48       00DAE2
__ptext49                           text49       00E012
__ptext5                            text5        00F69E
__ptext50                           text50       00E226
__ptext51                           text51       00DA4C
__ptext52                           text52       00DA62
__ptext53                           text53       00D9B6
__ptext54                           text54       00D9EC
__ptext6                            text6        00DA7C
__ptext7                            text7        00E6EC
__ptext8                            text8        00DF3C
__ptext9                            text9        00E19E
__ramtop                            ramtop       001000
__size_of_Activate_Buzzer           (abs)        000000
__size_of_Day_Mode                  (abs)        000000
__size_of_Deactivate_Buzzer         (abs)        000000
__size_of_Init_ADC                  (abs)        000000
__size_of_Initialize_Screen         (abs)        000000
__size_of_LCD_Reset                 (abs)        000000
__size_of_Night_Mode                (abs)        000000
__size_of_OpenUSART                 (abs)        000000
__size_of_PED_Control               (abs)        000000
__size_of_Rcmd1                     (abs)        000000
__size_of_Rcmd2red                  (abs)        000000
__size_of_Rcmd3                     (abs)        000000
__size_of_Set_EW                    (abs)        000000
__size_of_Set_EW_LT                 (abs)        000000
__size_of_Set_NS                    (abs)        000000
__size_of_Set_NS_LT                 (abs)        000000
__size_of_TFT_GreenTab_Initialize   (abs)        000000
__size_of_Wait_Half_Second          (abs)        000000
__size_of_Wait_N_Seconds            (abs)        000000
__size_of_Wait_One_Second           (abs)        000000
__size_of_Wait_One_Second_With_Beep (abs)        000000
__size_of___awdiv                   (abs)        000000
__size_of___awmod                   (abs)        000000
__size_of___awtoft                  (abs)        000000
__size_of___ftdiv                   (abs)        000000
__size_of___ftge                    (abs)        000000
__size_of___ftpack                  (abs)        000000
__size_of___wmul                    (abs)        000000
__size_of_delay_ms                  (abs)        000000
__size_of_drawChar                  (abs)        000000
__size_of_drawCircle                (abs)        000000
__size_of_drawFastHLine             (abs)        000000
__size_of_drawFastVLine             (abs)        000000
__size_of_drawPixel                 (abs)        000000
__size_of_drawRect                  (abs)        000000
__size_of_drawtext                  (abs)        000000
__size_of_fillCircle                (abs)        000000
__size_of_fillCircleHelper          (abs)        000000
__size_of_fillRect                  (abs)        000000
__size_of_fillRectangle             (abs)        000000
__size_of_fillScreen                (abs)        000000
__size_of_get_full_ADC              (abs)        000000
__size_of_init_IO                   (abs)        000000
__size_of_init_UART                 (abs)        000000
__size_of_main                      (abs)        000000
__size_of_setAddrWindow             (abs)        000000
__size_of_spiwrite                  (abs)        000000
__size_of_strcpy                    (abs)        000000
__size_of_strlen                    (abs)        000000
__size_of_update_LCD_PED_Count      (abs)        000000
__size_of_update_LCD_color          (abs)        000000
__size_of_update_LCD_count          (abs)        000000
__size_of_update_LCD_misc           (abs)        000000
__size_of_write_command             (abs)        000000
__size_of_write_data                (abs)        000000
__smallconst                        smallconst   000000
__tft_type                          bssCOMRAM    000076
_buffer                             bssBANK0     000080
_colstart                           bssCOMRAM    000077
_delay_ms                           text15       00DEEA
_dir                                bssCOMRAM    000078
_direction                          bssCOMRAM    000079
_drawChar                           text40       00ECC2
_drawCircle                         text35       00EF96
_drawFastHLine                      text9        00E19E
_drawFastVLine                      text42       00E116
_drawPixel                          text43       00DB62
_drawRect                           text8        00DF3C
_drawtext                           text38       00E7C8
_fillCircle                         text33       00DE98
_fillCircleHelper                   text34       00EB8A
_fillRect                           text41       00DE00
_fillRectangle                      text7        00E6EC
_fillScreen                         text6        00DA7C
_font                               mediumconst  00FDBD
_font2                              mediumconst  00FEBC
_get_full_ADC                       text22       00DABC
_init_IO                            text3        00DA24
_init_UART                          text1        00DA38
_main                               text0        00E3F8
_nbr                                bssCOMRAM    000069
_rowstart                           bssCOMRAM    00007A
_setAddrWindow                      text44       00DE4A
_spiwrite                           text47       00DA10
_strcpy                             text27       00DBC4
_strlen                             text39       00DC32
_txt                                bssCOMRAM    00006B
_update_LCD_PED_Count               text37       00E562
_update_LCD_color                   text32       00F33C
_update_LCD_count                   text19       00EE18
_update_LCD_misc                    text21       00F144
_volt                               bssCOMRAM    000064
_wrap                               dataCOMRAM   000041
_write_command                      text46       00D9CC
_write_data                         text45       00D9DC
delay_ms@count                      cstackCOMRAM 00000B
delay_ms@ms                         cstackCOMRAM 000007
drawChar@bg                         cstackCOMRAM 000022
drawChar@c                          cstackCOMRAM 00001F
drawChar@color                      cstackCOMRAM 000020
drawChar@i                          cstackCOMRAM 000028
drawChar@j                          cstackCOMRAM 000027
drawChar@line                       cstackCOMRAM 000025
drawChar@size                       cstackCOMRAM 000024
drawChar@x                          cstackCOMRAM 000026
drawChar@y                          cstackCOMRAM 00001E
drawCircle@color                    cstackCOMRAM 000012
drawCircle@ddF_x                    cstackCOMRAM 000016
drawCircle@ddF_y                    cstackCOMRAM 000018
drawCircle@f                        cstackCOMRAM 00001A
drawCircle@r                        cstackCOMRAM 000010
drawCircle@x                        cstackCOMRAM 00001C
drawCircle@x0                       cstackCOMRAM 00000C
drawCircle@y                        cstackCOMRAM 00001E
drawCircle@y0                       cstackCOMRAM 00000E
drawFastHLine@color                 cstackCOMRAM 00000A
drawFastHLine@hi                    cstackCOMRAM 000010
drawFastHLine@lo                    cstackCOMRAM 000011
drawFastHLine@w                     cstackCOMRAM 000009
drawFastHLine@x                     cstackCOMRAM 000012
drawFastHLine@y                     cstackCOMRAM 000008
drawFastVLine@color                 cstackCOMRAM 00000A
drawFastVLine@h                     cstackCOMRAM 000009
drawFastVLine@hi                    cstackCOMRAM 000010
drawFastVLine@lo                    cstackCOMRAM 000011
drawFastVLine@x                     cstackCOMRAM 000012
drawFastVLine@y                     cstackCOMRAM 000008
drawPixel@color                     cstackCOMRAM 000009
drawPixel@x                         cstackCOMRAM 00000B
drawPixel@y                         cstackCOMRAM 000008
drawRect@color                      cstackCOMRAM 00001B
drawRect@h                          cstackCOMRAM 000019
drawRect@w                          cstackCOMRAM 000017
drawRect@x                          cstackCOMRAM 000013
drawRect@y                          cstackCOMRAM 000015
drawtext@_text                      cstackCOMRAM 00002A
drawtext@bg                         cstackCOMRAM 00002E
drawtext@color                      cstackCOMRAM 00002C
drawtext@cursor_x                   cstackCOMRAM 000039
drawtext@cursor_y                   cstackCOMRAM 000038
drawtext@i                          cstackCOMRAM 000036
drawtext@size                       cstackCOMRAM 000030
drawtext@textsize                   cstackCOMRAM 000033
drawtext@x                          cstackCOMRAM 000035
drawtext@y                          cstackCOMRAM 000029
end_of_initialization               cinit        00DCE6
fillCircle@color                    cstackCOMRAM 000031
fillCircle@r                        cstackCOMRAM 00002F
fillCircle@x0                       cstackCOMRAM 00002B
fillCircle@y0                       cstackCOMRAM 00002D
fillCircleHelper@color              cstackCOMRAM 00001D
fillCircleHelper@cornername         cstackCOMRAM 000019
fillCircleHelper@ddF_x              cstackCOMRAM 000021
fillCircleHelper@ddF_y              cstackCOMRAM 000023
fillCircleHelper@delta              cstackCOMRAM 00001B
fillCircleHelper@f                  cstackCOMRAM 000025
fillCircleHelper@r                  cstackCOMRAM 000017
fillCircleHelper@x                  cstackCOMRAM 000027
fillCircleHelper@x0                 cstackCOMRAM 000013
fillCircleHelper@y                  cstackCOMRAM 000029
fillCircleHelper@y0                 cstackCOMRAM 000015
fillRect@color                      cstackCOMRAM 000016
fillRect@h                          cstackCOMRAM 000015
fillRect@i                          cstackCOMRAM 00001C
fillRect@w                          cstackCOMRAM 000014
fillRect@x                          cstackCOMRAM 00001B
fillRect@y                          cstackCOMRAM 000013
fillRectangle@color                 cstackCOMRAM 00000B
fillRectangle@h                     cstackCOMRAM 00000A
fillRectangle@hi                    cstackCOMRAM 000011
fillRectangle@lo                    cstackCOMRAM 000012
fillRectangle@w                     cstackCOMRAM 000009
fillRectangle@x                     cstackCOMRAM 000013
fillRectangle@y                     cstackCOMRAM 000008
fillScreen@color                    cstackCOMRAM 000014
get_full_ADC@result                 cstackCOMRAM 000005
intlevel0                           text         000000
intlevel1                           text         000000
intlevel2                           text         000000
intlevel3                           text         000000
main@nStep                          cstackCOMRAM 00003F
setAddrWindow@x0                    cstackCOMRAM 000007
setAddrWindow@x1                    cstackCOMRAM 000005
setAddrWindow@y0                    cstackCOMRAM 000004
setAddrWindow@y1                    cstackCOMRAM 000006
spiwrite@spidata                    cstackCOMRAM 000002
spiwrite@x                          cstackCOMRAM 000001
stackhi                             (abs)        000F7F
stacklo                             (abs)        00009F
start                               init         000000
start_initialization                cinit        00DCAE
strcpy@cp                           cstackCOMRAM 000005
strcpy@from                         cstackCOMRAM 000003
strcpy@to                           cstackCOMRAM 000001
strlen@cp                           cstackCOMRAM 000005
strlen@s                            cstackCOMRAM 000001
update_LCD_PED_Count@count          cstackCOMRAM 00003A
update_LCD_PED_Count@direction      cstackCOMRAM 00003B
update_LCD_color@Circle_Y           cstackCOMRAM 000035
update_LCD_color@color              cstackCOMRAM 000033
update_LCD_color@direction          cstackCOMRAM 000034
update_LCD_count@count              cstackCOMRAM 00003A
update_LCD_count@direction          cstackCOMRAM 00003B
update_LCD_misc@nStep               cstackCOMRAM 00003A
write_command@cmd_                  cstackCOMRAM 000003
write_data@data_                    cstackCOMRAM 000003


FUNCTION INFORMATION:

 *************** function _main *****************
 Defined at:
		line 268 in file "Lab7_sample_S3_F21.c"
 Parameters:    Size  Location     Type
		None
 Auto vars:     Size  Location     Type
  nStep           2   62[COMRAM] int 
 Return value:  Size  Location     Type
		None               void
 Registers used:
		wreg, fsr2l, fsr2h, status,2, status,0, tblptrl, tblptrh, tblptru, prodl, prodh, cstack
 Tracked objects:
		On entry : 
		On exit  : 
		Unchanged: 
 Data sizes:     COMRAM   BANK0   BANK1   BANK2   BANK3   BANK4   BANK5   BANK6   BANK7   BANK8   BANK9  BANK10  BANK11  BANK12  BANK13  BANK14  BANK15
      Params:         0       0       0       0       0       0       0       0       0       0       0       0       0       0       0       0       0
      Locals:         2       0       0       0       0       0       0       0       0       0       0       0       0       0       0       0       0
      Temps:          0       0       0       0       0       0       0       0       0       0       0       0       0       0       0       0       0
      Totals:         2       0       0       0       0       0       0       0       0       0       0       0       0       0       0       0       0
Total ram usage:        2 bytes
 Hardware stack levels required when called:   11
 This function calls:
		_Day_Mode
		_Init_ADC
		_Initialize_Screen
		_Night_Mode
		___awtoft
		___ftdiv
		___ftge
		___wmul
		_get_full_ADC
		_init_IO
		_init_UART
 This function is called by:
		Startup code after reset
 This function uses a non-reentrant model


 *************** function _init_UART *****************
 Defined at:
		line 254 in file "Lab7_sample_S3_F21.c"
 Parameters:    Size  Location     Type
		None
 Auto vars:     Size  Location     Type
		None
 Return value:  Size  Location     Type
		None               void
 Registers used:
		wreg, status,2, cstack
 Tracked objects:
		On entry : 
		On exit  : 
		Unchanged: 
 Data sizes:     COMRAM   BANK0   BANK1   BANK2   BANK3   BANK4   BANK5   BANK6   BANK7   BANK8   BANK9  BANK10  BANK11  BANK12  BANK13  BANK14  BANK15
      Params:         0       0       0       0       0       0       0       0       0       0       0       0       0       0       0       0       0
      Locals:         0       0       0       0       0       0       0       0       0       0       0       0       0       0       0       0       0
      Temps:          0       0       0       0       0       0       0       0       0       0       0       0       0       0       0       0       0
      Totals:         0       0       0       0       0       0       0       0       0       0       0       0       0       0       0       0       0
Total ram usage:        0 bytes
 Hardware stack levels used:    1
 Hardware stack levels required when called:    1
 This function calls:
		_OpenUSART
 This function is called by:
		_main
 This function uses a non-reentrant model


 *************** function _OpenUSART *****************
 Defined at:
		line 73 in file "C:\Program Files (x86)\Microchip\xc8\v1.34\sources\pic18\plib\USART\uopen.c"
 Parameters:    Size  Location     Type
  config          1    wreg     unsigned char 
  spbrg           2    0[COMRAM] unsigned int 
 Auto vars:     Size  Location     Type
  config          1    2[COMRAM] unsigned char 
 Return value:  Size  Location     Type
		None               void
 Registers used:
		wreg, status,2
 Tracked objects:
		On entry : 
		On exit  : 
		Unchanged: 
 Data sizes:     COMRAM   BANK0   BANK1   BANK2   BANK3   BANK4   BANK5   BANK6   BANK7   BANK8   BANK9  BANK10  BANK11  BANK12  BANK13  BANK14  BANK15
      Params:         2       0       0       0       0       0       0       0       0       0       0       0       0       0       0       0       0
      Locals:         1       0       0       0       0       0       0       0       0       0       0       0       0       0       0       0       0
      Temps:          0       0       0       0       0       0       0       0       0       0       0       0       0       0       0       0       0
      Totals:         3       0       0       0       0       0       0       0       0       0       0       0       0       0       0       0       0
Total ram usage:        3 bytes
 Hardware stack levels used:    1
 This function calls:
		Nothing
 This function is called by:
		_init_UART
 This function uses a non-reentrant model


 *************** function _init_IO *****************
 Defined at:
		line 300 in file "Lab7_sample_S3_F21.c"
 Parameters:    Size  Location     Type
		None
 Auto vars:     Size  Location     Type
		None
 Return value:  Size  Location     Type
		None               void
 Registers used:
		wreg, status,2
 Tracked objects:
		On entry : 
		On exit  : 
		Unchanged: 
 Data sizes:     COMRAM   BANK0   BANK1   BANK2   BANK3   BANK4   BANK5   BANK6   BANK7   BANK8   BANK9  BANK10  BANK11  BANK12  BANK13  BANK14  BANK15
      Params:         0       0       0       0       0       0       0       0       0       0       0       0       0       0       0       0       0
      Locals:         0       0       0       0       0       0       0       0       0       0       0       0       0       0       0       0       0
      Temps:          0       0       0       0       0       0       0       0       0       0       0       0       0       0       0       0       0
      Totals:         0       0       0       0       0       0       0       0       0       0       0       0       0       0       0       0       0
Total ram usage:        0 bytes
 Hardware stack levels used:    1
 This function calls:
		Nothing
 This function is called by:
		_main
 This function uses a non-reentrant model


 *************** function _Night_Mode *****************
 Defined at:
		line 480 in file "Lab7_sample_S3_F21.c"
 Parameters:    Size  Location     Type
		None
 Auto vars:     Size  Location     Type
		None
 Return value:  Size  Location     Type
		None               void
 Registers used:
		wreg, fsr2l, fsr2h, status,2, status,0, tblptrl, tblptrh, tblptru, prodl, prodh, cstack
 Tracked objects:
		On entry : 
		On exit  : 
		Unchanged: 
 Data sizes:     COMRAM   BANK0   BANK1   BANK2   BANK3   BANK4   BANK5   BANK6   BANK7   BANK8   BANK9  BANK10  BANK11  BANK12  BANK13  BANK14  BANK15
      Params:         0       0       0       0       0       0       0       0       0       0       0       0       0       0       0       0       0
      Locals:         0       0       0       0       0       0       0       0       0       0       0       0       0       0       0       0       0
      Temps:          0       0       0       0       0       0       0       0       0       0       0       0       0       0       0       0       0
      Totals:         0       0       0       0       0       0       0       0       0       0       0       0       0       0       0       0       0
Total ram usage:        0 bytes
 Hardware stack levels used:    1
 Hardware stack levels required when called:   10
 This function calls:
		_Set_EW
		_Set_EW_LT
		_Set_NS
		_Set_NS_LT
		_Wait_N_Seconds
 This function is called by:
		_main
 This function uses a non-reentrant model


 *************** function _Initialize_Screen *****************
 Defined at:
		line 168 in file "Lab7_sample_S3_F21.c"
 Parameters:    Size  Location     Type
		None
 Auto vars:     Size  Location     Type
		None
 Return value:  Size  Location     Type
		None               void
 Registers used:
		wreg, fsr2l, fsr2h, status,2, status,0, tblptrl, tblptrh, tblptru, prodl, prodh, cstack
 Tracked objects:
		On entry : 
		On exit  : 
		Unchanged: 
 Data sizes:     COMRAM   BANK0   BANK1   BANK2   BANK3   BANK4   BANK5   BANK6   BANK7   BANK8   BANK9  BANK10  BANK11  BANK12  BANK13  BANK14  BANK15
      Params:         0       0       0       0       0       0       0       0       0       0       0       0       0       0       0       0       0
      Locals:         0       0       0       0       0       0       0       0       0       0       0       0       0       0       0       0       0
      Temps:          0       0       0       0       0       0       0       0       0       0       0       0       0       0       0       0       0
      Totals:         0       0       0       0       0       0       0       0       0       0       0       0       0       0       0       0       0
Total ram usage:        0 bytes
 Hardware stack levels used:    1
 Hardware stack levels required when called:    7
 This function calls:
		_LCD_Reset
		_TFT_GreenTab_Initialize
		_drawCircle
		_drawRect
		_drawtext
		_fillCircle
		_fillScreen
		_strcpy
 This function is called by:
		_main
 This function uses a non-reentrant model


 *************** function _fillScreen *****************
 Defined at:
		line 651 in file "ST7735_TFT.c"
 Parameters:    Size  Location     Type
  color           2   19[COMRAM] unsigned int 
 Auto vars:     Size  Location     Type
		None
 Return value:  Size  Location     Type
		None               void
 Registers used:
		wreg, status,2, status,0, cstack
 Tracked objects:
		On entry : 
		On exit  : 
		Unchanged: 
 Data sizes:     COMRAM   BANK0   BANK1   BANK2   BANK3   BANK4   BANK5   BANK6   BANK7   BANK8   BANK9  BANK10  BANK11  BANK12  BANK13  BANK14  BANK15
      Params:         2       0       0       0       0       0       0       0       0       0       0       0       0       0       0       0       0
      Locals:         0       0       0       0       0       0       0       0       0       0       0       0       0       0       0       0       0
      Temps:          0       0       0       0       0       0       0       0       0       0       0       0       0       0       0       0       0
      Totals:         2       0       0       0       0       0       0       0       0       0       0       0       0       0       0       0       0
Total ram usage:        2 bytes
 Hardware stack levels used:    1
 Hardware stack levels required when called:    4
 This function calls:
		_fillRectangle
 This function is called by:
		_Initialize_Screen
 This function uses a non-reentrant model


 *************** function _fillRectangle *****************
 Defined at:
		line 535 in file "ST7735_TFT.c"
 Parameters:    Size  Location     Type
  x               1    wreg     unsigned char 
  y               1    7[COMRAM] unsigned char 
  w               1    8[COMRAM] unsigned char 
  h               1    9[COMRAM] unsigned char 
  color           2   10[COMRAM] unsigned int 
 Auto vars:     Size  Location     Type
  x               1   18[COMRAM] unsigned char 
  lo              1   17[COMRAM] unsigned char 
  hi              1   16[COMRAM] unsigned char 
 Return value:  Size  Location     Type
		None               void
 Registers used:
		wreg, status,2, status,0, cstack
 Tracked objects:
		On entry : 
		On exit  : 
		Unchanged: 
 Data sizes:     COMRAM   BANK0   BANK1   BANK2   BANK3   BANK4   BANK5   BANK6   BANK7   BANK8   BANK9  BANK10  BANK11  BANK12  BANK13  BANK14  BANK15
      Params:         5       0       0       0       0       0       0       0       0       0       0       0       0       0       0       0       0
      Locals:         3       0       0       0       0       0       0       0       0       0       0       0       0       0       0       0       0
      Temps:          4       0       0       0       0       0       0       0       0       0       0       0       0       0       0       0       0
      Totals:        12       0       0       0       0       0       0       0       0       0       0       0       0       0       0       0       0
Total ram usage:       12 bytes
 Hardware stack levels used:    1
 Hardware stack levels required when called:    3
 This function calls:
		_setAddrWindow
		_spiwrite
 This function is called by:
		_fillScreen
 This function uses a non-reentrant model


 *************** function _drawRect *****************
 Defined at:
		line 717 in file "ST7735_TFT.c"
 Parameters:    Size  Location     Type
  x               2   18[COMRAM] unsigned int 
  y               2   20[COMRAM] unsigned int 
  w               2   22[COMRAM] unsigned int 
  h               2   24[COMRAM] unsigned int 
  color           2   26[COMRAM] unsigned int 
 Auto vars:     Size  Location     Type
		None
 Return value:  Size  Location     Type
		None               void
 Registers used:
		wreg, status,2, status,0, cstack
 Tracked objects:
		On entry : 
		On exit  : 
		Unchanged: 
 Data sizes:     COMRAM   BANK0   BANK1   BANK2   BANK3   BANK4   BANK5   BANK6   BANK7   BANK8   BANK9  BANK10  BANK11  BANK12  BANK13  BANK14  BANK15
      Params:        10       0       0       0       0       0       0       0       0       0       0       0       0       0       0       0       0
      Locals:         0       0       0       0       0       0       0       0       0       0       0       0       0       0       0       0       0
      Temps:          1       0       0       0       0       0       0       0       0       0       0       0       0       0       0       0       0
      Totals:        11       0       0       0       0       0       0       0       0       0       0       0       0       0       0       0       0
Total ram usage:       11 bytes
 Hardware stack levels used:    1
 Hardware stack levels required when called:    4
 This function calls:
		_drawFastHLine
		_drawFastVLine
 This function is called by:
		_Initialize_Screen
 This function uses a non-reentrant model


 *************** function _drawFastHLine *****************
 Defined at:
		line 656 in file "ST7735_TFT.c"
 Parameters:    Size  Location     Type
  x               1    wreg     unsigned char 
  y               1    7[COMRAM] unsigned char 
  w               1    8[COMRAM] unsigned char 
  color           2    9[COMRAM] unsigned int 
 Auto vars:     Size  Location     Type
  x               1   17[COMRAM] unsigned char 
  lo              1   16[COMRAM] unsigned char 
  hi              1   15[COMRAM] unsigned char 
 Return value:  Size  Location     Type
		None               void
 Registers used:
		wreg, status,2, status,0, cstack
 Tracked objects:
		On entry : 
		On exit  : 
		Unchanged: 
 Data sizes:     COMRAM   BANK0   BANK1   BANK2   BANK3   BANK4   BANK5   BANK6   BANK7   BANK8   BANK9  BANK10  BANK11  BANK12  BANK13  BANK14  BANK15
      Params:         4       0       0       0       0       0       0       0       0       0       0       0       0       0       0       0       0
      Locals:         3       0       0       0       0       0       0       0       0       0       0       0       0       0       0       0       0
      Temps:          4       0       0       0       0       0       0       0       0       0       0       0       0       0       0       0       0
      Totals:        11       0       0       0       0       0       0       0       0       0       0       0       0       0       0       0       0
Total ram usage:       11 bytes
 Hardware stack levels used:    1
 Hardware stack levels required when called:    3
 This function calls:
		_setAddrWindow
		_spiwrite
 This function is called by:
		_drawRect
 This function uses a non-reentrant model


 *************** function _TFT_GreenTab_Initialize *****************
 Defined at:
		line 676 in file "ST7735_TFT.c"
 Parameters:    Size  Location     Type
		None
 Auto vars:     Size  Location     Type
		None
 Return value:  Size  Location     Type
		None               void
 Registers used:
		wreg, status,2, status,0, prodl, prodh, cstack
 Tracked objects:
		On entry : 
		On exit  : 
		Unchanged: 
 Data sizes:     COMRAM   BANK0   BANK1   BANK2   BANK3   BANK4   BANK5   BANK6   BANK7   BANK8   BANK9  BANK10  BANK11  BANK12  BANK13  BANK14  BANK15
      Params:         0       0       0       0       0       0       0       0       0       0       0       0       0       0       0       0       0
      Locals:         0       0       0       0       0       0       0       0       0       0       0       0       0       0       0       0       0
[...]
      Totals:         4       0       0       0       0       0       0       0       0       0       0       0       0       0       0       0       0
Total ram usage:        4 bytes
 Hardware stack levels used:    1
 Hardware stack levels required when called:    2
 This function calls:
		_write_command
		_write_data
 This function is called by:
		_drawPixel
		_drawFastVLine
		_fillRectangle
		_drawFastHLine
 This function uses a non-reentrant model


 *************** function _write_data *****************
 Defined at:
		line 241 in file "ST7735_TFT.c"
 Parameters:    Size  Location     Type
  data_           1    wreg     unsigned char 
 Auto vars:     Size  Location     Type
  data_           1    2[COMRAM] unsigned char 
 Return value:  Size  Location     Type
		None               void
 Registers used:
		wreg, status,2, cstack
 Tracked objects:
		On entry : 
		On exit  : 
		Unchanged: 
 Data sizes:     COMRAM   BANK0   BANK1   BANK2   BANK3   BANK4   BANK5   BANK6   BANK7   BANK8   BANK9  BANK10  BANK11  BANK12  BANK13  BANK14  BANK15
      Params:         0       0       0       0       0       0       0       0       0       0       0       0       0       0       0       0       0
      Locals:         1       0       0       0       0       0       0       0       0       0       0       0       0       0       0       0       0
      Temps:          0       0       0       0       0       0       0       0       0       0       0       0       0       0       0       0       0
      Totals:         1       0       0       0       0       0       0       0       0       0       0       0       0       0       0       0       0
Total ram usage:        1 bytes
 Hardware stack levels used:    1
 Hardware stack levels required when called:    1
 This function calls:
		_spiwrite
 This function is called by:
		_Rcmd1
		_Rcmd2red
		_Rcmd3
		_setAddrWindow
		_drawPixel
		_TFT_GreenTab_Initialize
		_Bcmd
		_setScrollDefinition
		_Rcmd2green
		_VerticalScroll
 This function uses a non-reentrant model


 *************** function _write_command *****************
 Defined at:
		line 230 in file "ST7735_TFT.c"
 Parameters:    Size  Location     Type
  cmd_            1    wreg     unsigned char 
 Auto vars:     Size  Location     Type
  cmd_            1    2[COMRAM] unsigned char 
 Return value:  Size  Location     Type
		None               void
 Registers used:
		wreg, status,2, cstack
 Tracked objects:
		On entry : 
		On exit  : 
		Unchanged: 
 Data sizes:     COMRAM   BANK0   BANK1   BANK2   BANK3   BANK4   BANK5   BANK6   BANK7   BANK8   BANK9  BANK10  BANK11  BANK12  BANK13  BANK14  BANK15
      Params:         0       0       0       0       0       0       0       0       0       0       0       0       0       0       0       0       0
      Locals:         1       0       0       0       0       0       0       0       0       0       0       0       0       0       0       0       0
      Temps:          0       0       0       0       0       0       0       0       0       0       0       0       0       0       0       0       0
      Totals:         1       0       0       0       0       0       0       0       0       0       0       0       0       0       0       0       0
Total ram usage:        1 bytes
 Hardware stack levels used:    1
 Hardware stack levels required when called:    1
 This function calls:
		_spiwrite
 This function is called by:
		_Rcmd1
		_Rcmd2red
		_Rcmd3
		_setAddrWindow
		_TFT_GreenTab_Initialize
		_Bcmd
		_setScrollDefinition
		_Rcmd2green
		_VerticalScroll
 This function uses a non-reentrant model


 *************** function _spiwrite *****************
 Defined at:
		line 221 in file "ST7735_TFT.c"
 Parameters:    Size  Location     Type
  spidata         1    wreg     unsigned char 
 Auto vars:     Size  Location     Type
  spidata         1    1[COMRAM] unsigned char 
  x               1    0[COMRAM] unsigned char 
 Return value:  Size  Location     Type
		None               void
 Registers used:
		wreg
 Tracked objects:
		On entry : 
		On exit  : 
		Unchanged: 
 Data sizes:     COMRAM   BANK0   BANK1   BANK2   BANK3   BANK4   BANK5   BANK6   BANK7   BANK8   BANK9  BANK10  BANK11  BANK12  BANK13  BANK14  BANK15
      Params:         0       0       0       0       0       0       0       0       0       0       0       0       0       0       0       0       0
      Locals:         2       0       0       0       0       0       0       0       0       0       0       0       0       0       0       0       0
      Temps:          0       0       0       0       0       0       0       0       0       0       0       0       0       0       0       0       0
      Totals:         2       0       0       0       0       0       0       0       0       0       0       0       0       0       0       0       0
Total ram usage:        2 bytes
 Hardware stack levels used:    1
 This function calls:
		Nothing
 This function is called by:
		_write_command
		_write_data
		_drawFastVLine
		_fillRectangle
		_drawFastHLine
 This function uses a non-reentrant model


 *************** function ___wmul *****************
 Defined at:
		line 15 in file "C:\Program Files (x86)\Microchip\xc8\v1.34\sources\common\Umul16.c"
 Parameters:    Size  Location     Type
  multiplier      2    0[COMRAM] unsigned int 
  multiplicand    2    2[COMRAM] unsigned int 
 Auto vars:     Size  Location     Type
  product         2    4[COMRAM] unsigned int 
 Return value:  Size  Location     Type
                  2    0[COMRAM] unsigned int 
 Registers used:
		wreg, status,2, status,0, prodl, prodh
 Tracked objects:
		On entry : 
		On exit  : 
		Unchanged: 
 Data sizes:     COMRAM   BANK0   BANK1   BANK2   BANK3   BANK4   BANK5   BANK6   BANK7   BANK8   BANK9  BANK10  BANK11  BANK12  BANK13  BANK14  BANK15
      Params:         4       0       0       0       0       0       0       0       0       0       0       0       0       0       0       0       0
      Locals:         2       0       0       0       0       0       0       0       0       0       0       0       0       0       0       0       0
      Temps:          0       0       0       0       0       0       0       0       0       0       0       0       0       0       0       0       0
      Totals:         6       0       0       0       0       0       0       0       0       0       0       0       0       0       0       0       0
Total ram usage:        6 bytes
 Hardware stack levels used:    1
 This function calls:
		Nothing
 This function is called by:
		_delay_ms
		_drawChar
		_main
		_update_LCD_misc
 This function uses a non-reentrant model


 *************** function ___awmod *****************
 Defined at:
		line 8 in file "C:\Program Files (x86)\Microchip\xc8\v1.34\sources\common\awmod.c"
 Parameters:    Size  Location     Type
  dividend        2    0[COMRAM] int 
  divisor         2    2[COMRAM] int 
 Auto vars:     Size  Location     Type
  sign            1    5[COMRAM] unsigned char 
  counter         1    4[COMRAM] unsigned char 
 Return value:  Size  Location     Type
                  2    0[COMRAM] int 
 Registers used:
		wreg, status,2, status,0
 Tracked objects:
		On entry : 
		On exit  : 
		Unchanged: 
 Data sizes:     COMRAM   BANK0   BANK1   BANK2   BANK3   BANK4   BANK5   BANK6   BANK7   BANK8   BANK9  BANK10  BANK11  BANK12  BANK13  BANK14  BANK15
      Params:         4       0       0       0       0       0       0       0       0       0       0       0       0       0       0       0       0
      Locals:         2       0       0       0       0       0       0       0       0       0       0       0       0       0       0       0       0
      Temps:          0       0       0       0       0       0       0       0       0       0       0       0       0       0       0       0       0
      Totals:         6       0       0       0       0       0       0       0       0       0       0       0       0       0       0       0       0
Total ram usage:        6 bytes
 Hardware stack levels used:    1
 This function calls:
		Nothing
 This function is called by:
		_update_LCD_count
		_update_LCD_PED_Count
 This function uses a non-reentrant model


 *************** function ___awdiv *****************
 Defined at:
		line 8 in file "C:\Program Files (x86)\Microchip\xc8\v1.34\sources\common\awdiv.c"
 Parameters:    Size  Location     Type
  dividend        2    0[COMRAM] int 
  divisor         2    2[COMRAM] int 
 Auto vars:     Size  Location     Type
  quotient        2    6[COMRAM] int 
  sign            1    5[COMRAM] unsigned char 
  counter         1    4[COMRAM] unsigned char 
 Return value:  Size  Location     Type
                  2    0[COMRAM] int 
 Registers used:
		wreg, status,2, status,0
 Tracked objects:
		On entry : 
		On exit  : 
		Unchanged: 
 Data sizes:     COMRAM   BANK0   BANK1   BANK2   BANK3   BANK4   BANK5   BANK6   BANK7   BANK8   BANK9  BANK10  BANK11  BANK12  BANK13  BANK14  BANK15
      Params:         4       0       0       0       0       0       0       0       0       0       0       0       0       0       0       0       0
      Locals:         4       0       0       0       0       0       0       0       0       0       0       0       0       0       0       0       0
      Temps:          0       0       0       0       0       0       0       0       0       0       0       0       0       0       0       0       0
      Totals:         8       0       0       0       0       0       0       0       0       0       0       0       0       0       0       0       0
Total ram usage:        8 bytes
 Hardware stack levels used:    1
 This function calls:
		Nothing
 This function is called by:
		_update_LCD_count
		_update_LCD_PED_Count
 This function uses a non-reentrant model


 *************** function _Wait_One_Second_With_Beep *****************
 Defined at:
		line 559 in file "Lab7_sample_S3_F21.c"
 Parameters:    Size  Location     Type
		None
 Auto vars:     Size  Location     Type
		None
 Return value:  Size  Location     Type
		None               void
 Registers used:
		wreg, status,2, cstack
 Tracked objects:
		On entry : 
		On exit  : 
		Unchanged: 
 Data sizes:     COMRAM   BANK0   BANK1   BANK2   BANK3   BANK4   BANK5   BANK6   BANK7   BANK8   BANK9  BANK10  BANK11  BANK12  BANK13  BANK14  BANK15
      Params:         0       0       0       0       0       0       0       0       0       0       0       0       0       0       0       0       0
      Locals:         0       0       0       0       0       0       0       0       0       0       0       0       0       0       0       0       0
      Temps:          0       0       0       0       0       0       0       0       0       0       0       0       0       0       0       0       0
      Totals:         0       0       0       0       0       0       0       0       0       0       0       0       0       0       0       0       0
Total ram usage:        0 bytes
 Hardware stack levels used:    1
 Hardware stack levels required when called:    1
 This function calls:
		_Activate_Buzzer
		_Deactivate_Buzzer
		_Wait_Half_Second
 This function is called by:
		_PED_Control
 This function uses a non-reentrant model


 *************** function _Wait_Half_Second *****************
 Defined at:
		line 569 in file "Lab7_sample_S3_F21.c"
 Parameters:    Size  Location     Type
		None
 Auto vars:     Size  Location     Type
		None
 Return value:  Size  Location     Type
		None               void
 Registers used:
		wreg, status,2
 Tracked objects:
		On entry : 
		On exit  : 
		Unchanged: 
 Data sizes:     COMRAM   BANK0   BANK1   BANK2   BANK3   BANK4   BANK5   BANK6   BANK7   BANK8   BANK9  BANK10  BANK11  BANK12  BANK13  BANK14  BANK15
      Params:         0       0       0       0       0       0       0       0       0       0       0       0       0       0       0       0       0
      Locals:         0       0       0       0       0       0       0       0       0       0       0       0       0       0       0       0       0
      Temps:          0       0       0       0       0       0       0       0       0       0       0       0       0       0       0       0       0
      Totals:         0       0       0       0       0       0       0       0       0       0       0       0       0       0       0       0       0
Total ram usage:        0 bytes
 Hardware stack levels used:    1
 This function calls:
		Nothing
 This function is called by:
		_Wait_One_Second
		_Wait_One_Second_With_Beep
		_Old_Wait_One_Second
 This function uses a non-reentrant model


 *************** function _Deactivate_Buzzer *****************
 Defined at:
		line 391 in file "Lab7_sample_S3_F21.c"
 Parameters:    Size  Location     Type
		None
 Auto vars:     Size  Location     Type
		None
 Return value:  Size  Location     Type
		None               void
 Registers used:
		wreg, status,2
 Tracked objects:
		On entry : 
		On exit  : 
		Unchanged: 
 Data sizes:     COMRAM   BANK0   BANK1   BANK2   BANK3   BANK4   BANK5   BANK6   BANK7   BANK8   BANK9  BANK10  BANK11  BANK12  BANK13  BANK14  BANK15
      Params:         0       0       0       0       0       0       0       0       0       0       0       0       0       0       0       0       0
      Locals:         0       0       0       0       0       0       0       0       0       0       0       0       0       0       0       0       0
      Temps:          0       0       0       0       0       0       0       0       0       0       0       0       0       0       0       0       0
      Totals:         0       0       0       0       0       0       0       0       0       0       0       0       0       0       0       0       0
Total ram usage:        0 bytes
 Hardware stack levels used:    1
 This function calls:
		Nothing
 This function is called by:
		_Wait_One_Second_With_Beep
 This function uses a non-reentrant model


 *************** function _Activate_Buzzer *****************
 Defined at:
		line 383 in file "Lab7_sample_S3_F21.c"
 Parameters:    Size  Location     Type
		None
 Auto vars:     Size  Location     Type
		None
 Return value:  Size  Location     Type
		None               void
 Registers used:
		wreg, status,2
 Tracked objects:
		On entry : 
		On exit  : 
		Unchanged: 
 Data sizes:     COMRAM   BANK0   BANK1   BANK2   BANK3   BANK4   BANK5   BANK6   BANK7   BANK8   BANK9  BANK10  BANK11  BANK12  BANK13  BANK14  BANK15
      Params:         0       0       0       0       0       0       0       0       0       0       0       0       0       0       0       0       0
      Locals:         0       0       0       0       0       0       0       0       0       0       0       0       0       0       0       0       0
      Temps:          0       0       0       0       0       0       0       0       0       0       0       0       0       0       0       0       0
      Totals:         0       0       0       0       0       0       0       0       0       0       0       0       0       0       0       0       0
Total ram usage:        0 bytes
 Hardware stack levels used:    1
 This function calls:
		Nothing
 This function is called by:
		_Wait_One_Second_With_Beep
 This function uses a non-reentrant model



MODULE INFORMATION

Module		Function		Class		Link	Load	Size
Lab7_sample_S3_F21.c
		_Set_EW        		CODE           	DCF0	0000	69
		_Night_Mode    		CODE           	E352	0000	167
		_Init_ADC      		CODE           	D9BE	0000	15
		_Set_NS        		CODE           	DD78	0000	69
		_main          		CODE           	E3F8	0000	169
		_Deactivate_Buz		CODE           	D9B6	0000	9
		_Wait_One_Secon		CODE           	E094	0000	131
		_init_UART     		CODE           	DA38	0000	21
		_Wait_N_Seconds		CODE           	DB34	0000	47
		_Set_EW_LT     		CODE           	DD34	0000	69
		_Day_Mode      		CODE           	E4A0	0000	195
		_Wait_One_Secon		CODE           	DA4C	0000	23
		_Wait_Half_Seco		CODE           	DA62	0000	27
		_update_LCD_col		CODE           	F33C	0000	867
		_Set_NS_LT     		CODE           	DDBC	0000	69
		_update_LCD_cou		CODE           	EE18	0000	383
		_get_full_ADC  		CODE           	DABC	0000	39
		_update_LCD_PED		CODE           	E562	0000	197
		_Initialize_Scr		CODE           	F69E	0000	1823
		_init_IO       		CODE           	DA24	0000	21
		_PED_Control   		CODE           	DB92	0000	51
		_Activate_Buzze		CODE           	D9EC	0000	19
		_update_LCD_mis		CODE           	F144	0000	505

Lab7_sample_S3_F21.c estimated size: 4985

C:\Program Files (x86)\Microchip\xc8\v1.34\sources\common\ftge.c
		___ftge        		CODE           	E2BC	0000	151

C:\Program Files (x86)\Microchip\xc8\v1.34\sources\common\ftge.c estimated size: 151

C:\Program Files (x86)\Microchip\xc8\v1.34\sources\common\float.c
		___ftpack      		CODE           	E626	0000	199

C:\Program Files (x86)\Microchip\xc8\v1.34\sources\common\float.c estimated size: 199

C:\Program Files (x86)\Microchip\xc8\v1.34\sources\pic18\plib\USART\uopen.c
		_OpenUSART     		CODE           	DFA2	0000	113

C:\Program Files (x86)\Microchip\xc8\v1.34\sources\pic18\plib\USART\uopen.c estimated size: 113

C:\Program Files (x86)\Microchip\xc8\v1.34\sources\common\awmod.c
		___awmod       		CODE           	E012	0000	131

C:\Program Files (x86)\Microchip\xc8\v1.34\sources\common\awmod.c estimated size: 131

ST7735_TFT.c
		_drawChar      		CODE           	ECC2	0000	343
		_drawCircle    		CODE           	EF96	0000	431
		_fillScreen    		CODE           	DA7C	0000	29
		_Rcmd3         		CODE           	E988	0000	243
		_write_data    		CODE           	D9DC	0000	17
		_setAddrWindow 		CODE           	DE4A	0000	79
		_drawtext      		CODE           	E7C8	0000	223
		_fillRect      		CODE           	DE00	0000	75
		_LCD_Reset     		CODE           	D9FE	0000	19
		_fillCircle    		CODE           	DE98	0000	83
		_drawPixel     		CODE           	DB62	0000	49
		_fillRectangle 		CODE           	E6EC	0000	221
		_write_command 		CODE           	D9CC	0000	17
		_fillCircleHelp		CODE           	EB8A	0000	313
		_drawFastHLine 		CODE           	E19E	0000	137
		_drawFastVLine 		CODE           	E116	0000	137
		_Rcmd2red      		CODE           	DC70	0000	63
		_TFT_GreenTab_I		CODE           	DB0A	0000	43
		_delay_ms      		CODE           	DEEA	0000	83
		_Rcmd1         		CODE           	EA7A	0000	273
		_drawRect      		CODE           	DF3C	0000	103
		_spiwrite      		CODE           	DA10	0000	21

ST7735_TFT.c estimated size: 3002

C:\Program Files (x86)\Microchip\xc8\v1.34\sources\common\awtoft.c
		___awtoft      		CODE           	DBF6	0000	61

C:\Program Files (x86)\Microchip\xc8\v1.34\sources\common\awtoft.c estimated size: 61

C:\Program Files (x86)\Microchip\xc8\v1.34\sources\common\strlen.c
		_strlen        		CODE           	DC32	0000	63

C:\Program Files (x86)\Microchip\xc8\v1.34\sources\common\strlen.c estimated size: 63

C:\Program Files (x86)\Microchip\xc8\v1.34\sources\common\ftdiv.c
		___ftdiv       		CODE           	E8A6	0000	227

C:\Program Files (x86)\Microchip\xc8\v1.34\sources\common\ftdiv.c estimated size: 227

shared
		_font          		MEDIUMCONST    	FDBD	0000	256
		__initializatio		CODE           	DCAE	0000	57
		_font2         		MEDIUMCONST    	FEBC	0000	221

shared estimated size: 534

C:\Program Files (x86)\Microchip\xc8\v1.34\sources\common\strcpy.c
		_strcpy        		CODE           	DBC4	0000	51

C:\Program Files (x86)\Microchip\xc8\v1.34\sources\common\strcpy.c estimated size: 51

C:\Program Files (x86)\Microchip\xc8\v1.34\sources\common\awdiv.c
		___awdiv       		CODE           	E226	0000	151

C:\Program Files (x86)\Microchip\xc8\v1.34\sources\common\awdiv.c estimated size: 151

C:\Program Files (x86)\Microchip\xc8\v1.34\sources\common\Umul16.c
		___wmul        		CODE           	DAE2	0000	41

C:\Program Files (x86)\Microchip\xc8\v1.34\sources\common\Umul16.c estimated size: 41

